[0.007s] Invoking command in '/home/ozone/robomaster-cv/ros_ws/build/polystar_msgs': /usr/bin/cmake --build /home/ozone/robomaster-cv/ros_ws/build/polystar_msgs -- -j16 -l16
[0.020s] -- Found std_msgs: 5.0.1 (/opt/ros/iron/share/std_msgs/cmake)
[0.225s] -- Found rosidl_generator_c: 4.0.1 (/opt/ros/iron/share/rosidl_generator_c/cmake)
[0.229s] -- Found rosidl_generator_cpp: 4.0.1 (/opt/ros/iron/share/rosidl_generator_cpp/cmake)
[0.237s] -- Using all available rosidl_typesupport_c: rosidl_typesupport_fastrtps_c;rosidl_typesupport_introspection_c
[0.245s] -- Using all available rosidl_typesupport_cpp: rosidl_typesupport_fastrtps_cpp;rosidl_typesupport_introspection_cpp
[0.273s] -- Found rosidl_default_generators: 1.5.0 (/opt/ros/iron/share/rosidl_default_generators/cmake)
[0.277s] -- Found rosidl_adapter: 4.0.1 (/opt/ros/iron/share/rosidl_adapter/cmake)
[0.462s] -- Found ament_cmake_ros: 0.11.2 (/opt/ros/iron/share/ament_cmake_ros/cmake)
[0.624s] -- Using all available rosidl_typesupport_c: rosidl_typesupport_fastrtps_c;rosidl_typesupport_introspection_c
[0.685s] -- Using all available rosidl_typesupport_cpp: rosidl_typesupport_fastrtps_cpp;rosidl_typesupport_introspection_cpp
[0.697s] -- Found python_cmake_module: 0.10.2 (/opt/ros/iron/share/python_cmake_module/cmake)
[0.709s] -- Using PYTHON_EXECUTABLE: /usr/bin/python3
[0.709s] -- Using PYTHON_INCLUDE_DIRS: /usr/include/python3.10
[0.709s] -- Using PYTHON_LIBRARIES: /usr/lib/x86_64-linux-gnu/libpython3.10.so
[0.715s] -- Configuring done
[0.738s] -- Generating done
[0.739s] -- Build files have been written to: /home/ozone/robomaster-cv/ros_ws/build/polystar_msgs
[0.756s] [  1%] [34m[1mGenerating type hashes for ROS interfaces[0m
[0.760s] [  1%] Built target ament_cmake_python_copy_polystar_msgs
[0.878s] running egg_info
[0.878s] writing polystar_msgs.egg-info/PKG-INFO
[0.879s] writing dependency_links to polystar_msgs.egg-info/dependency_links.txt
[0.879s] writing top-level names to polystar_msgs.egg-info/top_level.txt
[0.880s] reading manifest file 'polystar_msgs.egg-info/SOURCES.txt'
[0.880s] writing manifest file 'polystar_msgs.egg-info/SOURCES.txt'
[0.894s] [  1%] Built target ament_cmake_python_build_polystar_msgs_egg
[1.008s] Traceback (most recent call last):
[1.008s]   File "/opt/ros/iron/lib/rosidl_generator_type_description/rosidl_generator_type_description", line 50, in <module>
[1.008s]     sys.exit(main())
[1.008s]   File "/opt/ros/iron/lib/rosidl_generator_type_description/rosidl_generator_type_description", line 46, in main
[1.008s]     generate_type_hash(args.generator_arguments_file)
[1.008s]   File "/opt/ros/iron/lib/python3.10/site-packages/rosidl_generator_type_description/__init__.py", line 160, in generate_type_hash
[1.008s]     pkg_dir = include_map[pkg]
[1.008s] KeyError: 'builtin_interfaces'
[1.020s] gmake[2]: *** [CMakeFiles/polystar_msgs__rosidl_generator_type_description.dir/build.make:91: rosidl_generator_type_description/polystar_msgs/msg/HP.json] Error 1
[1.020s] gmake[1]: *** [CMakeFiles/Makefile2:215: CMakeFiles/polystar_msgs__rosidl_generator_type_description.dir/all] Error 2
[1.020s] gmake: *** [Makefile:146: all] Error 2
[1.021s] Invoked command in '/home/ozone/robomaster-cv/ros_ws/build/polystar_msgs' returned '2': /usr/bin/cmake --build /home/ozone/robomaster-cv/ros_ws/build/polystar_msgs -- -j16 -l16
