[0.011s] Invoking command in '/home/ozone/robomaster-cv/ros_ws/build/polystar_msgs': /usr/bin/cmake --build /home/ozone/robomaster-cv/ros_ws/build/polystar_msgs -- -j16 -l16
[0.166s] [  1%] Built target polystar_msgs__rosidl_generator_type_description
[0.166s] [  1%] Built target polystar_msgs__cpp
[0.166s] [  1%] Built target ament_cmake_python_copy_polystar_msgs
[0.166s] [ 27%] Built target polystar_msgs__rosidl_generator_c
[0.166s] [ 37%] Built target polystar_msgs__rosidl_typesupport_introspection_c
[0.166s] [ 47%] Built target polystar_msgs__rosidl_typesupport_c
[0.166s] [ 57%] Built target polystar_msgs__rosidl_typesupport_fastrtps_c
[0.166s] [ 67%] Built target polystar_msgs__rosidl_typesupport_introspection_cpp
[0.166s] [ 76%] Built target polystar_msgs__rosidl_typesupport_fastrtps_cpp
[0.166s] [ 85%] Built target polystar_msgs__rosidl_typesupport_cpp
[0.167s] [ 85%] Built target polystar_msgs
[0.167s] [ 86%] Built target polystar_msgs__py
[0.167s] [ 94%] Built target polystar_msgs__rosidl_generator_py
[0.167s] [ 97%] Built target polystar_msgs__rosidl_typesupport_fastrtps_c__pyext
[0.167s] [ 98%] Built target polystar_msgs__rosidl_typesupport_introspection_c__pyext
[0.167s] [100%] Built target polystar_msgs__rosidl_typesupport_c__pyext
[0.220s] running egg_info
[0.220s] writing polystar_msgs.egg-info/PKG-INFO
[0.221s] writing dependency_links to polystar_msgs.egg-info/dependency_links.txt
[0.221s] writing top-level names to polystar_msgs.egg-info/top_level.txt
[0.222s] reading manifest file 'polystar_msgs.egg-info/SOURCES.txt'
[0.223s] writing manifest file 'polystar_msgs.egg-info/SOURCES.txt'
[0.237s] [100%] Built target ament_cmake_python_build_polystar_msgs_egg
[0.243s] Invoked command in '/home/ozone/robomaster-cv/ros_ws/build/polystar_msgs' returned '0': /usr/bin/cmake --build /home/ozone/robomaster-cv/ros_ws/build/polystar_msgs -- -j16 -l16
[0.369s] Invoking command in '/home/ozone/robomaster-cv/ros_ws/build/polystar_msgs': /usr/bin/cmake --install /home/ozone/robomaster-cv/ros_ws/build/polystar_msgs
[0.373s] -- Install configuration: ""
[0.373s] -- Up-to-date: /home/ozone/robomaster-cv/ros_ws/install/polystar_msgs/share/ament_index/resource_index/rosidl_interfaces/polystar_msgs
[0.373s] -- Up-to-date: /home/ozone/robomaster-cv/ros_ws/install/polystar_msgs/share/polystar_msgs/msg/HP.json
[0.373s] -- Up-to-date: /home/ozone/robomaster-cv/ros_ws/install/polystar_msgs/share/polystar_msgs/msg/SwitchOrder.json
[0.373s] -- Up-to-date: /home/ozone/robomaster-cv/ros_ws/install/polystar_msgs/share/polystar_msgs/msg/Target.json
[0.373s] -- Up-to-date: /home/ozone/robomaster-cv/ros_ws/install/polystar_msgs/share/polystar_msgs/msg/Movement.json
[0.373s] -- Up-to-date: /home/ozone/robomaster-cv/ros_ws/install/polystar_msgs/share/polystar_msgs/msg/GameStatus.json
[0.373s] -- Up-to-date: /home/ozone/robomaster-cv/ros_ws/install/polystar_msgs/share/polystar_msgs/msg/GameStage.json
[0.373s] -- Up-to-date: /home/ozone/robomaster-cv/ros_ws/install/polystar_msgs/share/polystar_msgs/msg/TurretFeedback.json
[0.373s] -- Up-to-date: /home/ozone/robomaster-cv/ros_ws/install/polystar_msgs/share/polystar_msgs/msg/PositionFeedback.json
[0.374s] -- Up-to-date: /home/ozone/robomaster-cv/ros_ws/install/polystar_msgs/share/polystar_msgs/msg/Shoot.json
[0.374s] -- Up-to-date: /home/ozone/robomaster-cv/ros_ws/install/polystar_msgs/include/polystar_msgs/polystar_msgs
[0.374s] -- Up-to-date: /home/ozone/robomaster-cv/ros_ws/install/polystar_msgs/include/polystar_msgs/polystar_msgs/msg
[0.374s] -- Up-to-date: /home/ozone/robomaster-cv/ros_ws/install/polystar_msgs/include/polystar_msgs/polystar_msgs/msg/game_status.h
[0.374s] -- Up-to-date: /home/ozone/robomaster-cv/ros_ws/install/polystar_msgs/include/polystar_msgs/polystar_msgs/msg/switch_order.h
[0.374s] -- Up-to-date: /home/ozone/robomaster-cv/ros_ws/install/polystar_msgs/include/polystar_msgs/polystar_msgs/msg/game_stage.h
[0.374s] -- Up-to-date: /home/ozone/robomaster-cv/ros_ws/install/polystar_msgs/include/polystar_msgs/polystar_msgs/msg/movement.h
[0.374s] -- Up-to-date: /home/ozone/robomaster-cv/ros_ws/install/polystar_msgs/include/polystar_msgs/polystar_msgs/msg/rosidl_generator_c__visibility_control.h
[0.375s] -- Up-to-date: /home/ozone/robomaster-cv/ros_ws/install/polystar_msgs/include/polystar_msgs/polystar_msgs/msg/target.h
[0.375s] -- Up-to-date: /home/ozone/robomaster-cv/ros_ws/install/polystar_msgs/include/polystar_msgs/polystar_msgs/msg/turret_feedback.h
[0.375s] -- Up-to-date: /home/ozone/robomaster-cv/ros_ws/install/polystar_msgs/include/polystar_msgs/polystar_msgs/msg/position_feedback.h
[0.375s] -- Up-to-date: /home/ozone/robomaster-cv/ros_ws/install/polystar_msgs/include/polystar_msgs/polystar_msgs/msg/shoot.h
[0.375s] -- Up-to-date: /home/ozone/robomaster-cv/ros_ws/install/polystar_msgs/include/polystar_msgs/polystar_msgs/msg/detail
[0.375s] -- Up-to-date: /home/ozone/robomaster-cv/ros_ws/install/polystar_msgs/include/polystar_msgs/polystar_msgs/msg/detail/shoot__struct.h
[0.375s] -- Up-to-date: /home/ozone/robomaster-cv/ros_ws/install/polystar_msgs/include/polystar_msgs/polystar_msgs/msg/detail/turret_feedback__description.c
[0.375s] -- Up-to-date: /home/ozone/robomaster-cv/ros_ws/install/polystar_msgs/include/polystar_msgs/polystar_msgs/msg/detail/turret_feedback__struct.h
[0.375s] -- Up-to-date: /home/ozone/robomaster-cv/ros_ws/install/polystar_msgs/include/polystar_msgs/polystar_msgs/msg/detail/hp__type_support.h
[0.375s] -- Up-to-date: /home/ozone/robomaster-cv/ros_ws/install/polystar_msgs/include/polystar_msgs/polystar_msgs/msg/detail/game_status__functions.c
[0.375s] -- Up-to-date: /home/ozone/robomaster-cv/ros_ws/install/polystar_msgs/include/polystar_msgs/polystar_msgs/msg/detail/position_feedback__type_support.c
[0.375s] -- Up-to-date: /home/ozone/robomaster-cv/ros_ws/install/polystar_msgs/include/polystar_msgs/polystar_msgs/msg/detail/hp__functions.c
[0.375s] -- Up-to-date: /home/ozone/robomaster-cv/ros_ws/install/polystar_msgs/include/polystar_msgs/polystar_msgs/msg/detail/switch_order__type_support.c
[0.375s] -- Up-to-date: /home/ozone/robomaster-cv/ros_ws/install/polystar_msgs/include/polystar_msgs/polystar_msgs/msg/detail/hp__struct.h
[0.375s] -- Up-to-date: /home/ozone/robomaster-cv/ros_ws/install/polystar_msgs/include/polystar_msgs/polystar_msgs/msg/detail/movement__type_support.h
[0.376s] -- Up-to-date: /home/ozone/robomaster-cv/ros_ws/install/polystar_msgs/include/polystar_msgs/polystar_msgs/msg/detail/switch_order__functions.c
[0.376s] -- Up-to-date: /home/ozone/robomaster-cv/ros_ws/install/polystar_msgs/include/polystar_msgs/polystar_msgs/msg/detail/target__type_support.h
[0.376s] -- Up-to-date: /home/ozone/robomaster-cv/ros_ws/install/polystar_msgs/include/polystar_msgs/polystar_msgs/msg/detail/target__functions.h
[0.376s] -- Up-to-date: /home/ozone/robomaster-cv/ros_ws/install/polystar_msgs/include/polystar_msgs/polystar_msgs/msg/detail/position_feedback__functions.c
[0.376s] -- Up-to-date: /home/ozone/robomaster-cv/ros_ws/install/polystar_msgs/include/polystar_msgs/polystar_msgs/msg/detail/game_status__type_support.h
[0.376s] -- Up-to-date: /home/ozone/robomaster-cv/ros_ws/install/polystar_msgs/include/polystar_msgs/polystar_msgs/msg/detail/hp__description.c
[0.376s] -- Up-to-date: /home/ozone/robomaster-cv/ros_ws/install/polystar_msgs/include/polystar_msgs/polystar_msgs/msg/detail/game_status__type_support.c
[0.376s] -- Up-to-date: /home/ozone/robomaster-cv/ros_ws/install/polystar_msgs/include/polystar_msgs/polystar_msgs/msg/detail/game_stage__description.c
[0.376s] -- Up-to-date: /home/ozone/robomaster-cv/ros_ws/install/polystar_msgs/include/polystar_msgs/polystar_msgs/msg/detail/shoot__functions.c
[0.376s] -- Up-to-date: /home/ozone/robomaster-cv/ros_ws/install/polystar_msgs/include/polystar_msgs/polystar_msgs/msg/detail/turret_feedback__functions.h
[0.376s] -- Up-to-date: /home/ozone/robomaster-cv/ros_ws/install/polystar_msgs/include/polystar_msgs/polystar_msgs/msg/detail/target__type_support.c
[0.377s] -- Up-to-date: /home/ozone/robomaster-cv/ros_ws/install/polystar_msgs/include/polystar_msgs/polystar_msgs/msg/detail/switch_order__struct.h
[0.377s] -- Up-to-date: /home/ozone/robomaster-cv/ros_ws/install/polystar_msgs/include/polystar_msgs/polystar_msgs/msg/detail/turret_feedback__type_support.c
[0.377s] -- Up-to-date: /home/ozone/robomaster-cv/ros_ws/install/polystar_msgs/include/polystar_msgs/polystar_msgs/msg/detail/movement__struct.h
[0.377s] -- Up-to-date: /home/ozone/robomaster-cv/ros_ws/install/polystar_msgs/include/polystar_msgs/polystar_msgs/msg/detail/shoot__type_support.c
[0.377s] -- Up-to-date: /home/ozone/robomaster-cv/ros_ws/install/polystar_msgs/include/polystar_msgs/polystar_msgs/msg/detail/position_feedback__description.c
[0.377s] -- Up-to-date: /home/ozone/robomaster-cv/ros_ws/install/polystar_msgs/include/polystar_msgs/polystar_msgs/msg/detail/target__functions.c
[0.377s] -- Up-to-date: /home/ozone/robomaster-cv/ros_ws/install/polystar_msgs/include/polystar_msgs/polystar_msgs/msg/detail/game_stage__functions.h
[0.377s] -- Up-to-date: /home/ozone/robomaster-cv/ros_ws/install/polystar_msgs/include/polystar_msgs/polystar_msgs/msg/detail/shoot__functions.h
[0.377s] -- Up-to-date: /home/ozone/robomaster-cv/ros_ws/install/polystar_msgs/include/polystar_msgs/polystar_msgs/msg/detail/hp__type_support.c
[0.377s] -- Up-to-date: /home/ozone/robomaster-cv/ros_ws/install/polystar_msgs/include/polystar_msgs/polystar_msgs/msg/detail/target__description.c
[0.377s] -- Up-to-date: /home/ozone/robomaster-cv/ros_ws/install/polystar_msgs/include/polystar_msgs/polystar_msgs/msg/detail/game_status__struct.h
[0.377s] -- Up-to-date: /home/ozone/robomaster-cv/ros_ws/install/polystar_msgs/include/polystar_msgs/polystar_msgs/msg/detail/game_stage__type_support.c
[0.377s] -- Up-to-date: /home/ozone/robomaster-cv/ros_ws/install/polystar_msgs/include/polystar_msgs/polystar_msgs/msg/detail/game_stage__functions.c
[0.377s] -- Up-to-date: /home/ozone/robomaster-cv/ros_ws/install/polystar_msgs/include/polystar_msgs/polystar_msgs/msg/detail/position_feedback__functions.h
[0.378s] -- Up-to-date: /home/ozone/robomaster-cv/ros_ws/install/polystar_msgs/include/polystar_msgs/polystar_msgs/msg/detail/hp__functions.h
[0.378s] -- Up-to-date: /home/ozone/robomaster-cv/ros_ws/install/polystar_msgs/include/polystar_msgs/polystar_msgs/msg/detail/position_feedback__type_support.h
[0.378s] -- Up-to-date: /home/ozone/robomaster-cv/ros_ws/install/polystar_msgs/include/polystar_msgs/polystar_msgs/msg/detail/game_stage__struct.h
[0.378s] -- Up-to-date: /home/ozone/robomaster-cv/ros_ws/install/polystar_msgs/include/polystar_msgs/polystar_msgs/msg/detail/turret_feedback__type_support.h
[0.378s] -- Up-to-date: /home/ozone/robomaster-cv/ros_ws/install/polystar_msgs/include/polystar_msgs/polystar_msgs/msg/detail/game_status__description.c
[0.378s] -- Up-to-date: /home/ozone/robomaster-cv/ros_ws/install/polystar_msgs/include/polystar_msgs/polystar_msgs/msg/detail/switch_order__description.c
[0.378s] -- Up-to-date: /home/ozone/robomaster-cv/ros_ws/install/polystar_msgs/include/polystar_msgs/polystar_msgs/msg/detail/movement__description.c
[0.378s] -- Up-to-date: /home/ozone/robomaster-cv/ros_ws/install/polystar_msgs/include/polystar_msgs/polystar_msgs/msg/detail/target__struct.h
[0.378s] -- Up-to-date: /home/ozone/robomaster-cv/ros_ws/install/polystar_msgs/include/polystar_msgs/polystar_msgs/msg/detail/movement__functions.c
[0.378s] -- Up-to-date: /home/ozone/robomaster-cv/ros_ws/install/polystar_msgs/include/polystar_msgs/polystar_msgs/msg/detail/game_status__functions.h
[0.378s] -- Up-to-date: /home/ozone/robomaster-cv/ros_ws/install/polystar_msgs/include/polystar_msgs/polystar_msgs/msg/detail/switch_order__functions.h
[0.379s] -- Up-to-date: /home/ozone/robomaster-cv/ros_ws/install/polystar_msgs/include/polystar_msgs/polystar_msgs/msg/detail/movement__functions.h
[0.379s] -- Up-to-date: /home/ozone/robomaster-cv/ros_ws/install/polystar_msgs/include/polystar_msgs/polystar_msgs/msg/detail/game_stage__type_support.h
[0.379s] -- Up-to-date: /home/ozone/robomaster-cv/ros_ws/install/polystar_msgs/include/polystar_msgs/polystar_msgs/msg/detail/shoot__type_support.h
[0.379s] -- Up-to-date: /home/ozone/robomaster-cv/ros_ws/install/polystar_msgs/include/polystar_msgs/polystar_msgs/msg/detail/position_feedback__struct.h
[0.379s] -- Up-to-date: /home/ozone/robomaster-cv/ros_ws/install/polystar_msgs/include/polystar_msgs/polystar_msgs/msg/detail/movement__type_support.c
[0.379s] -- Up-to-date: /home/ozone/robomaster-cv/ros_ws/install/polystar_msgs/include/polystar_msgs/polystar_msgs/msg/detail/shoot__description.c
[0.379s] -- Up-to-date: /home/ozone/robomaster-cv/ros_ws/install/polystar_msgs/include/polystar_msgs/polystar_msgs/msg/detail/turret_feedback__functions.c
[0.379s] -- Up-to-date: /home/ozone/robomaster-cv/ros_ws/install/polystar_msgs/include/polystar_msgs/polystar_msgs/msg/detail/switch_order__type_support.h
[0.379s] -- Up-to-date: /home/ozone/robomaster-cv/ros_ws/install/polystar_msgs/include/polystar_msgs/polystar_msgs/msg/hp.h
[0.379s] -- Up-to-date: /home/ozone/robomaster-cv/ros_ws/install/polystar_msgs/share/polystar_msgs/environment/library_path.sh
[0.379s] -- Up-to-date: /home/ozone/robomaster-cv/ros_ws/install/polystar_msgs/share/polystar_msgs/environment/library_path.dsv
[0.379s] -- Up-to-date: /home/ozone/robomaster-cv/ros_ws/install/polystar_msgs/lib/libpolystar_msgs__rosidl_generator_c.so
[0.379s] -- Up-to-date: /home/ozone/robomaster-cv/ros_ws/install/polystar_msgs/include/polystar_msgs/polystar_msgs
[0.380s] -- Up-to-date: /home/ozone/robomaster-cv/ros_ws/install/polystar_msgs/include/polystar_msgs/polystar_msgs/msg
[0.380s] -- Up-to-date: /home/ozone/robomaster-cv/ros_ws/install/polystar_msgs/include/polystar_msgs/polystar_msgs/msg/detail
[0.380s] -- Up-to-date: /home/ozone/robomaster-cv/ros_ws/install/polystar_msgs/include/polystar_msgs/polystar_msgs/msg/detail/turret_feedback__rosidl_typesupport_fastrtps_c.h
[0.380s] -- Up-to-date: /home/ozone/robomaster-cv/ros_ws/install/polystar_msgs/include/polystar_msgs/polystar_msgs/msg/detail/shoot__rosidl_typesupport_fastrtps_c.h
[0.380s] -- Up-to-date: /home/ozone/robomaster-cv/ros_ws/install/polystar_msgs/include/polystar_msgs/polystar_msgs/msg/detail/movement__rosidl_typesupport_fastrtps_c.h
[0.380s] -- Up-to-date: /home/ozone/robomaster-cv/ros_ws/install/polystar_msgs/include/polystar_msgs/polystar_msgs/msg/detail/hp__rosidl_typesupport_fastrtps_c.h
[0.380s] -- Up-to-date: /home/ozone/robomaster-cv/ros_ws/install/polystar_msgs/include/polystar_msgs/polystar_msgs/msg/detail/game_stage__rosidl_typesupport_fastrtps_c.h
[0.380s] -- Up-to-date: /home/ozone/robomaster-cv/ros_ws/install/polystar_msgs/include/polystar_msgs/polystar_msgs/msg/detail/target__rosidl_typesupport_fastrtps_c.h
[0.380s] -- Up-to-date: /home/ozone/robomaster-cv/ros_ws/install/polystar_msgs/include/polystar_msgs/polystar_msgs/msg/detail/switch_order__rosidl_typesupport_fastrtps_c.h
[0.380s] -- Up-to-date: /home/ozone/robomaster-cv/ros_ws/install/polystar_msgs/include/polystar_msgs/polystar_msgs/msg/detail/game_status__rosidl_typesupport_fastrtps_c.h
[0.380s] -- Up-to-date: /home/ozone/robomaster-cv/ros_ws/install/polystar_msgs/include/polystar_msgs/polystar_msgs/msg/detail/position_feedback__rosidl_typesupport_fastrtps_c.h
[0.381s] -- Up-to-date: /home/ozone/robomaster-cv/ros_ws/install/polystar_msgs/include/polystar_msgs/polystar_msgs/msg/rosidl_typesupport_fastrtps_c__visibility_control.h
[0.381s] -- Up-to-date: /home/ozone/robomaster-cv/ros_ws/install/polystar_msgs/lib/libpolystar_msgs__rosidl_typesupport_fastrtps_c.so
[0.381s] -- Up-to-date: /home/ozone/robomaster-cv/ros_ws/install/polystar_msgs/include/polystar_msgs/polystar_msgs
[0.381s] -- Up-to-date: /home/ozone/robomaster-cv/ros_ws/install/polystar_msgs/include/polystar_msgs/polystar_msgs/msg
[0.381s] -- Up-to-date: /home/ozone/robomaster-cv/ros_ws/install/polystar_msgs/include/polystar_msgs/polystar_msgs/msg/target.hpp
[0.381s] -- Up-to-date: /home/ozone/robomaster-cv/ros_ws/install/polystar_msgs/include/polystar_msgs/polystar_msgs/msg/game_stage.hpp
[0.381s] -- Up-to-date: /home/ozone/robomaster-cv/ros_ws/install/polystar_msgs/include/polystar_msgs/polystar_msgs/msg/hp.hpp
[0.381s] -- Up-to-date: /home/ozone/robomaster-cv/ros_ws/install/polystar_msgs/include/polystar_msgs/polystar_msgs/msg/switch_order.hpp
[0.381s] -- Up-to-date: /home/ozone/robomaster-cv/ros_ws/install/polystar_msgs/include/polystar_msgs/polystar_msgs/msg/shoot.hpp
[0.381s] -- Up-to-date: /home/ozone/robomaster-cv/ros_ws/install/polystar_msgs/include/polystar_msgs/polystar_msgs/msg/game_status.hpp
[0.381s] -- Up-to-date: /home/ozone/robomaster-cv/ros_ws/install/polystar_msgs/include/polystar_msgs/polystar_msgs/msg/position_feedback.hpp
[0.381s] -- Up-to-date: /home/ozone/robomaster-cv/ros_ws/install/polystar_msgs/include/polystar_msgs/polystar_msgs/msg/turret_feedback.hpp
[0.381s] -- Up-to-date: /home/ozone/robomaster-cv/ros_ws/install/polystar_msgs/include/polystar_msgs/polystar_msgs/msg/movement.hpp
[0.381s] -- Up-to-date: /home/ozone/robomaster-cv/ros_ws/install/polystar_msgs/include/polystar_msgs/polystar_msgs/msg/detail
[0.381s] -- Up-to-date: /home/ozone/robomaster-cv/ros_ws/install/polystar_msgs/include/polystar_msgs/polystar_msgs/msg/detail/shoot__traits.hpp
[0.381s] -- Up-to-date: /home/ozone/robomaster-cv/ros_ws/install/polystar_msgs/include/polystar_msgs/polystar_msgs/msg/detail/game_stage__traits.hpp
[0.381s] -- Up-to-date: /home/ozone/robomaster-cv/ros_ws/install/polystar_msgs/include/polystar_msgs/polystar_msgs/msg/detail/movement__traits.hpp
[0.381s] -- Up-to-date: /home/ozone/robomaster-cv/ros_ws/install/polystar_msgs/include/polystar_msgs/polystar_msgs/msg/detail/position_feedback__traits.hpp
[0.381s] -- Up-to-date: /home/ozone/robomaster-cv/ros_ws/install/polystar_msgs/include/polystar_msgs/polystar_msgs/msg/detail/switch_order__traits.hpp
[0.381s] -- Up-to-date: /home/ozone/robomaster-cv/ros_ws/install/polystar_msgs/include/polystar_msgs/polystar_msgs/msg/detail/shoot__struct.hpp
[0.381s] -- Up-to-date: /home/ozone/robomaster-cv/ros_ws/install/polystar_msgs/include/polystar_msgs/polystar_msgs/msg/detail/movement__builder.hpp
[0.381s] -- Up-to-date: /home/ozone/robomaster-cv/ros_ws/install/polystar_msgs/include/polystar_msgs/polystar_msgs/msg/detail/turret_feedback__struct.hpp
[0.381s] -- Up-to-date: /home/ozone/robomaster-cv/ros_ws/install/polystar_msgs/include/polystar_msgs/polystar_msgs/msg/detail/shoot__builder.hpp
[0.381s] -- Up-to-date: /home/ozone/robomaster-cv/ros_ws/install/polystar_msgs/include/polystar_msgs/polystar_msgs/msg/detail/hp__traits.hpp
[0.381s] -- Up-to-date: /home/ozone/robomaster-cv/ros_ws/install/polystar_msgs/include/polystar_msgs/polystar_msgs/msg/detail/switch_order__struct.hpp
[0.381s] -- Up-to-date: /home/ozone/robomaster-cv/ros_ws/install/polystar_msgs/include/polystar_msgs/polystar_msgs/msg/detail/target__builder.hpp
[0.381s] -- Up-to-date: /home/ozone/robomaster-cv/ros_ws/install/polystar_msgs/include/polystar_msgs/polystar_msgs/msg/detail/game_status__struct.hpp
[0.381s] -- Up-to-date: /home/ozone/robomaster-cv/ros_ws/install/polystar_msgs/include/polystar_msgs/polystar_msgs/msg/detail/turret_feedback__builder.hpp
[0.381s] -- Up-to-date: /home/ozone/robomaster-cv/ros_ws/install/polystar_msgs/include/polystar_msgs/polystar_msgs/msg/detail/turret_feedback__traits.hpp
[0.382s] -- Up-to-date: /home/ozone/robomaster-cv/ros_ws/install/polystar_msgs/include/polystar_msgs/polystar_msgs/msg/detail/game_stage__builder.hpp
[0.382s] -- Up-to-date: /home/ozone/robomaster-cv/ros_ws/install/polystar_msgs/include/polystar_msgs/polystar_msgs/msg/detail/target__traits.hpp
[0.382s] -- Up-to-date: /home/ozone/robomaster-cv/ros_ws/install/polystar_msgs/include/polystar_msgs/polystar_msgs/msg/detail/position_feedback__builder.hpp
[0.382s] -- Up-to-date: /home/ozone/robomaster-cv/ros_ws/install/polystar_msgs/include/polystar_msgs/polystar_msgs/msg/detail/target__struct.hpp
[0.382s] -- Up-to-date: /home/ozone/robomaster-cv/ros_ws/install/polystar_msgs/include/polystar_msgs/polystar_msgs/msg/detail/movement__struct.hpp
[0.382s] -- Up-to-date: /home/ozone/robomaster-cv/ros_ws/install/polystar_msgs/include/polystar_msgs/polystar_msgs/msg/detail/position_feedback__struct.hpp
[0.382s] -- Up-to-date: /home/ozone/robomaster-cv/ros_ws/install/polystar_msgs/include/polystar_msgs/polystar_msgs/msg/detail/hp__builder.hpp
[0.382s] -- Up-to-date: /home/ozone/robomaster-cv/ros_ws/install/polystar_msgs/include/polystar_msgs/polystar_msgs/msg/detail/hp__struct.hpp
[0.382s] -- Up-to-date: /home/ozone/robomaster-cv/ros_ws/install/polystar_msgs/include/polystar_msgs/polystar_msgs/msg/detail/game_stage__struct.hpp
[0.382s] -- Up-to-date: /home/ozone/robomaster-cv/ros_ws/install/polystar_msgs/include/polystar_msgs/polystar_msgs/msg/detail/game_status__traits.hpp
[0.382s] -- Up-to-date: /home/ozone/robomaster-cv/ros_ws/install/polystar_msgs/include/polystar_msgs/polystar_msgs/msg/detail/switch_order__builder.hpp
[0.382s] -- Up-to-date: /home/ozone/robomaster-cv/ros_ws/install/polystar_msgs/include/polystar_msgs/polystar_msgs/msg/detail/game_status__builder.hpp
[0.382s] -- Up-to-date: /home/ozone/robomaster-cv/ros_ws/install/polystar_msgs/include/polystar_msgs/polystar_msgs
[0.382s] -- Up-to-date: /home/ozone/robomaster-cv/ros_ws/install/polystar_msgs/include/polystar_msgs/polystar_msgs/msg
[0.383s] -- Up-to-date: /home/ozone/robomaster-cv/ros_ws/install/polystar_msgs/include/polystar_msgs/polystar_msgs/msg/rosidl_typesupport_fastrtps_cpp__visibility_control.h
[0.383s] -- Up-to-date: /home/ozone/robomaster-cv/ros_ws/install/polystar_msgs/include/polystar_msgs/polystar_msgs/msg/detail
[0.383s] -- Up-to-date: /home/ozone/robomaster-cv/ros_ws/install/polystar_msgs/include/polystar_msgs/polystar_msgs/msg/detail/game_stage__rosidl_typesupport_fastrtps_cpp.hpp
[0.383s] -- Up-to-date: /home/ozone/robomaster-cv/ros_ws/install/polystar_msgs/include/polystar_msgs/polystar_msgs/msg/detail/turret_feedback__rosidl_typesupport_fastrtps_cpp.hpp
[0.383s] -- Up-to-date: /home/ozone/robomaster-cv/ros_ws/install/polystar_msgs/include/polystar_msgs/polystar_msgs/msg/detail/switch_order__rosidl_typesupport_fastrtps_cpp.hpp
[0.383s] -- Up-to-date: /home/ozone/robomaster-cv/ros_ws/install/polystar_msgs/include/polystar_msgs/polystar_msgs/msg/detail/movement__rosidl_typesupport_fastrtps_cpp.hpp
[0.383s] -- Up-to-date: /home/ozone/robomaster-cv/ros_ws/install/polystar_msgs/include/polystar_msgs/polystar_msgs/msg/detail/position_feedback__rosidl_typesupport_fastrtps_cpp.hpp
[0.383s] -- Up-to-date: /home/ozone/robomaster-cv/ros_ws/install/polystar_msgs/include/polystar_msgs/polystar_msgs/msg/detail/game_status__rosidl_typesupport_fastrtps_cpp.hpp
[0.383s] -- Up-to-date: /home/ozone/robomaster-cv/ros_ws/install/polystar_msgs/include/polystar_msgs/polystar_msgs/msg/detail/target__rosidl_typesupport_fastrtps_cpp.hpp
[0.383s] -- Up-to-date: /home/ozone/robomaster-cv/ros_ws/install/polystar_msgs/include/polystar_msgs/polystar_msgs/msg/detail/dds_fastrtps
[0.383s] -- Up-to-date: /home/ozone/robomaster-cv/ros_ws/install/polystar_msgs/include/polystar_msgs/polystar_msgs/msg/detail/hp__rosidl_typesupport_fastrtps_cpp.hpp
[0.383s] -- Up-to-date: /home/ozone/robomaster-cv/ros_ws/install/polystar_msgs/include/polystar_msgs/polystar_msgs/msg/detail/shoot__rosidl_typesupport_fastrtps_cpp.hpp
[0.384s] -- Up-to-date: /home/ozone/robomaster-cv/ros_ws/install/polystar_msgs/lib/libpolystar_msgs__rosidl_typesupport_fastrtps_cpp.so
[0.384s] -- Up-to-date: /home/ozone/robomaster-cv/ros_ws/install/polystar_msgs/include/polystar_msgs/polystar_msgs
[0.384s] -- Up-to-date: /home/ozone/robomaster-cv/ros_ws/install/polystar_msgs/include/polystar_msgs/polystar_msgs/msg
[0.384s] -- Up-to-date: /home/ozone/robomaster-cv/ros_ws/install/polystar_msgs/include/polystar_msgs/polystar_msgs/msg/rosidl_typesupport_introspection_c__visibility_control.h
[0.384s] -- Up-to-date: /home/ozone/robomaster-cv/ros_ws/install/polystar_msgs/include/polystar_msgs/polystar_msgs/msg/detail
[0.384s] -- Up-to-date: /home/ozone/robomaster-cv/ros_ws/install/polystar_msgs/include/polystar_msgs/polystar_msgs/msg/detail/switch_order__rosidl_typesupport_introspection_c.h
[0.384s] -- Up-to-date: /home/ozone/robomaster-cv/ros_ws/install/polystar_msgs/include/polystar_msgs/polystar_msgs/msg/detail/position_feedback__type_support.c
[0.384s] -- Up-to-date: /home/ozone/robomaster-cv/ros_ws/install/polystar_msgs/include/polystar_msgs/polystar_msgs/msg/detail/switch_order__type_support.c
[0.384s] -- Up-to-date: /home/ozone/robomaster-cv/ros_ws/install/polystar_msgs/include/polystar_msgs/polystar_msgs/msg/detail/game_stage__rosidl_typesupport_introspection_c.h
[0.384s] -- Up-to-date: /home/ozone/robomaster-cv/ros_ws/install/polystar_msgs/include/polystar_msgs/polystar_msgs/msg/detail/target__rosidl_typesupport_introspection_c.h
[0.384s] -- Up-to-date: /home/ozone/robomaster-cv/ros_ws/install/polystar_msgs/include/polystar_msgs/polystar_msgs/msg/detail/game_status__type_support.c
[0.384s] -- Up-to-date: /home/ozone/robomaster-cv/ros_ws/install/polystar_msgs/include/polystar_msgs/polystar_msgs/msg/detail/target__type_support.c
[0.384s] -- Up-to-date: /home/ozone/robomaster-cv/ros_ws/install/polystar_msgs/include/polystar_msgs/polystar_msgs/msg/detail/hp__rosidl_typesupport_introspection_c.h
[0.384s] -- Up-to-date: /home/ozone/robomaster-cv/ros_ws/install/polystar_msgs/include/polystar_msgs/polystar_msgs/msg/detail/shoot__rosidl_typesupport_introspection_c.h
[0.384s] -- Up-to-date: /home/ozone/robomaster-cv/ros_ws/install/polystar_msgs/include/polystar_msgs/polystar_msgs/msg/detail/turret_feedback__type_support.c
[0.384s] -- Up-to-date: /home/ozone/robomaster-cv/ros_ws/install/polystar_msgs/include/polystar_msgs/polystar_msgs/msg/detail/movement__rosidl_typesupport_introspection_c.h
[0.384s] -- Up-to-date: /home/ozone/robomaster-cv/ros_ws/install/polystar_msgs/include/polystar_msgs/polystar_msgs/msg/detail/shoot__type_support.c
[0.384s] -- Up-to-date: /home/ozone/robomaster-cv/ros_ws/install/polystar_msgs/include/polystar_msgs/polystar_msgs/msg/detail/hp__type_support.c
[0.384s] -- Up-to-date: /home/ozone/robomaster-cv/ros_ws/install/polystar_msgs/include/polystar_msgs/polystar_msgs/msg/detail/game_stage__type_support.c
[0.385s] -- Up-to-date: /home/ozone/robomaster-cv/ros_ws/install/polystar_msgs/include/polystar_msgs/polystar_msgs/msg/detail/turret_feedback__rosidl_typesupport_introspection_c.h
[0.385s] -- Up-to-date: /home/ozone/robomaster-cv/ros_ws/install/polystar_msgs/include/polystar_msgs/polystar_msgs/msg/detail/position_feedback__rosidl_typesupport_introspection_c.h
[0.385s] -- Up-to-date: /home/ozone/robomaster-cv/ros_ws/install/polystar_msgs/include/polystar_msgs/polystar_msgs/msg/detail/game_status__rosidl_typesupport_introspection_c.h
[0.385s] -- Up-to-date: /home/ozone/robomaster-cv/ros_ws/install/polystar_msgs/include/polystar_msgs/polystar_msgs/msg/detail/movement__type_support.c
[0.385s] -- Up-to-date: /home/ozone/robomaster-cv/ros_ws/install/polystar_msgs/lib/libpolystar_msgs__rosidl_typesupport_introspection_c.so
[0.385s] -- Up-to-date: /home/ozone/robomaster-cv/ros_ws/install/polystar_msgs/lib/libpolystar_msgs__rosidl_typesupport_c.so
[0.385s] -- Up-to-date: /home/ozone/robomaster-cv/ros_ws/install/polystar_msgs/include/polystar_msgs/polystar_msgs
[0.385s] -- Up-to-date: /home/ozone/robomaster-cv/ros_ws/install/polystar_msgs/include/polystar_msgs/polystar_msgs/msg
[0.385s] -- Up-to-date: /home/ozone/robomaster-cv/ros_ws/install/polystar_msgs/include/polystar_msgs/polystar_msgs/msg/detail
[0.385s] -- Up-to-date: /home/ozone/robomaster-cv/ros_ws/install/polystar_msgs/include/polystar_msgs/polystar_msgs/msg/detail/target__type_support.cpp
[0.385s] -- Up-to-date: /home/ozone/robomaster-cv/ros_ws/install/polystar_msgs/include/polystar_msgs/polystar_msgs/msg/detail/hp__rosidl_typesupport_introspection_cpp.hpp
[0.385s] -- Up-to-date: /home/ozone/robomaster-cv/ros_ws/install/polystar_msgs/include/polystar_msgs/polystar_msgs/msg/detail/game_stage__type_support.cpp
[0.385s] -- Up-to-date: /home/ozone/robomaster-cv/ros_ws/install/polystar_msgs/include/polystar_msgs/polystar_msgs/msg/detail/switch_order__rosidl_typesupport_introspection_cpp.hpp
[0.385s] -- Up-to-date: /home/ozone/robomaster-cv/ros_ws/install/polystar_msgs/include/polystar_msgs/polystar_msgs/msg/detail/movement__type_support.cpp
[0.385s] -- Up-to-date: /home/ozone/robomaster-cv/ros_ws/install/polystar_msgs/include/polystar_msgs/polystar_msgs/msg/detail/turret_feedback__rosidl_typesupport_introspection_cpp.hpp
[0.386s] -- Up-to-date: /home/ozone/robomaster-cv/ros_ws/install/polystar_msgs/include/polystar_msgs/polystar_msgs/msg/detail/target__rosidl_typesupport_introspection_cpp.hpp
[0.386s] -- Up-to-date: /home/ozone/robomaster-cv/ros_ws/install/polystar_msgs/include/polystar_msgs/polystar_msgs/msg/detail/game_status__rosidl_typesupport_introspection_cpp.hpp
[0.386s] -- Up-to-date: /home/ozone/robomaster-cv/ros_ws/install/polystar_msgs/include/polystar_msgs/polystar_msgs/msg/detail/game_stage__rosidl_typesupport_introspection_cpp.hpp
[0.386s] -- Up-to-date: /home/ozone/robomaster-cv/ros_ws/install/polystar_msgs/include/polystar_msgs/polystar_msgs/msg/detail/shoot__rosidl_typesupport_introspection_cpp.hpp
[0.386s] -- Up-to-date: /home/ozone/robomaster-cv/ros_ws/install/polystar_msgs/include/polystar_msgs/polystar_msgs/msg/detail/game_status__type_support.cpp
[0.386s] -- Up-to-date: /home/ozone/robomaster-cv/ros_ws/install/polystar_msgs/include/polystar_msgs/polystar_msgs/msg/detail/switch_order__type_support.cpp
[0.386s] -- Up-to-date: /home/ozone/robomaster-cv/ros_ws/install/polystar_msgs/include/polystar_msgs/polystar_msgs/msg/detail/turret_feedback__type_support.cpp
[0.386s] -- Up-to-date: /home/ozone/robomaster-cv/ros_ws/install/polystar_msgs/include/polystar_msgs/polystar_msgs/msg/detail/movement__rosidl_typesupport_introspection_cpp.hpp
[0.386s] -- Up-to-date: /home/ozone/robomaster-cv/ros_ws/install/polystar_msgs/include/polystar_msgs/polystar_msgs/msg/detail/position_feedback__type_support.cpp
[0.386s] -- Up-to-date: /home/ozone/robomaster-cv/ros_ws/install/polystar_msgs/include/polystar_msgs/polystar_msgs/msg/detail/position_feedback__rosidl_typesupport_introspection_cpp.hpp
[0.386s] -- Up-to-date: /home/ozone/robomaster-cv/ros_ws/install/polystar_msgs/include/polystar_msgs/polystar_msgs/msg/detail/hp__type_support.cpp
[0.386s] -- Up-to-date: /home/ozone/robomaster-cv/ros_ws/install/polystar_msgs/include/polystar_msgs/polystar_msgs/msg/detail/shoot__type_support.cpp
[0.386s] -- Up-to-date: /home/ozone/robomaster-cv/ros_ws/install/polystar_msgs/lib/libpolystar_msgs__rosidl_typesupport_introspection_cpp.so
[0.387s] -- Up-to-date: /home/ozone/robomaster-cv/ros_ws/install/polystar_msgs/lib/libpolystar_msgs__rosidl_typesupport_cpp.so
[0.387s] -- Up-to-date: /home/ozone/robomaster-cv/ros_ws/install/polystar_msgs/share/polystar_msgs/environment/pythonpath.sh
[0.387s] -- Up-to-date: /home/ozone/robomaster-cv/ros_ws/install/polystar_msgs/share/polystar_msgs/environment/pythonpath.dsv
[0.387s] -- Up-to-date: /home/ozone/robomaster-cv/ros_ws/install/polystar_msgs/lib/python3.10/site-packages/polystar_msgs-0.1.0-py3.10.egg-info
[0.387s] -- Installing: /home/ozone/robomaster-cv/ros_ws/install/polystar_msgs/lib/python3.10/site-packages/polystar_msgs-0.1.0-py3.10.egg-info/PKG-INFO
[0.387s] -- Installing: /home/ozone/robomaster-cv/ros_ws/install/polystar_msgs/lib/python3.10/site-packages/polystar_msgs-0.1.0-py3.10.egg-info/dependency_links.txt
[0.387s] -- Installing: /home/ozone/robomaster-cv/ros_ws/install/polystar_msgs/lib/python3.10/site-packages/polystar_msgs-0.1.0-py3.10.egg-info/SOURCES.txt
[0.387s] -- Installing: /home/ozone/robomaster-cv/ros_ws/install/polystar_msgs/lib/python3.10/site-packages/polystar_msgs-0.1.0-py3.10.egg-info/top_level.txt
[0.387s] -- Up-to-date: /home/ozone/robomaster-cv/ros_ws/install/polystar_msgs/lib/python3.10/site-packages/polystar_msgs
[0.387s] -- Up-to-date: /home/ozone/robomaster-cv/ros_ws/install/polystar_msgs/lib/python3.10/site-packages/polystar_msgs/_polystar_msgs_s.ep.rosidl_typesupport_c.c
[0.387s] -- Up-to-date: /home/ozone/robomaster-cv/ros_ws/install/polystar_msgs/lib/python3.10/site-packages/polystar_msgs/polystar_msgs_s__rosidl_typesupport_c.cpython-310-x86_64-linux-gnu.so
[0.387s] -- Up-to-date: /home/ozone/robomaster-cv/ros_ws/install/polystar_msgs/lib/python3.10/site-packages/polystar_msgs/polystar_msgs_s__rosidl_typesupport_fastrtps_c.cpython-310-x86_64-linux-gnu.so
[0.387s] -- Up-to-date: /home/ozone/robomaster-cv/ros_ws/install/polystar_msgs/lib/python3.10/site-packages/polystar_msgs/__init__.py
[0.388s] -- Up-to-date: /home/ozone/robomaster-cv/ros_ws/install/polystar_msgs/lib/python3.10/site-packages/polystar_msgs/_polystar_msgs_s.ep.rosidl_typesupport_fastrtps_c.c
[0.388s] -- Up-to-date: /home/ozone/robomaster-cv/ros_ws/install/polystar_msgs/lib/python3.10/site-packages/polystar_msgs/libpolystar_msgs__rosidl_generator_py.so
[0.388s] -- Up-to-date: /home/ozone/robomaster-cv/ros_ws/install/polystar_msgs/lib/python3.10/site-packages/polystar_msgs/polystar_msgs_s__rosidl_typesupport_introspection_c.cpython-310-x86_64-linux-gnu.so
[0.388s] -- Up-to-date: /home/ozone/robomaster-cv/ros_ws/install/polystar_msgs/lib/python3.10/site-packages/polystar_msgs/msg
[0.388s] -- Up-to-date: /home/ozone/robomaster-cv/ros_ws/install/polystar_msgs/lib/python3.10/site-packages/polystar_msgs/msg/_turret_feedback_s.c
[0.388s] -- Up-to-date: /home/ozone/robomaster-cv/ros_ws/install/polystar_msgs/lib/python3.10/site-packages/polystar_msgs/msg/_game_stage.py
[0.388s] -- Up-to-date: /home/ozone/robomaster-cv/ros_ws/install/polystar_msgs/lib/python3.10/site-packages/polystar_msgs/msg/_position_feedback_s.c
[0.388s] -- Up-to-date: /home/ozone/robomaster-cv/ros_ws/install/polystar_msgs/lib/python3.10/site-packages/polystar_msgs/msg/_position_feedback.py
[0.388s] -- Up-to-date: /home/ozone/robomaster-cv/ros_ws/install/polystar_msgs/lib/python3.10/site-packages/polystar_msgs/msg/_turret_feedback.py
[0.388s] -- Up-to-date: /home/ozone/robomaster-cv/ros_ws/install/polystar_msgs/lib/python3.10/site-packages/polystar_msgs/msg/_hp_s.c
[0.388s] -- Up-to-date: /home/ozone/robomaster-cv/ros_ws/install/polystar_msgs/lib/python3.10/site-packages/polystar_msgs/msg/_shoot.py
[0.388s] -- Up-to-date: /home/ozone/robomaster-cv/ros_ws/install/polystar_msgs/lib/python3.10/site-packages/polystar_msgs/msg/_hp.py
[0.388s] -- Up-to-date: /home/ozone/robomaster-cv/ros_ws/install/polystar_msgs/lib/python3.10/site-packages/polystar_msgs/msg/_target_s.c
[0.388s] -- Up-to-date: /home/ozone/robomaster-cv/ros_ws/install/polystar_msgs/lib/python3.10/site-packages/polystar_msgs/msg/_switch_order_s.c
[0.388s] -- Up-to-date: /home/ozone/robomaster-cv/ros_ws/install/polystar_msgs/lib/python3.10/site-packages/polystar_msgs/msg/_shoot_s.c
[0.388s] -- Up-to-date: /home/ozone/robomaster-cv/ros_ws/install/polystar_msgs/lib/python3.10/site-packages/polystar_msgs/msg/__init__.py
[0.388s] -- Up-to-date: /home/ozone/robomaster-cv/ros_ws/install/polystar_msgs/lib/python3.10/site-packages/polystar_msgs/msg/_switch_order.py
[0.388s] -- Up-to-date: /home/ozone/robomaster-cv/ros_ws/install/polystar_msgs/lib/python3.10/site-packages/polystar_msgs/msg/_target.py
[0.388s] -- Up-to-date: /home/ozone/robomaster-cv/ros_ws/install/polystar_msgs/lib/python3.10/site-packages/polystar_msgs/msg/_game_status.py
[0.388s] -- Up-to-date: /home/ozone/robomaster-cv/ros_ws/install/polystar_msgs/lib/python3.10/site-packages/polystar_msgs/msg/_movement.py
[0.388s] -- Up-to-date: /home/ozone/robomaster-cv/ros_ws/install/polystar_msgs/lib/python3.10/site-packages/polystar_msgs/msg/_game_status_s.c
[0.388s] -- Up-to-date: /home/ozone/robomaster-cv/ros_ws/install/polystar_msgs/lib/python3.10/site-packages/polystar_msgs/msg/_movement_s.c
[0.388s] -- Up-to-date: /home/ozone/robomaster-cv/ros_ws/install/polystar_msgs/lib/python3.10/site-packages/polystar_msgs/msg/_game_stage_s.c
[0.388s] -- Up-to-date: /home/ozone/robomaster-cv/ros_ws/install/polystar_msgs/lib/python3.10/site-packages/polystar_msgs/_polystar_msgs_s.ep.rosidl_typesupport_introspection_c.c
[0.406s] Listing '/home/ozone/robomaster-cv/ros_ws/install/polystar_msgs/lib/python3.10/site-packages/polystar_msgs'...
[0.406s] Listing '/home/ozone/robomaster-cv/ros_ws/install/polystar_msgs/lib/python3.10/site-packages/polystar_msgs/msg'...
[0.409s] -- Up-to-date: /home/ozone/robomaster-cv/ros_ws/install/polystar_msgs/lib/python3.10/site-packages/polystar_msgs/polystar_msgs_s__rosidl_typesupport_fastrtps_c.cpython-310-x86_64-linux-gnu.so
[0.410s] -- Up-to-date: /home/ozone/robomaster-cv/ros_ws/install/polystar_msgs/lib/python3.10/site-packages/polystar_msgs/polystar_msgs_s__rosidl_typesupport_introspection_c.cpython-310-x86_64-linux-gnu.so
[0.410s] -- Up-to-date: /home/ozone/robomaster-cv/ros_ws/install/polystar_msgs/lib/python3.10/site-packages/polystar_msgs/polystar_msgs_s__rosidl_typesupport_c.cpython-310-x86_64-linux-gnu.so
[0.411s] -- Up-to-date: /home/ozone/robomaster-cv/ros_ws/install/polystar_msgs/lib/libpolystar_msgs__rosidl_generator_py.so
[0.411s] -- Up-to-date: /home/ozone/robomaster-cv/ros_ws/install/polystar_msgs/share/polystar_msgs/msg/HP.idl
[0.411s] -- Up-to-date: /home/ozone/robomaster-cv/ros_ws/install/polystar_msgs/share/polystar_msgs/msg/SwitchOrder.idl
[0.411s] -- Up-to-date: /home/ozone/robomaster-cv/ros_ws/install/polystar_msgs/share/polystar_msgs/msg/Target.idl
[0.411s] -- Up-to-date: /home/ozone/robomaster-cv/ros_ws/install/polystar_msgs/share/polystar_msgs/msg/Movement.idl
[0.411s] -- Up-to-date: /home/ozone/robomaster-cv/ros_ws/install/polystar_msgs/share/polystar_msgs/msg/GameStatus.idl
[0.412s] -- Up-to-date: /home/ozone/robomaster-cv/ros_ws/install/polystar_msgs/share/polystar_msgs/msg/GameStage.idl
[0.412s] -- Up-to-date: /home/ozone/robomaster-cv/ros_ws/install/polystar_msgs/share/polystar_msgs/msg/TurretFeedback.idl
[0.412s] -- Up-to-date: /home/ozone/robomaster-cv/ros_ws/install/polystar_msgs/share/polystar_msgs/msg/PositionFeedback.idl
[0.412s] -- Up-to-date: /home/ozone/robomaster-cv/ros_ws/install/polystar_msgs/share/polystar_msgs/msg/Shoot.idl
[0.412s] -- Up-to-date: /home/ozone/robomaster-cv/ros_ws/install/polystar_msgs/share/polystar_msgs/msg/HP.msg
[0.412s] -- Up-to-date: /home/ozone/robomaster-cv/ros_ws/install/polystar_msgs/share/polystar_msgs/msg/SwitchOrder.msg
[0.412s] -- Up-to-date: /home/ozone/robomaster-cv/ros_ws/install/polystar_msgs/share/polystar_msgs/msg/Target.msg
[0.412s] -- Up-to-date: /home/ozone/robomaster-cv/ros_ws/install/polystar_msgs/share/polystar_msgs/msg/Movement.msg
[0.412s] -- Up-to-date: /home/ozone/robomaster-cv/ros_ws/install/polystar_msgs/share/polystar_msgs/msg/GameStatus.msg
[0.412s] -- Up-to-date: /home/ozone/robomaster-cv/ros_ws/install/polystar_msgs/share/polystar_msgs/msg/GameStage.msg
[0.412s] -- Up-to-date: /home/ozone/robomaster-cv/ros_ws/install/polystar_msgs/share/polystar_msgs/msg/TurretFeedback.msg
[0.412s] -- Up-to-date: /home/ozone/robomaster-cv/ros_ws/install/polystar_msgs/share/polystar_msgs/msg/PositionFeedback.msg
[0.413s] -- Up-to-date: /home/ozone/robomaster-cv/ros_ws/install/polystar_msgs/share/polystar_msgs/msg/Shoot.msg
[0.413s] -- Up-to-date: /home/ozone/robomaster-cv/ros_ws/install/polystar_msgs/share/ament_index/resource_index/package_run_dependencies/polystar_msgs
[0.413s] -- Up-to-date: /home/ozone/robomaster-cv/ros_ws/install/polystar_msgs/share/ament_index/resource_index/parent_prefix_path/polystar_msgs
[0.413s] -- Up-to-date: /home/ozone/robomaster-cv/ros_ws/install/polystar_msgs/share/polystar_msgs/environment/ament_prefix_path.sh
[0.413s] -- Up-to-date: /home/ozone/robomaster-cv/ros_ws/install/polystar_msgs/share/polystar_msgs/environment/ament_prefix_path.dsv
[0.413s] -- Up-to-date: /home/ozone/robomaster-cv/ros_ws/install/polystar_msgs/share/polystar_msgs/environment/path.sh
[0.413s] -- Up-to-date: /home/ozone/robomaster-cv/ros_ws/install/polystar_msgs/share/polystar_msgs/environment/path.dsv
[0.413s] -- Up-to-date: /home/ozone/robomaster-cv/ros_ws/install/polystar_msgs/share/polystar_msgs/local_setup.bash
[0.413s] -- Up-to-date: /home/ozone/robomaster-cv/ros_ws/install/polystar_msgs/share/polystar_msgs/local_setup.sh
[0.413s] -- Up-to-date: /home/ozone/robomaster-cv/ros_ws/install/polystar_msgs/share/polystar_msgs/local_setup.zsh
[0.413s] -- Up-to-date: /home/ozone/robomaster-cv/ros_ws/install/polystar_msgs/share/polystar_msgs/local_setup.dsv
[0.413s] -- Up-to-date: /home/ozone/robomaster-cv/ros_ws/install/polystar_msgs/share/polystar_msgs/package.dsv
[0.413s] -- Up-to-date: /home/ozone/robomaster-cv/ros_ws/install/polystar_msgs/share/ament_index/resource_index/packages/polystar_msgs
[0.413s] -- Up-to-date: /home/ozone/robomaster-cv/ros_ws/install/polystar_msgs/share/polystar_msgs/cmake/export_polystar_msgs__rosidl_generator_cExport.cmake
[0.414s] -- Up-to-date: /home/ozone/robomaster-cv/ros_ws/install/polystar_msgs/share/polystar_msgs/cmake/export_polystar_msgs__rosidl_generator_cExport-noconfig.cmake
[0.414s] -- Up-to-date: /home/ozone/robomaster-cv/ros_ws/install/polystar_msgs/share/polystar_msgs/cmake/export_polystar_msgs__rosidl_typesupport_fastrtps_cExport.cmake
[0.414s] -- Up-to-date: /home/ozone/robomaster-cv/ros_ws/install/polystar_msgs/share/polystar_msgs/cmake/export_polystar_msgs__rosidl_typesupport_fastrtps_cExport-noconfig.cmake
[0.414s] -- Up-to-date: /home/ozone/robomaster-cv/ros_ws/install/polystar_msgs/share/polystar_msgs/cmake/export_polystar_msgs__rosidl_generator_cppExport.cmake
[0.414s] -- Up-to-date: /home/ozone/robomaster-cv/ros_ws/install/polystar_msgs/share/polystar_msgs/cmake/export_polystar_msgs__rosidl_typesupport_fastrtps_cppExport.cmake
[0.414s] -- Up-to-date: /home/ozone/robomaster-cv/ros_ws/install/polystar_msgs/share/polystar_msgs/cmake/export_polystar_msgs__rosidl_typesupport_fastrtps_cppExport-noconfig.cmake
[0.414s] -- Up-to-date: /home/ozone/robomaster-cv/ros_ws/install/polystar_msgs/share/polystar_msgs/cmake/polystar_msgs__rosidl_typesupport_introspection_cExport.cmake
[0.414s] -- Up-to-date: /home/ozone/robomaster-cv/ros_ws/install/polystar_msgs/share/polystar_msgs/cmake/polystar_msgs__rosidl_typesupport_introspection_cExport-noconfig.cmake
[0.415s] -- Up-to-date: /home/ozone/robomaster-cv/ros_ws/install/polystar_msgs/share/polystar_msgs/cmake/polystar_msgs__rosidl_typesupport_cExport.cmake
[0.415s] -- Up-to-date: /home/ozone/robomaster-cv/ros_ws/install/polystar_msgs/share/polystar_msgs/cmake/polystar_msgs__rosidl_typesupport_cExport-noconfig.cmake
[0.415s] -- Up-to-date: /home/ozone/robomaster-cv/ros_ws/install/polystar_msgs/share/polystar_msgs/cmake/polystar_msgs__rosidl_typesupport_introspection_cppExport.cmake
[0.415s] -- Up-to-date: /home/ozone/robomaster-cv/ros_ws/install/polystar_msgs/share/polystar_msgs/cmake/polystar_msgs__rosidl_typesupport_introspection_cppExport-noconfig.cmake
[0.415s] -- Up-to-date: /home/ozone/robomaster-cv/ros_ws/install/polystar_msgs/share/polystar_msgs/cmake/polystar_msgs__rosidl_typesupport_cppExport.cmake
[0.415s] -- Up-to-date: /home/ozone/robomaster-cv/ros_ws/install/polystar_msgs/share/polystar_msgs/cmake/polystar_msgs__rosidl_typesupport_cppExport-noconfig.cmake
[0.416s] -- Up-to-date: /home/ozone/robomaster-cv/ros_ws/install/polystar_msgs/share/polystar_msgs/cmake/export_polystar_msgs__rosidl_generator_pyExport.cmake
[0.416s] -- Up-to-date: /home/ozone/robomaster-cv/ros_ws/install/polystar_msgs/share/polystar_msgs/cmake/export_polystar_msgs__rosidl_generator_pyExport-noconfig.cmake
[0.416s] -- Up-to-date: /home/ozone/robomaster-cv/ros_ws/install/polystar_msgs/share/polystar_msgs/cmake/rosidl_cmake-extras.cmake
[0.416s] -- Up-to-date: /home/ozone/robomaster-cv/ros_ws/install/polystar_msgs/share/polystar_msgs/cmake/ament_cmake_export_dependencies-extras.cmake
[0.416s] -- Up-to-date: /home/ozone/robomaster-cv/ros_ws/install/polystar_msgs/share/polystar_msgs/cmake/ament_cmake_export_include_directories-extras.cmake
[0.416s] -- Up-to-date: /home/ozone/robomaster-cv/ros_ws/install/polystar_msgs/share/polystar_msgs/cmake/ament_cmake_export_libraries-extras.cmake
[0.416s] -- Up-to-date: /home/ozone/robomaster-cv/ros_ws/install/polystar_msgs/share/polystar_msgs/cmake/ament_cmake_export_targets-extras.cmake
[0.416s] -- Up-to-date: /home/ozone/robomaster-cv/ros_ws/install/polystar_msgs/share/polystar_msgs/cmake/rosidl_cmake_export_typesupport_targets-extras.cmake
[0.416s] -- Up-to-date: /home/ozone/robomaster-cv/ros_ws/install/polystar_msgs/share/polystar_msgs/cmake/rosidl_cmake_export_typesupport_libraries-extras.cmake
[0.416s] -- Up-to-date: /home/ozone/robomaster-cv/ros_ws/install/polystar_msgs/share/polystar_msgs/cmake/polystar_msgsConfig.cmake
[0.416s] -- Up-to-date: /home/ozone/robomaster-cv/ros_ws/install/polystar_msgs/share/polystar_msgs/cmake/polystar_msgsConfig-version.cmake
[0.416s] -- Up-to-date: /home/ozone/robomaster-cv/ros_ws/install/polystar_msgs/share/polystar_msgs/package.xml
[0.418s] Invoked command in '/home/ozone/robomaster-cv/ros_ws/build/polystar_msgs' returned '0': /usr/bin/cmake --install /home/ozone/robomaster-cv/ros_ws/build/polystar_msgs
