-- Found std_msgs: 5.0.1 (/opt/ros/iron/share/std_msgs/cmake)
-- Found rosidl_generator_c: 4.0.1 (/opt/ros/iron/share/rosidl_generator_c/cmake)
-- Found rosidl_generator_cpp: 4.0.1 (/opt/ros/iron/share/rosidl_generator_cpp/cmake)
-- Using all available rosidl_typesupport_c: rosidl_typesupport_fastrtps_c;rosidl_typesupport_introspection_c
-- Using all available rosidl_typesupport_cpp: rosidl_typesupport_fastrtps_cpp;rosidl_typesupport_introspection_cpp
-- Found rosidl_default_generators: 1.5.0 (/opt/ros/iron/share/rosidl_default_generators/cmake)
-- Found rosidl_adapter: 4.0.1 (/opt/ros/iron/share/rosidl_adapter/cmake)
-- Found ament_cmake_ros: 0.11.2 (/opt/ros/iron/share/ament_cmake_ros/cmake)
-- Using all available rosidl_typesupport_c: rosidl_typesupport_fastrtps_c;rosidl_typesupport_introspection_c
-- Using all available rosidl_typesupport_cpp: rosidl_typesupport_fastrtps_cpp;rosidl_typesupport_introspection_cpp
-- Found python_cmake_module: 0.10.2 (/opt/ros/iron/share/python_cmake_module/cmake)
-- Using PYTHON_EXECUTABLE: /usr/bin/python3
-- Using PYTHON_INCLUDE_DIRS: /usr/include/python3.10
-- Using PYTHON_LIBRARIES: /usr/lib/x86_64-linux-gnu/libpython3.10.so
-- Configuring done
-- Generating done
-- Build files have been written to: /home/ozone/robomaster-cv/ros_ws/build/polystar_msgs
[  1%] Built target polystar_msgs__rosidl_generator_type_description
[  1%] Built target polystar_msgs__cpp
[  1%] Built target ament_cmake_python_copy_polystar_msgs
[35m[1mConsolidate compiler generated dependencies of target polystar_msgs__rosidl_generator_c[0m
[ 27%] Built target polystar_msgs__rosidl_generator_c
[35m[1mConsolidate compiler generated dependencies of target polystar_msgs__rosidl_typesupport_fastrtps_cpp[0m
[35m[1mConsolidate compiler generated dependencies of target polystar_msgs__rosidl_typesupport_fastrtps_c[0m
[35m[1mConsolidate compiler generated dependencies of target polystar_msgs__rosidl_typesupport_introspection_c[0m
[35m[1mConsolidate compiler generated dependencies of target polystar_msgs__rosidl_typesupport_introspection_cpp[0m
[35m[1mConsolidate compiler generated dependencies of target polystar_msgs__rosidl_typesupport_cpp[0m
[35m[1mConsolidate compiler generated dependencies of target polystar_msgs__rosidl_typesupport_c[0m
[ 37%] Built target polystar_msgs__rosidl_typesupport_introspection_c
[ 47%] Built target polystar_msgs__rosidl_typesupport_c
[ 56%] Built target polystar_msgs__rosidl_typesupport_fastrtps_cpp
[ 66%] Built target polystar_msgs__rosidl_typesupport_fastrtps_c
[ 75%] Built target polystar_msgs__rosidl_typesupport_cpp
[ 85%] Built target polystar_msgs__rosidl_typesupport_introspection_cpp
[ 85%] Built target polystar_msgs
[ 86%] Built target polystar_msgs__py
[35m[1mConsolidate compiler generated dependencies of target polystar_msgs__rosidl_generator_py[0m
[ 94%] Built target polystar_msgs__rosidl_generator_py
[35m[1mConsolidate compiler generated dependencies of target polystar_msgs__rosidl_typesupport_c__pyext[0m
[35m[1mConsolidate compiler generated dependencies of target polystar_msgs__rosidl_typesupport_fastrtps_c__pyext[0m
[35m[1mConsolidate compiler generated dependencies of target polystar_msgs__rosidl_typesupport_introspection_c__pyext[0m
[ 97%] Built target polystar_msgs__rosidl_typesupport_introspection_c__pyext
[ 98%] Built target polystar_msgs__rosidl_typesupport_c__pyext
[100%] Built target polystar_msgs__rosidl_typesupport_fastrtps_c__pyext
running egg_info
writing polystar_msgs.egg-info/PKG-INFO
writing dependency_links to polystar_msgs.egg-info/dependency_links.txt
writing top-level names to polystar_msgs.egg-info/top_level.txt
reading manifest file 'polystar_msgs.egg-info/SOURCES.txt'
writing manifest file 'polystar_msgs.egg-info/SOURCES.txt'
[100%] Built target ament_cmake_python_build_polystar_msgs_egg
-- Install configuration: ""
-- Up-to-date: /home/ozone/robomaster-cv/ros_ws/install/polystar_msgs/share/ament_index/resource_index/rosidl_interfaces/polystar_msgs
-- Up-to-date: /home/ozone/robomaster-cv/ros_ws/install/polystar_msgs/share/polystar_msgs/msg/HP.json
-- Up-to-date: /home/ozone/robomaster-cv/ros_ws/install/polystar_msgs/share/polystar_msgs/msg/SwitchOrder.json
-- Up-to-date: /home/ozone/robomaster-cv/ros_ws/install/polystar_msgs/share/polystar_msgs/msg/Target.json
-- Up-to-date: /home/ozone/robomaster-cv/ros_ws/install/polystar_msgs/share/polystar_msgs/msg/Movement.json
-- Up-to-date: /home/ozone/robomaster-cv/ros_ws/install/polystar_msgs/share/polystar_msgs/msg/GameStatus.json
-- Up-to-date: /home/ozone/robomaster-cv/ros_ws/install/polystar_msgs/share/polystar_msgs/msg/GameStage.json
-- Up-to-date: /home/ozone/robomaster-cv/ros_ws/install/polystar_msgs/share/polystar_msgs/msg/TurretFeedback.json
-- Up-to-date: /home/ozone/robomaster-cv/ros_ws/install/polystar_msgs/share/polystar_msgs/msg/PositionFeedback.json
-- Up-to-date: /home/ozone/robomaster-cv/ros_ws/install/polystar_msgs/share/polystar_msgs/msg/Shoot.json
-- Up-to-date: /home/ozone/robomaster-cv/ros_ws/install/polystar_msgs/include/polystar_msgs/polystar_msgs
-- Up-to-date: /home/ozone/robomaster-cv/ros_ws/install/polystar_msgs/include/polystar_msgs/polystar_msgs/msg
-- Up-to-date: /home/ozone/robomaster-cv/ros_ws/install/polystar_msgs/include/polystar_msgs/polystar_msgs/msg/game_status.h
-- Up-to-date: /home/ozone/robomaster-cv/ros_ws/install/polystar_msgs/include/polystar_msgs/polystar_msgs/msg/switch_order.h
-- Up-to-date: /home/ozone/robomaster-cv/ros_ws/install/polystar_msgs/include/polystar_msgs/polystar_msgs/msg/game_stage.h
-- Up-to-date: /home/ozone/robomaster-cv/ros_ws/install/polystar_msgs/include/polystar_msgs/polystar_msgs/msg/movement.h
-- Up-to-date: /home/ozone/robomaster-cv/ros_ws/install/polystar_msgs/include/polystar_msgs/polystar_msgs/msg/rosidl_generator_c__visibility_control.h
-- Up-to-date: /home/ozone/robomaster-cv/ros_ws/install/polystar_msgs/include/polystar_msgs/polystar_msgs/msg/target.h
-- Up-to-date: /home/ozone/robomaster-cv/ros_ws/install/polystar_msgs/include/polystar_msgs/polystar_msgs/msg/turret_feedback.h
-- Up-to-date: /home/ozone/robomaster-cv/ros_ws/install/polystar_msgs/include/polystar_msgs/polystar_msgs/msg/position_feedback.h
-- Up-to-date: /home/ozone/robomaster-cv/ros_ws/install/polystar_msgs/include/polystar_msgs/polystar_msgs/msg/shoot.h
-- Up-to-date: /home/ozone/robomaster-cv/ros_ws/install/polystar_msgs/include/polystar_msgs/polystar_msgs/msg/detail
-- Up-to-date: /home/ozone/robomaster-cv/ros_ws/install/polystar_msgs/include/polystar_msgs/polystar_msgs/msg/detail/shoot__struct.h
-- Up-to-date: /home/ozone/robomaster-cv/ros_ws/install/polystar_msgs/include/polystar_msgs/polystar_msgs/msg/detail/turret_feedback__description.c
-- Up-to-date: /home/ozone/robomaster-cv/ros_ws/install/polystar_msgs/include/polystar_msgs/polystar_msgs/msg/detail/turret_feedback__struct.h
-- Up-to-date: /home/ozone/robomaster-cv/ros_ws/install/polystar_msgs/include/polystar_msgs/polystar_msgs/msg/detail/hp__type_support.h
-- Up-to-date: /home/ozone/robomaster-cv/ros_ws/install/polystar_msgs/include/polystar_msgs/polystar_msgs/msg/detail/game_status__functions.c
-- Up-to-date: /home/ozone/robomaster-cv/ros_ws/install/polystar_msgs/include/polystar_msgs/polystar_msgs/msg/detail/position_feedback__type_support.c
-- Up-to-date: /home/ozone/robomaster-cv/ros_ws/install/polystar_msgs/include/polystar_msgs/polystar_msgs/msg/detail/hp__functions.c
-- Up-to-date: /home/ozone/robomaster-cv/ros_ws/install/polystar_msgs/include/polystar_msgs/polystar_msgs/msg/detail/switch_order__type_support.c
-- Up-to-date: /home/ozone/robomaster-cv/ros_ws/install/polystar_msgs/include/polystar_msgs/polystar_msgs/msg/detail/hp__struct.h
-- Up-to-date: /home/ozone/robomaster-cv/ros_ws/install/polystar_msgs/include/polystar_msgs/polystar_msgs/msg/detail/movement__type_support.h
-- Up-to-date: /home/ozone/robomaster-cv/ros_ws/install/polystar_msgs/include/polystar_msgs/polystar_msgs/msg/detail/switch_order__functions.c
-- Up-to-date: /home/ozone/robomaster-cv/ros_ws/install/polystar_msgs/include/polystar_msgs/polystar_msgs/msg/detail/target__type_support.h
-- Up-to-date: /home/ozone/robomaster-cv/ros_ws/install/polystar_msgs/include/polystar_msgs/polystar_msgs/msg/detail/target__functions.h
-- Up-to-date: /home/ozone/robomaster-cv/ros_ws/install/polystar_msgs/include/polystar_msgs/polystar_msgs/msg/detail/position_feedback__functions.c
-- Up-to-date: /home/ozone/robomaster-cv/ros_ws/install/polystar_msgs/include/polystar_msgs/polystar_msgs/msg/detail/game_status__type_support.h
-- Up-to-date: /home/ozone/robomaster-cv/ros_ws/install/polystar_msgs/include/polystar_msgs/polystar_msgs/msg/detail/hp__description.c
-- Up-to-date: /home/ozone/robomaster-cv/ros_ws/install/polystar_msgs/include/polystar_msgs/polystar_msgs/msg/detail/game_status__type_support.c
-- Up-to-date: /home/ozone/robomaster-cv/ros_ws/install/polystar_msgs/include/polystar_msgs/polystar_msgs/msg/detail/game_stage__description.c
-- Up-to-date: /home/ozone/robomaster-cv/ros_ws/install/polystar_msgs/include/polystar_msgs/polystar_msgs/msg/detail/shoot__functions.c
-- Up-to-date: /home/ozone/robomaster-cv/ros_ws/install/polystar_msgs/include/polystar_msgs/polystar_msgs/msg/detail/turret_feedback__functions.h
-- Up-to-date: /home/ozone/robomaster-cv/ros_ws/install/polystar_msgs/include/polystar_msgs/polystar_msgs/msg/detail/target__type_support.c
-- Up-to-date: /home/ozone/robomaster-cv/ros_ws/install/polystar_msgs/include/polystar_msgs/polystar_msgs/msg/detail/switch_order__struct.h
-- Up-to-date: /home/ozone/robomaster-cv/ros_ws/install/polystar_msgs/include/polystar_msgs/polystar_msgs/msg/detail/turret_feedback__type_support.c
-- Up-to-date: /home/ozone/robomaster-cv/ros_ws/install/polystar_msgs/include/polystar_msgs/polystar_msgs/msg/detail/movement__struct.h
-- Up-to-date: /home/ozone/robomaster-cv/ros_ws/install/polystar_msgs/include/polystar_msgs/polystar_msgs/msg/detail/shoot__type_support.c
-- Up-to-date: /home/ozone/robomaster-cv/ros_ws/install/polystar_msgs/include/polystar_msgs/polystar_msgs/msg/detail/position_feedback__description.c
-- Up-to-date: /home/ozone/robomaster-cv/ros_ws/install/polystar_msgs/include/polystar_msgs/polystar_msgs/msg/detail/target__functions.c
-- Up-to-date: /home/ozone/robomaster-cv/ros_ws/install/polystar_msgs/include/polystar_msgs/polystar_msgs/msg/detail/game_stage__functions.h
-- Up-to-date: /home/ozone/robomaster-cv/ros_ws/install/polystar_msgs/include/polystar_msgs/polystar_msgs/msg/detail/shoot__functions.h
-- Up-to-date: /home/ozone/robomaster-cv/ros_ws/install/polystar_msgs/include/polystar_msgs/polystar_msgs/msg/detail/hp__type_support.c
-- Up-to-date: /home/ozone/robomaster-cv/ros_ws/install/polystar_msgs/include/polystar_msgs/polystar_msgs/msg/detail/target__description.c
-- Up-to-date: /home/ozone/robomaster-cv/ros_ws/install/polystar_msgs/include/polystar_msgs/polystar_msgs/msg/detail/game_status__struct.h
-- Up-to-date: /home/ozone/robomaster-cv/ros_ws/install/polystar_msgs/include/polystar_msgs/polystar_msgs/msg/detail/game_stage__type_support.c
-- Up-to-date: /home/ozone/robomaster-cv/ros_ws/install/polystar_msgs/include/polystar_msgs/polystar_msgs/msg/detail/game_stage__functions.c
-- Up-to-date: /home/ozone/robomaster-cv/ros_ws/install/polystar_msgs/include/polystar_msgs/polystar_msgs/msg/detail/position_feedback__functions.h
-- Up-to-date: /home/ozone/robomaster-cv/ros_ws/install/polystar_msgs/include/polystar_msgs/polystar_msgs/msg/detail/hp__functions.h
-- Up-to-date: /home/ozone/robomaster-cv/ros_ws/install/polystar_msgs/include/polystar_msgs/polystar_msgs/msg/detail/position_feedback__type_support.h
-- Up-to-date: /home/ozone/robomaster-cv/ros_ws/install/polystar_msgs/include/polystar_msgs/polystar_msgs/msg/detail/game_stage__struct.h
-- Up-to-date: /home/ozone/robomaster-cv/ros_ws/install/polystar_msgs/include/polystar_msgs/polystar_msgs/msg/detail/turret_feedback__type_support.h
-- Up-to-date: /home/ozone/robomaster-cv/ros_ws/install/polystar_msgs/include/polystar_msgs/polystar_msgs/msg/detail/game_status__description.c
-- Up-to-date: /home/ozone/robomaster-cv/ros_ws/install/polystar_msgs/include/polystar_msgs/polystar_msgs/msg/detail/switch_order__description.c
-- Up-to-date: /home/ozone/robomaster-cv/ros_ws/install/polystar_msgs/include/polystar_msgs/polystar_msgs/msg/detail/movement__description.c
-- Up-to-date: /home/ozone/robomaster-cv/ros_ws/install/polystar_msgs/include/polystar_msgs/polystar_msgs/msg/detail/target__struct.h
-- Up-to-date: /home/ozone/robomaster-cv/ros_ws/install/polystar_msgs/include/polystar_msgs/polystar_msgs/msg/detail/movement__functions.c
-- Up-to-date: /home/ozone/robomaster-cv/ros_ws/install/polystar_msgs/include/polystar_msgs/polystar_msgs/msg/detail/game_status__functions.h
-- Up-to-date: /home/ozone/robomaster-cv/ros_ws/install/polystar_msgs/include/polystar_msgs/polystar_msgs/msg/detail/switch_order__functions.h
-- Up-to-date: /home/ozone/robomaster-cv/ros_ws/install/polystar_msgs/include/polystar_msgs/polystar_msgs/msg/detail/movement__functions.h
-- Up-to-date: /home/ozone/robomaster-cv/ros_ws/install/polystar_msgs/include/polystar_msgs/polystar_msgs/msg/detail/game_stage__type_support.h
-- Up-to-date: /home/ozone/robomaster-cv/ros_ws/install/polystar_msgs/include/polystar_msgs/polystar_msgs/msg/detail/shoot__type_support.h
-- Up-to-date: /home/ozone/robomaster-cv/ros_ws/install/polystar_msgs/include/polystar_msgs/polystar_msgs/msg/detail/position_feedback__struct.h
-- Up-to-date: /home/ozone/robomaster-cv/ros_ws/install/polystar_msgs/include/polystar_msgs/polystar_msgs/msg/detail/movement__type_support.c
-- Up-to-date: /home/ozone/robomaster-cv/ros_ws/install/polystar_msgs/include/polystar_msgs/polystar_msgs/msg/detail/shoot__description.c
-- Up-to-date: /home/ozone/robomaster-cv/ros_ws/install/polystar_msgs/include/polystar_msgs/polystar_msgs/msg/detail/turret_feedback__functions.c
-- Up-to-date: /home/ozone/robomaster-cv/ros_ws/install/polystar_msgs/include/polystar_msgs/polystar_msgs/msg/detail/switch_order__type_support.h
-- Up-to-date: /home/ozone/robomaster-cv/ros_ws/install/polystar_msgs/include/polystar_msgs/polystar_msgs/msg/hp.h
-- Up-to-date: /home/ozone/robomaster-cv/ros_ws/install/polystar_msgs/share/polystar_msgs/environment/library_path.sh
-- Up-to-date: /home/ozone/robomaster-cv/ros_ws/install/polystar_msgs/share/polystar_msgs/environment/library_path.dsv
-- Up-to-date: /home/ozone/robomaster-cv/ros_ws/install/polystar_msgs/lib/libpolystar_msgs__rosidl_generator_c.so
-- Up-to-date: /home/ozone/robomaster-cv/ros_ws/install/polystar_msgs/include/polystar_msgs/polystar_msgs
-- Up-to-date: /home/ozone/robomaster-cv/ros_ws/install/polystar_msgs/include/polystar_msgs/polystar_msgs/msg
-- Up-to-date: /home/ozone/robomaster-cv/ros_ws/install/polystar_msgs/include/polystar_msgs/polystar_msgs/msg/detail
-- Up-to-date: /home/ozone/robomaster-cv/ros_ws/install/polystar_msgs/include/polystar_msgs/polystar_msgs/msg/detail/turret_feedback__rosidl_typesupport_fastrtps_c.h
-- Up-to-date: /home/ozone/robomaster-cv/ros_ws/install/polystar_msgs/include/polystar_msgs/polystar_msgs/msg/detail/shoot__rosidl_typesupport_fastrtps_c.h
-- Up-to-date: /home/ozone/robomaster-cv/ros_ws/install/polystar_msgs/include/polystar_msgs/polystar_msgs/msg/detail/movement__rosidl_typesupport_fastrtps_c.h
-- Up-to-date: /home/ozone/robomaster-cv/ros_ws/install/polystar_msgs/include/polystar_msgs/polystar_msgs/msg/detail/hp__rosidl_typesupport_fastrtps_c.h
-- Up-to-date: /home/ozone/robomaster-cv/ros_ws/install/polystar_msgs/include/polystar_msgs/polystar_msgs/msg/detail/game_stage__rosidl_typesupport_fastrtps_c.h
-- Up-to-date: /home/ozone/robomaster-cv/ros_ws/install/polystar_msgs/include/polystar_msgs/polystar_msgs/msg/detail/target__rosidl_typesupport_fastrtps_c.h
-- Up-to-date: /home/ozone/robomaster-cv/ros_ws/install/polystar_msgs/include/polystar_msgs/polystar_msgs/msg/detail/switch_order__rosidl_typesupport_fastrtps_c.h
-- Up-to-date: /home/ozone/robomaster-cv/ros_ws/install/polystar_msgs/include/polystar_msgs/polystar_msgs/msg/detail/game_status__rosidl_typesupport_fastrtps_c.h
-- Up-to-date: /home/ozone/robomaster-cv/ros_ws/install/polystar_msgs/include/polystar_msgs/polystar_msgs/msg/detail/position_feedback__rosidl_typesupport_fastrtps_c.h
-- Up-to-date: /home/ozone/robomaster-cv/ros_ws/install/polystar_msgs/include/polystar_msgs/polystar_msgs/msg/rosidl_typesupport_fastrtps_c__visibility_control.h
-- Up-to-date: /home/ozone/robomaster-cv/ros_ws/install/polystar_msgs/lib/libpolystar_msgs__rosidl_typesupport_fastrtps_c.so
-- Up-to-date: /home/ozone/robomaster-cv/ros_ws/install/polystar_msgs/include/polystar_msgs/polystar_msgs
-- Up-to-date: /home/ozone/robomaster-cv/ros_ws/install/polystar_msgs/include/polystar_msgs/polystar_msgs/msg
-- Up-to-date: /home/ozone/robomaster-cv/ros_ws/install/polystar_msgs/include/polystar_msgs/polystar_msgs/msg/target.hpp
-- Up-to-date: /home/ozone/robomaster-cv/ros_ws/install/polystar_msgs/include/polystar_msgs/polystar_msgs/msg/game_stage.hpp
-- Up-to-date: /home/ozone/robomaster-cv/ros_ws/install/polystar_msgs/include/polystar_msgs/polystar_msgs/msg/hp.hpp
-- Up-to-date: /home/ozone/robomaster-cv/ros_ws/install/polystar_msgs/include/polystar_msgs/polystar_msgs/msg/switch_order.hpp
-- Up-to-date: /home/ozone/robomaster-cv/ros_ws/install/polystar_msgs/include/polystar_msgs/polystar_msgs/msg/shoot.hpp
-- Up-to-date: /home/ozone/robomaster-cv/ros_ws/install/polystar_msgs/include/polystar_msgs/polystar_msgs/msg/game_status.hpp
-- Up-to-date: /home/ozone/robomaster-cv/ros_ws/install/polystar_msgs/include/polystar_msgs/polystar_msgs/msg/position_feedback.hpp
-- Up-to-date: /home/ozone/robomaster-cv/ros_ws/install/polystar_msgs/include/polystar_msgs/polystar_msgs/msg/turret_feedback.hpp
-- Up-to-date: /home/ozone/robomaster-cv/ros_ws/install/polystar_msgs/include/polystar_msgs/polystar_msgs/msg/movement.hpp
-- Up-to-date: /home/ozone/robomaster-cv/ros_ws/install/polystar_msgs/include/polystar_msgs/polystar_msgs/msg/detail
-- Up-to-date: /home/ozone/robomaster-cv/ros_ws/install/polystar_msgs/include/polystar_msgs/polystar_msgs/msg/detail/shoot__traits.hpp
-- Up-to-date: /home/ozone/robomaster-cv/ros_ws/install/polystar_msgs/include/polystar_msgs/polystar_msgs/msg/detail/game_stage__traits.hpp
-- Up-to-date: /home/ozone/robomaster-cv/ros_ws/install/polystar_msgs/include/polystar_msgs/polystar_msgs/msg/detail/movement__traits.hpp
-- Up-to-date: /home/ozone/robomaster-cv/ros_ws/install/polystar_msgs/include/polystar_msgs/polystar_msgs/msg/detail/position_feedback__traits.hpp
-- Up-to-date: /home/ozone/robomaster-cv/ros_ws/install/polystar_msgs/include/polystar_msgs/polystar_msgs/msg/detail/switch_order__traits.hpp
-- Up-to-date: /home/ozone/robomaster-cv/ros_ws/install/polystar_msgs/include/polystar_msgs/polystar_msgs/msg/detail/shoot__struct.hpp
-- Up-to-date: /home/ozone/robomaster-cv/ros_ws/install/polystar_msgs/include/polystar_msgs/polystar_msgs/msg/detail/movement__builder.hpp
-- Up-to-date: /home/ozone/robomaster-cv/ros_ws/install/polystar_msgs/include/polystar_msgs/polystar_msgs/msg/detail/turret_feedback__struct.hpp
-- Up-to-date: /home/ozone/robomaster-cv/ros_ws/install/polystar_msgs/include/polystar_msgs/polystar_msgs/msg/detail/shoot__builder.hpp
-- Up-to-date: /home/ozone/robomaster-cv/ros_ws/install/polystar_msgs/include/polystar_msgs/polystar_msgs/msg/detail/hp__traits.hpp
-- Up-to-date: /home/ozone/robomaster-cv/ros_ws/install/polystar_msgs/include/polystar_msgs/polystar_msgs/msg/detail/switch_order__struct.hpp
-- Up-to-date: /home/ozone/robomaster-cv/ros_ws/install/polystar_msgs/include/polystar_msgs/polystar_msgs/msg/detail/target__builder.hpp
-- Up-to-date: /home/ozone/robomaster-cv/ros_ws/install/polystar_msgs/include/polystar_msgs/polystar_msgs/msg/detail/game_status__struct.hpp
-- Up-to-date: /home/ozone/robomaster-cv/ros_ws/install/polystar_msgs/include/polystar_msgs/polystar_msgs/msg/detail/turret_feedback__builder.hpp
-- Up-to-date: /home/ozone/robomaster-cv/ros_ws/install/polystar_msgs/include/polystar_msgs/polystar_msgs/msg/detail/turret_feedback__traits.hpp
-- Up-to-date: /home/ozone/robomaster-cv/ros_ws/install/polystar_msgs/include/polystar_msgs/polystar_msgs/msg/detail/game_stage__builder.hpp
-- Up-to-date: /home/ozone/robomaster-cv/ros_ws/install/polystar_msgs/include/polystar_msgs/polystar_msgs/msg/detail/target__traits.hpp
-- Up-to-date: /home/ozone/robomaster-cv/ros_ws/install/polystar_msgs/include/polystar_msgs/polystar_msgs/msg/detail/position_feedback__builder.hpp
-- Up-to-date: /home/ozone/robomaster-cv/ros_ws/install/polystar_msgs/include/polystar_msgs/polystar_msgs/msg/detail/target__struct.hpp
-- Up-to-date: /home/ozone/robomaster-cv/ros_ws/install/polystar_msgs/include/polystar_msgs/polystar_msgs/msg/detail/movement__struct.hpp
-- Up-to-date: /home/ozone/robomaster-cv/ros_ws/install/polystar_msgs/include/polystar_msgs/polystar_msgs/msg/detail/position_feedback__struct.hpp
-- Up-to-date: /home/ozone/robomaster-cv/ros_ws/install/polystar_msgs/include/polystar_msgs/polystar_msgs/msg/detail/hp__builder.hpp
-- Up-to-date: /home/ozone/robomaster-cv/ros_ws/install/polystar_msgs/include/polystar_msgs/polystar_msgs/msg/detail/hp__struct.hpp
-- Up-to-date: /home/ozone/robomaster-cv/ros_ws/install/polystar_msgs/include/polystar_msgs/polystar_msgs/msg/detail/game_stage__struct.hpp
-- Up-to-date: /home/ozone/robomaster-cv/ros_ws/install/polystar_msgs/include/polystar_msgs/polystar_msgs/msg/detail/game_status__traits.hpp
-- Up-to-date: /home/ozone/robomaster-cv/ros_ws/install/polystar_msgs/include/polystar_msgs/polystar_msgs/msg/detail/switch_order__builder.hpp
-- Up-to-date: /home/ozone/robomaster-cv/ros_ws/install/polystar_msgs/include/polystar_msgs/polystar_msgs/msg/detail/game_status__builder.hpp
-- Up-to-date: /home/ozone/robomaster-cv/ros_ws/install/polystar_msgs/include/polystar_msgs/polystar_msgs
-- Up-to-date: /home/ozone/robomaster-cv/ros_ws/install/polystar_msgs/include/polystar_msgs/polystar_msgs/msg
-- Up-to-date: /home/ozone/robomaster-cv/ros_ws/install/polystar_msgs/include/polystar_msgs/polystar_msgs/msg/rosidl_typesupport_fastrtps_cpp__visibility_control.h
-- Up-to-date: /home/ozone/robomaster-cv/ros_ws/install/polystar_msgs/include/polystar_msgs/polystar_msgs/msg/detail
-- Up-to-date: /home/ozone/robomaster-cv/ros_ws/install/polystar_msgs/include/polystar_msgs/polystar_msgs/msg/detail/game_stage__rosidl_typesupport_fastrtps_cpp.hpp
-- Up-to-date: /home/ozone/robomaster-cv/ros_ws/install/polystar_msgs/include/polystar_msgs/polystar_msgs/msg/detail/turret_feedback__rosidl_typesupport_fastrtps_cpp.hpp
-- Up-to-date: /home/ozone/robomaster-cv/ros_ws/install/polystar_msgs/include/polystar_msgs/polystar_msgs/msg/detail/switch_order__rosidl_typesupport_fastrtps_cpp.hpp
-- Up-to-date: /home/ozone/robomaster-cv/ros_ws/install/polystar_msgs/include/polystar_msgs/polystar_msgs/msg/detail/movement__rosidl_typesupport_fastrtps_cpp.hpp
-- Up-to-date: /home/ozone/robomaster-cv/ros_ws/install/polystar_msgs/include/polystar_msgs/polystar_msgs/msg/detail/position_feedback__rosidl_typesupport_fastrtps_cpp.hpp
-- Up-to-date: /home/ozone/robomaster-cv/ros_ws/install/polystar_msgs/include/polystar_msgs/polystar_msgs/msg/detail/game_status__rosidl_typesupport_fastrtps_cpp.hpp
-- Up-to-date: /home/ozone/robomaster-cv/ros_ws/install/polystar_msgs/include/polystar_msgs/polystar_msgs/msg/detail/target__rosidl_typesupport_fastrtps_cpp.hpp
-- Up-to-date: /home/ozone/robomaster-cv/ros_ws/install/polystar_msgs/include/polystar_msgs/polystar_msgs/msg/detail/dds_fastrtps
-- Up-to-date: /home/ozone/robomaster-cv/ros_ws/install/polystar_msgs/include/polystar_msgs/polystar_msgs/msg/detail/hp__rosidl_typesupport_fastrtps_cpp.hpp
-- Up-to-date: /home/ozone/robomaster-cv/ros_ws/install/polystar_msgs/include/polystar_msgs/polystar_msgs/msg/detail/shoot__rosidl_typesupport_fastrtps_cpp.hpp
-- Up-to-date: /home/ozone/robomaster-cv/ros_ws/install/polystar_msgs/lib/libpolystar_msgs__rosidl_typesupport_fastrtps_cpp.so
-- Up-to-date: /home/ozone/robomaster-cv/ros_ws/install/polystar_msgs/include/polystar_msgs/polystar_msgs
-- Up-to-date: /home/ozone/robomaster-cv/ros_ws/install/polystar_msgs/include/polystar_msgs/polystar_msgs/msg
-- Up-to-date: /home/ozone/robomaster-cv/ros_ws/install/polystar_msgs/include/polystar_msgs/polystar_msgs/msg/rosidl_typesupport_introspection_c__visibility_control.h
-- Up-to-date: /home/ozone/robomaster-cv/ros_ws/install/polystar_msgs/include/polystar_msgs/polystar_msgs/msg/detail
-- Up-to-date: /home/ozone/robomaster-cv/ros_ws/install/polystar_msgs/include/polystar_msgs/polystar_msgs/msg/detail/switch_order__rosidl_typesupport_introspection_c.h
-- Up-to-date: /home/ozone/robomaster-cv/ros_ws/install/polystar_msgs/include/polystar_msgs/polystar_msgs/msg/detail/position_feedback__type_support.c
-- Up-to-date: /home/ozone/robomaster-cv/ros_ws/install/polystar_msgs/include/polystar_msgs/polystar_msgs/msg/detail/switch_order__type_support.c
-- Up-to-date: /home/ozone/robomaster-cv/ros_ws/install/polystar_msgs/include/polystar_msgs/polystar_msgs/msg/detail/game_stage__rosidl_typesupport_introspection_c.h
-- Up-to-date: /home/ozone/robomaster-cv/ros_ws/install/polystar_msgs/include/polystar_msgs/polystar_msgs/msg/detail/target__rosidl_typesupport_introspection_c.h
-- Up-to-date: /home/ozone/robomaster-cv/ros_ws/install/polystar_msgs/include/polystar_msgs/polystar_msgs/msg/detail/game_status__type_support.c
-- Up-to-date: /home/ozone/robomaster-cv/ros_ws/install/polystar_msgs/include/polystar_msgs/polystar_msgs/msg/detail/target__type_support.c
-- Up-to-date: /home/ozone/robomaster-cv/ros_ws/install/polystar_msgs/include/polystar_msgs/polystar_msgs/msg/detail/hp__rosidl_typesupport_introspection_c.h
-- Up-to-date: /home/ozone/robomaster-cv/ros_ws/install/polystar_msgs/include/polystar_msgs/polystar_msgs/msg/detail/shoot__rosidl_typesupport_introspection_c.h
-- Up-to-date: /home/ozone/robomaster-cv/ros_ws/install/polystar_msgs/include/polystar_msgs/polystar_msgs/msg/detail/turret_feedback__type_support.c
-- Up-to-date: /home/ozone/robomaster-cv/ros_ws/install/polystar_msgs/include/polystar_msgs/polystar_msgs/msg/detail/movement__rosidl_typesupport_introspection_c.h
-- Up-to-date: /home/ozone/robomaster-cv/ros_ws/install/polystar_msgs/include/polystar_msgs/polystar_msgs/msg/detail/shoot__type_support.c
-- Up-to-date: /home/ozone/robomaster-cv/ros_ws/install/polystar_msgs/include/polystar_msgs/polystar_msgs/msg/detail/hp__type_support.c
-- Up-to-date: /home/ozone/robomaster-cv/ros_ws/install/polystar_msgs/include/polystar_msgs/polystar_msgs/msg/detail/game_stage__type_support.c
-- Up-to-date: /home/ozone/robomaster-cv/ros_ws/install/polystar_msgs/include/polystar_msgs/polystar_msgs/msg/detail/turret_feedback__rosidl_typesupport_introspection_c.h
-- Up-to-date: /home/ozone/robomaster-cv/ros_ws/install/polystar_msgs/include/polystar_msgs/polystar_msgs/msg/detail/position_feedback__rosidl_typesupport_introspection_c.h
-- Up-to-date: /home/ozone/robomaster-cv/ros_ws/install/polystar_msgs/include/polystar_msgs/polystar_msgs/msg/detail/game_status__rosidl_typesupport_introspection_c.h
-- Up-to-date: /home/ozone/robomaster-cv/ros_ws/install/polystar_msgs/include/polystar_msgs/polystar_msgs/msg/detail/movement__type_support.c
-- Up-to-date: /home/ozone/robomaster-cv/ros_ws/install/polystar_msgs/lib/libpolystar_msgs__rosidl_typesupport_introspection_c.so
-- Up-to-date: /home/ozone/robomaster-cv/ros_ws/install/polystar_msgs/lib/libpolystar_msgs__rosidl_typesupport_c.so
-- Up-to-date: /home/ozone/robomaster-cv/ros_ws/install/polystar_msgs/include/polystar_msgs/polystar_msgs
-- Up-to-date: /home/ozone/robomaster-cv/ros_ws/install/polystar_msgs/include/polystar_msgs/polystar_msgs/msg
-- Up-to-date: /home/ozone/robomaster-cv/ros_ws/install/polystar_msgs/include/polystar_msgs/polystar_msgs/msg/detail
-- Up-to-date: /home/ozone/robomaster-cv/ros_ws/install/polystar_msgs/include/polystar_msgs/polystar_msgs/msg/detail/target__type_support.cpp
-- Up-to-date: /home/ozone/robomaster-cv/ros_ws/install/polystar_msgs/include/polystar_msgs/polystar_msgs/msg/detail/hp__rosidl_typesupport_introspection_cpp.hpp
-- Up-to-date: /home/ozone/robomaster-cv/ros_ws/install/polystar_msgs/include/polystar_msgs/polystar_msgs/msg/detail/game_stage__type_support.cpp
-- Up-to-date: /home/ozone/robomaster-cv/ros_ws/install/polystar_msgs/include/polystar_msgs/polystar_msgs/msg/detail/switch_order__rosidl_typesupport_introspection_cpp.hpp
-- Up-to-date: /home/ozone/robomaster-cv/ros_ws/install/polystar_msgs/include/polystar_msgs/polystar_msgs/msg/detail/movement__type_support.cpp
-- Up-to-date: /home/ozone/robomaster-cv/ros_ws/install/polystar_msgs/include/polystar_msgs/polystar_msgs/msg/detail/turret_feedback__rosidl_typesupport_introspection_cpp.hpp
-- Up-to-date: /home/ozone/robomaster-cv/ros_ws/install/polystar_msgs/include/polystar_msgs/polystar_msgs/msg/detail/target__rosidl_typesupport_introspection_cpp.hpp
-- Up-to-date: /home/ozone/robomaster-cv/ros_ws/install/polystar_msgs/include/polystar_msgs/polystar_msgs/msg/detail/game_status__rosidl_typesupport_introspection_cpp.hpp
-- Up-to-date: /home/ozone/robomaster-cv/ros_ws/install/polystar_msgs/include/polystar_msgs/polystar_msgs/msg/detail/game_stage__rosidl_typesupport_introspection_cpp.hpp
-- Up-to-date: /home/ozone/robomaster-cv/ros_ws/install/polystar_msgs/include/polystar_msgs/polystar_msgs/msg/detail/shoot__rosidl_typesupport_introspection_cpp.hpp
-- Up-to-date: /home/ozone/robomaster-cv/ros_ws/install/polystar_msgs/include/polystar_msgs/polystar_msgs/msg/detail/game_status__type_support.cpp
-- Up-to-date: /home/ozone/robomaster-cv/ros_ws/install/polystar_msgs/include/polystar_msgs/polystar_msgs/msg/detail/switch_order__type_support.cpp
-- Up-to-date: /home/ozone/robomaster-cv/ros_ws/install/polystar_msgs/include/polystar_msgs/polystar_msgs/msg/detail/turret_feedback__type_support.cpp
-- Up-to-date: /home/ozone/robomaster-cv/ros_ws/install/polystar_msgs/include/polystar_msgs/polystar_msgs/msg/detail/movement__rosidl_typesupport_introspection_cpp.hpp
-- Up-to-date: /home/ozone/robomaster-cv/ros_ws/install/polystar_msgs/include/polystar_msgs/polystar_msgs/msg/detail/position_feedback__type_support.cpp
-- Up-to-date: /home/ozone/robomaster-cv/ros_ws/install/polystar_msgs/include/polystar_msgs/polystar_msgs/msg/detail/position_feedback__rosidl_typesupport_introspection_cpp.hpp
-- Up-to-date: /home/ozone/robomaster-cv/ros_ws/install/polystar_msgs/include/polystar_msgs/polystar_msgs/msg/detail/hp__type_support.cpp
-- Up-to-date: /home/ozone/robomaster-cv/ros_ws/install/polystar_msgs/include/polystar_msgs/polystar_msgs/msg/detail/shoot__type_support.cpp
-- Up-to-date: /home/ozone/robomaster-cv/ros_ws/install/polystar_msgs/lib/libpolystar_msgs__rosidl_typesupport_introspection_cpp.so
-- Up-to-date: /home/ozone/robomaster-cv/ros_ws/install/polystar_msgs/lib/libpolystar_msgs__rosidl_typesupport_cpp.so
-- Up-to-date: /home/ozone/robomaster-cv/ros_ws/install/polystar_msgs/share/polystar_msgs/environment/pythonpath.sh
-- Up-to-date: /home/ozone/robomaster-cv/ros_ws/install/polystar_msgs/share/polystar_msgs/environment/pythonpath.dsv
-- Up-to-date: /home/ozone/robomaster-cv/ros_ws/install/polystar_msgs/lib/python3.10/site-packages/polystar_msgs-0.1.0-py3.10.egg-info
-- Installing: /home/ozone/robomaster-cv/ros_ws/install/polystar_msgs/lib/python3.10/site-packages/polystar_msgs-0.1.0-py3.10.egg-info/PKG-INFO
-- Installing: /home/ozone/robomaster-cv/ros_ws/install/polystar_msgs/lib/python3.10/site-packages/polystar_msgs-0.1.0-py3.10.egg-info/dependency_links.txt
-- Installing: /home/ozone/robomaster-cv/ros_ws/install/polystar_msgs/lib/python3.10/site-packages/polystar_msgs-0.1.0-py3.10.egg-info/SOURCES.txt
-- Installing: /home/ozone/robomaster-cv/ros_ws/install/polystar_msgs/lib/python3.10/site-packages/polystar_msgs-0.1.0-py3.10.egg-info/top_level.txt
-- Up-to-date: /home/ozone/robomaster-cv/ros_ws/install/polystar_msgs/lib/python3.10/site-packages/polystar_msgs
-- Up-to-date: /home/ozone/robomaster-cv/ros_ws/install/polystar_msgs/lib/python3.10/site-packages/polystar_msgs/_polystar_msgs_s.ep.rosidl_typesupport_c.c
-- Up-to-date: /home/ozone/robomaster-cv/ros_ws/install/polystar_msgs/lib/python3.10/site-packages/polystar_msgs/polystar_msgs_s__rosidl_typesupport_c.cpython-310-x86_64-linux-gnu.so
-- Up-to-date: /home/ozone/robomaster-cv/ros_ws/install/polystar_msgs/lib/python3.10/site-packages/polystar_msgs/polystar_msgs_s__rosidl_typesupport_fastrtps_c.cpython-310-x86_64-linux-gnu.so
-- Installing: /home/ozone/robomaster-cv/ros_ws/install/polystar_msgs/lib/python3.10/site-packages/polystar_msgs/__init__.py
-- Up-to-date: /home/ozone/robomaster-cv/ros_ws/install/polystar_msgs/lib/python3.10/site-packages/polystar_msgs/_polystar_msgs_s.ep.rosidl_typesupport_fastrtps_c.c
-- Up-to-date: /home/ozone/robomaster-cv/ros_ws/install/polystar_msgs/lib/python3.10/site-packages/polystar_msgs/libpolystar_msgs__rosidl_generator_py.so
-- Up-to-date: /home/ozone/robomaster-cv/ros_ws/install/polystar_msgs/lib/python3.10/site-packages/polystar_msgs/polystar_msgs_s__rosidl_typesupport_introspection_c.cpython-310-x86_64-linux-gnu.so
-- Up-to-date: /home/ozone/robomaster-cv/ros_ws/install/polystar_msgs/lib/python3.10/site-packages/polystar_msgs/msg
-- Up-to-date: /home/ozone/robomaster-cv/ros_ws/install/polystar_msgs/lib/python3.10/site-packages/polystar_msgs/msg/_turret_feedback_s.c
-- Up-to-date: /home/ozone/robomaster-cv/ros_ws/install/polystar_msgs/lib/python3.10/site-packages/polystar_msgs/msg/_game_stage.py
-- Up-to-date: /home/ozone/robomaster-cv/ros_ws/install/polystar_msgs/lib/python3.10/site-packages/polystar_msgs/msg/_position_feedback_s.c
-- Up-to-date: /home/ozone/robomaster-cv/ros_ws/install/polystar_msgs/lib/python3.10/site-packages/polystar_msgs/msg/_position_feedback.py
-- Up-to-date: /home/ozone/robomaster-cv/ros_ws/install/polystar_msgs/lib/python3.10/site-packages/polystar_msgs/msg/_turret_feedback.py
-- Up-to-date: /home/ozone/robomaster-cv/ros_ws/install/polystar_msgs/lib/python3.10/site-packages/polystar_msgs/msg/_hp_s.c
-- Up-to-date: /home/ozone/robomaster-cv/ros_ws/install/polystar_msgs/lib/python3.10/site-packages/polystar_msgs/msg/_shoot.py
-- Up-to-date: /home/ozone/robomaster-cv/ros_ws/install/polystar_msgs/lib/python3.10/site-packages/polystar_msgs/msg/_hp.py
-- Up-to-date: /home/ozone/robomaster-cv/ros_ws/install/polystar_msgs/lib/python3.10/site-packages/polystar_msgs/msg/_target_s.c
-- Up-to-date: /home/ozone/robomaster-cv/ros_ws/install/polystar_msgs/lib/python3.10/site-packages/polystar_msgs/msg/_switch_order_s.c
-- Up-to-date: /home/ozone/robomaster-cv/ros_ws/install/polystar_msgs/lib/python3.10/site-packages/polystar_msgs/msg/_shoot_s.c
-- Up-to-date: /home/ozone/robomaster-cv/ros_ws/install/polystar_msgs/lib/python3.10/site-packages/polystar_msgs/msg/__init__.py
-- Up-to-date: /home/ozone/robomaster-cv/ros_ws/install/polystar_msgs/lib/python3.10/site-packages/polystar_msgs/msg/_switch_order.py
-- Up-to-date: /home/ozone/robomaster-cv/ros_ws/install/polystar_msgs/lib/python3.10/site-packages/polystar_msgs/msg/_target.py
-- Up-to-date: /home/ozone/robomaster-cv/ros_ws/install/polystar_msgs/lib/python3.10/site-packages/polystar_msgs/msg/_game_status.py
-- Up-to-date: /home/ozone/robomaster-cv/ros_ws/install/polystar_msgs/lib/python3.10/site-packages/polystar_msgs/msg/_movement.py
-- Up-to-date: /home/ozone/robomaster-cv/ros_ws/install/polystar_msgs/lib/python3.10/site-packages/polystar_msgs/msg/_game_status_s.c
-- Up-to-date: /home/ozone/robomaster-cv/ros_ws/install/polystar_msgs/lib/python3.10/site-packages/polystar_msgs/msg/_movement_s.c
-- Up-to-date: /home/ozone/robomaster-cv/ros_ws/install/polystar_msgs/lib/python3.10/site-packages/polystar_msgs/msg/_game_stage_s.c
-- Up-to-date: /home/ozone/robomaster-cv/ros_ws/install/polystar_msgs/lib/python3.10/site-packages/polystar_msgs/_polystar_msgs_s.ep.rosidl_typesupport_introspection_c.c
Listing '/home/ozone/robomaster-cv/ros_ws/install/polystar_msgs/lib/python3.10/site-packages/polystar_msgs'...
Compiling '/home/ozone/robomaster-cv/ros_ws/install/polystar_msgs/lib/python3.10/site-packages/polystar_msgs/__init__.py'...
Listing '/home/ozone/robomaster-cv/ros_ws/install/polystar_msgs/lib/python3.10/site-packages/polystar_msgs/msg'...
-- Up-to-date: /home/ozone/robomaster-cv/ros_ws/install/polystar_msgs/lib/python3.10/site-packages/polystar_msgs/polystar_msgs_s__rosidl_typesupport_fastrtps_c.cpython-310-x86_64-linux-gnu.so
-- Up-to-date: /home/ozone/robomaster-cv/ros_ws/install/polystar_msgs/lib/python3.10/site-packages/polystar_msgs/polystar_msgs_s__rosidl_typesupport_introspection_c.cpython-310-x86_64-linux-gnu.so
-- Up-to-date: /home/ozone/robomaster-cv/ros_ws/install/polystar_msgs/lib/python3.10/site-packages/polystar_msgs/polystar_msgs_s__rosidl_typesupport_c.cpython-310-x86_64-linux-gnu.so
-- Up-to-date: /home/ozone/robomaster-cv/ros_ws/install/polystar_msgs/lib/libpolystar_msgs__rosidl_generator_py.so
-- Up-to-date: /home/ozone/robomaster-cv/ros_ws/install/polystar_msgs/share/polystar_msgs/msg/HP.idl
-- Up-to-date: /home/ozone/robomaster-cv/ros_ws/install/polystar_msgs/share/polystar_msgs/msg/SwitchOrder.idl
-- Up-to-date: /home/ozone/robomaster-cv/ros_ws/install/polystar_msgs/share/polystar_msgs/msg/Target.idl
-- Up-to-date: /home/ozone/robomaster-cv/ros_ws/install/polystar_msgs/share/polystar_msgs/msg/Movement.idl
-- Up-to-date: /home/ozone/robomaster-cv/ros_ws/install/polystar_msgs/share/polystar_msgs/msg/GameStatus.idl
-- Up-to-date: /home/ozone/robomaster-cv/ros_ws/install/polystar_msgs/share/polystar_msgs/msg/GameStage.idl
-- Up-to-date: /home/ozone/robomaster-cv/ros_ws/install/polystar_msgs/share/polystar_msgs/msg/TurretFeedback.idl
-- Up-to-date: /home/ozone/robomaster-cv/ros_ws/install/polystar_msgs/share/polystar_msgs/msg/PositionFeedback.idl
-- Up-to-date: /home/ozone/robomaster-cv/ros_ws/install/polystar_msgs/share/polystar_msgs/msg/Shoot.idl
-- Up-to-date: /home/ozone/robomaster-cv/ros_ws/install/polystar_msgs/share/polystar_msgs/msg/HP.msg
-- Up-to-date: /home/ozone/robomaster-cv/ros_ws/install/polystar_msgs/share/polystar_msgs/msg/SwitchOrder.msg
-- Up-to-date: /home/ozone/robomaster-cv/ros_ws/install/polystar_msgs/share/polystar_msgs/msg/Target.msg
-- Up-to-date: /home/ozone/robomaster-cv/ros_ws/install/polystar_msgs/share/polystar_msgs/msg/Movement.msg
-- Up-to-date: /home/ozone/robomaster-cv/ros_ws/install/polystar_msgs/share/polystar_msgs/msg/GameStatus.msg
-- Up-to-date: /home/ozone/robomaster-cv/ros_ws/install/polystar_msgs/share/polystar_msgs/msg/GameStage.msg
-- Up-to-date: /home/ozone/robomaster-cv/ros_ws/install/polystar_msgs/share/polystar_msgs/msg/TurretFeedback.msg
-- Up-to-date: /home/ozone/robomaster-cv/ros_ws/install/polystar_msgs/share/polystar_msgs/msg/PositionFeedback.msg
-- Up-to-date: /home/ozone/robomaster-cv/ros_ws/install/polystar_msgs/share/polystar_msgs/msg/Shoot.msg
-- Installing: /home/ozone/robomaster-cv/ros_ws/install/polystar_msgs/share/ament_index/resource_index/package_run_dependencies/polystar_msgs
-- Installing: /home/ozone/robomaster-cv/ros_ws/install/polystar_msgs/share/ament_index/resource_index/parent_prefix_path/polystar_msgs
-- Installing: /home/ozone/robomaster-cv/ros_ws/install/polystar_msgs/share/polystar_msgs/environment/ament_prefix_path.sh
-- Installing: /home/ozone/robomaster-cv/ros_ws/install/polystar_msgs/share/polystar_msgs/environment/ament_prefix_path.dsv
-- Installing: /home/ozone/robomaster-cv/ros_ws/install/polystar_msgs/share/polystar_msgs/environment/path.sh
-- Installing: /home/ozone/robomaster-cv/ros_ws/install/polystar_msgs/share/polystar_msgs/environment/path.dsv
-- Installing: /home/ozone/robomaster-cv/ros_ws/install/polystar_msgs/share/polystar_msgs/local_setup.bash
-- Installing: /home/ozone/robomaster-cv/ros_ws/install/polystar_msgs/share/polystar_msgs/local_setup.sh
-- Installing: /home/ozone/robomaster-cv/ros_ws/install/polystar_msgs/share/polystar_msgs/local_setup.zsh
-- Installing: /home/ozone/robomaster-cv/ros_ws/install/polystar_msgs/share/polystar_msgs/local_setup.dsv
-- Installing: /home/ozone/robomaster-cv/ros_ws/install/polystar_msgs/share/polystar_msgs/package.dsv
-- Installing: /home/ozone/robomaster-cv/ros_ws/install/polystar_msgs/share/ament_index/resource_index/packages/polystar_msgs
-- Installing: /home/ozone/robomaster-cv/ros_ws/install/polystar_msgs/share/polystar_msgs/cmake/export_polystar_msgs__rosidl_generator_cExport.cmake
-- Installing: /home/ozone/robomaster-cv/ros_ws/install/polystar_msgs/share/polystar_msgs/cmake/export_polystar_msgs__rosidl_generator_cExport-noconfig.cmake
-- Installing: /home/ozone/robomaster-cv/ros_ws/install/polystar_msgs/share/polystar_msgs/cmake/export_polystar_msgs__rosidl_typesupport_fastrtps_cExport.cmake
-- Installing: /home/ozone/robomaster-cv/ros_ws/install/polystar_msgs/share/polystar_msgs/cmake/export_polystar_msgs__rosidl_typesupport_fastrtps_cExport-noconfig.cmake
-- Installing: /home/ozone/robomaster-cv/ros_ws/install/polystar_msgs/share/polystar_msgs/cmake/export_polystar_msgs__rosidl_generator_cppExport.cmake
-- Installing: /home/ozone/robomaster-cv/ros_ws/install/polystar_msgs/share/polystar_msgs/cmake/export_polystar_msgs__rosidl_typesupport_fastrtps_cppExport.cmake
-- Installing: /home/ozone/robomaster-cv/ros_ws/install/polystar_msgs/share/polystar_msgs/cmake/export_polystar_msgs__rosidl_typesupport_fastrtps_cppExport-noconfig.cmake
-- Installing: /home/ozone/robomaster-cv/ros_ws/install/polystar_msgs/share/polystar_msgs/cmake/polystar_msgs__rosidl_typesupport_introspection_cExport.cmake
-- Installing: /home/ozone/robomaster-cv/ros_ws/install/polystar_msgs/share/polystar_msgs/cmake/polystar_msgs__rosidl_typesupport_introspection_cExport-noconfig.cmake
-- Installing: /home/ozone/robomaster-cv/ros_ws/install/polystar_msgs/share/polystar_msgs/cmake/polystar_msgs__rosidl_typesupport_cExport.cmake
-- Installing: /home/ozone/robomaster-cv/ros_ws/install/polystar_msgs/share/polystar_msgs/cmake/polystar_msgs__rosidl_typesupport_cExport-noconfig.cmake
-- Installing: /home/ozone/robomaster-cv/ros_ws/install/polystar_msgs/share/polystar_msgs/cmake/polystar_msgs__rosidl_typesupport_introspection_cppExport.cmake
-- Installing: /home/ozone/robomaster-cv/ros_ws/install/polystar_msgs/share/polystar_msgs/cmake/polystar_msgs__rosidl_typesupport_introspection_cppExport-noconfig.cmake
-- Installing: /home/ozone/robomaster-cv/ros_ws/install/polystar_msgs/share/polystar_msgs/cmake/polystar_msgs__rosidl_typesupport_cppExport.cmake
-- Installing: /home/ozone/robomaster-cv/ros_ws/install/polystar_msgs/share/polystar_msgs/cmake/polystar_msgs__rosidl_typesupport_cppExport-noconfig.cmake
-- Installing: /home/ozone/robomaster-cv/ros_ws/install/polystar_msgs/share/polystar_msgs/cmake/export_polystar_msgs__rosidl_generator_pyExport.cmake
-- Installing: /home/ozone/robomaster-cv/ros_ws/install/polystar_msgs/share/polystar_msgs/cmake/export_polystar_msgs__rosidl_generator_pyExport-noconfig.cmake
-- Installing: /home/ozone/robomaster-cv/ros_ws/install/polystar_msgs/share/polystar_msgs/cmake/rosidl_cmake-extras.cmake
-- Installing: /home/ozone/robomaster-cv/ros_ws/install/polystar_msgs/share/polystar_msgs/cmake/ament_cmake_export_dependencies-extras.cmake
-- Installing: /home/ozone/robomaster-cv/ros_ws/install/polystar_msgs/share/polystar_msgs/cmake/ament_cmake_export_include_directories-extras.cmake
-- Installing: /home/ozone/robomaster-cv/ros_ws/install/polystar_msgs/share/polystar_msgs/cmake/ament_cmake_export_libraries-extras.cmake
-- Installing: /home/ozone/robomaster-cv/ros_ws/install/polystar_msgs/share/polystar_msgs/cmake/ament_cmake_export_targets-extras.cmake
-- Installing: /home/ozone/robomaster-cv/ros_ws/install/polystar_msgs/share/polystar_msgs/cmake/rosidl_cmake_export_typesupport_targets-extras.cmake
-- Installing: /home/ozone/robomaster-cv/ros_ws/install/polystar_msgs/share/polystar_msgs/cmake/rosidl_cmake_export_typesupport_libraries-extras.cmake
-- Installing: /home/ozone/robomaster-cv/ros_ws/install/polystar_msgs/share/polystar_msgs/cmake/polystar_msgsConfig.cmake
-- Installing: /home/ozone/robomaster-cv/ros_ws/install/polystar_msgs/share/polystar_msgs/cmake/polystar_msgsConfig-version.cmake
-- Installing: /home/ozone/robomaster-cv/ros_ws/install/polystar_msgs/share/polystar_msgs/package.xml
