[0.132s] Invoking command in '/home/ozone/robomaster-cv/ros_ws/build/serial': LD_LIBRARY_PATH=/home/ozone/robomaster-cv/ros_ws/install/polystar_msgs/lib:${LD_LIBRARY_PATH} PYTHONPATH=/home/ozone/robomaster-cv/ros_ws/install/polystar_msgs/lib/python3.10/site-packages:${PYTHONPATH} /usr/bin/cmake --build /home/ozone/robomaster-cv/ros_ws/build/serial -- -j16 -l16
[0.147s] -- Found ament_cmake_ros: 0.11.2 (/opt/ros/iron/share/ament_cmake_ros/cmake)
[0.231s] -- Found rclcpp: 21.0.7 (/opt/ros/iron/share/rclcpp/cmake)
[0.409s] -- Found rosidl_generator_c: 4.0.1 (/opt/ros/iron/share/rosidl_generator_c/cmake)
[0.414s] -- Found rosidl_generator_cpp: 4.0.1 (/opt/ros/iron/share/rosidl_generator_cpp/cmake)
[0.421s] -- Using all available rosidl_typesupport_c: rosidl_typesupport_fastrtps_c;rosidl_typesupport_introspection_c
[0.430s] -- Using all available rosidl_typesupport_cpp: rosidl_typesupport_fastrtps_cpp;rosidl_typesupport_introspection_cpp
[0.533s] -- Found rmw_implementation_cmake: 7.1.0 (/opt/ros/iron/share/rmw_implementation_cmake/cmake)
[0.535s] -- Found rmw_fastrtps_cpp: 7.1.4 (/opt/ros/iron/share/rmw_fastrtps_cpp/cmake)
[6.146s] -- Using RMW implementation 'rmw_fastrtps_cpp' as default
[7.372s] [31mCMake Error at CMakeLists.txt:10 (find_package):
[7.372s]   By not providing "Findpolystar_msgs.cmake" in CMAKE_MODULE_PATH this
[7.372s]   project has asked CMake to find a package configuration file provided by
[7.372s]   "polystar_msgs", but CMake did not find one.
[7.372s] 
[7.372s]   Could not find a package configuration file provided by "polystar_msgs"
[7.372s]   with any of the following names:
[7.372s] 
[7.372s]     polystar_msgsConfig.cmake
[7.372s]     polystar_msgs-config.cmake
[7.372s] 
[7.372s]   Add the installation prefix of "polystar_msgs" to CMAKE_PREFIX_PATH or set
[7.372s]   "polystar_msgs_DIR" to a directory containing one of the above files.  If
[7.372s]   "polystar_msgs" provides a separate development package or SDK, be sure it
[7.372s]   has been installed.
[7.372s] 
[7.372s] [0m
[7.372s] -- Configuring incomplete, errors occurred!
[7.372s] See also "/home/ozone/robomaster-cv/ros_ws/build/serial/CMakeFiles/CMakeOutput.log".
[7.376s] gmake: *** [Makefile:3043: cmake_check_build_system] Error 1
[7.377s] Invoked command in '/home/ozone/robomaster-cv/ros_ws/build/serial' returned '2': LD_LIBRARY_PATH=/home/ozone/robomaster-cv/ros_ws/install/polystar_msgs/lib:${LD_LIBRARY_PATH} PYTHONPATH=/home/ozone/robomaster-cv/ros_ws/install/polystar_msgs/lib/python3.10/site-packages:${PYTHONPATH} /usr/bin/cmake --build /home/ozone/robomaster-cv/ros_ws/build/serial -- -j16 -l16
