-- Found std_msgs: 5.0.1 (/opt/ros/iron/share/std_msgs/cmake)
-- Found rosidl_generator_c: 4.0.1 (/opt/ros/iron/share/rosidl_generator_c/cmake)
-- Found rosidl_generator_cpp: 4.0.1 (/opt/ros/iron/share/rosidl_generator_cpp/cmake)
-- Using all available rosidl_typesupport_c: rosidl_typesupport_fastrtps_c;rosidl_typesupport_introspection_c
-- Using all available rosidl_typesupport_cpp: rosidl_typesupport_fastrtps_cpp;rosidl_typesupport_introspection_cpp
-- Found rosidl_default_generators: 1.5.0 (/opt/ros/iron/share/rosidl_default_generators/cmake)
-- Found rosidl_adapter: 4.0.1 (/opt/ros/iron/share/rosidl_adapter/cmake)
-- Found ament_cmake_ros: 0.11.2 (/opt/ros/iron/share/ament_cmake_ros/cmake)
-- Using all available rosidl_typesupport_c: rosidl_typesupport_fastrtps_c;rosidl_typesupport_introspection_c
-- Using all available rosidl_typesupport_cpp: rosidl_typesupport_fastrtps_cpp;rosidl_typesupport_introspection_cpp
-- Found python_cmake_module: 0.10.2 (/opt/ros/iron/share/python_cmake_module/cmake)
-- Using PYTHON_EXECUTABLE: /usr/bin/python3
-- Using PYTHON_INCLUDE_DIRS: /usr/include/python3.10
-- Using PYTHON_LIBRARIES: /usr/lib/x86_64-linux-gnu/libpython3.10.so
-- Configuring done
-- Generating done
-- Build files have been written to: /home/ozone/robomaster-cv/ros_ws/build/polystar_msgs
[  1%] [34m[1mGenerating type hashes for ROS interfaces[0m
[  1%] Built target ament_cmake_python_copy_polystar_msgs
running egg_info
writing polystar_msgs.egg-info/PKG-INFO
writing dependency_links to polystar_msgs.egg-info/dependency_links.txt
writing top-level names to polystar_msgs.egg-info/top_level.txt
reading manifest file 'polystar_msgs.egg-info/SOURCES.txt'
writing manifest file 'polystar_msgs.egg-info/SOURCES.txt'
[  1%] Built target ament_cmake_python_build_polystar_msgs_egg
[  1%] Built target polystar_msgs__rosidl_generator_type_description
[  2%] [34m[1mGenerating C code for ROS interfaces[0m
[  2%] [34m[1mGenerating C++ code for ROS interfaces[0m
[  2%] Built target polystar_msgs__cpp
[  4%] [32mBuilding C object CMakeFiles/polystar_msgs__rosidl_generator_c.dir/rosidl_generator_c/polystar_msgs/msg/detail/hp__description.c.o[0m
[  4%] [32mBuilding C object CMakeFiles/polystar_msgs__rosidl_generator_c.dir/rosidl_generator_c/polystar_msgs/msg/detail/hp__functions.c.o[0m
[  5%] [32mBuilding C object CMakeFiles/polystar_msgs__rosidl_generator_c.dir/rosidl_generator_c/polystar_msgs/msg/detail/hp__type_support.c.o[0m
[  5%] [32mBuilding C object CMakeFiles/polystar_msgs__rosidl_generator_c.dir/rosidl_generator_c/polystar_msgs/msg/detail/switch_order__type_support.c.o[0m
[  6%] [32mBuilding C object CMakeFiles/polystar_msgs__rosidl_generator_c.dir/rosidl_generator_c/polystar_msgs/msg/detail/switch_order__description.c.o[0m
[  7%] [32mBuilding C object CMakeFiles/polystar_msgs__rosidl_generator_c.dir/rosidl_generator_c/polystar_msgs/msg/detail/switch_order__functions.c.o[0m
[  8%] [32mBuilding C object CMakeFiles/polystar_msgs__rosidl_generator_c.dir/rosidl_generator_c/polystar_msgs/msg/detail/target__functions.c.o[0m
[  9%] [32mBuilding C object CMakeFiles/polystar_msgs__rosidl_generator_c.dir/rosidl_generator_c/polystar_msgs/msg/detail/target__type_support.c.o[0m
[ 10%] [32mBuilding C object CMakeFiles/polystar_msgs__rosidl_generator_c.dir/rosidl_generator_c/polystar_msgs/msg/detail/target__description.c.o[0m
[ 11%] [32mBuilding C object CMakeFiles/polystar_msgs__rosidl_generator_c.dir/rosidl_generator_c/polystar_msgs/msg/detail/movement__description.c.o[0m
[ 12%] [32mBuilding C object CMakeFiles/polystar_msgs__rosidl_generator_c.dir/rosidl_generator_c/polystar_msgs/msg/detail/movement__type_support.c.o[0m
[ 12%] [32mBuilding C object CMakeFiles/polystar_msgs__rosidl_generator_c.dir/rosidl_generator_c/polystar_msgs/msg/detail/game_status__functions.c.o[0m
[ 13%] [32mBuilding C object CMakeFiles/polystar_msgs__rosidl_generator_c.dir/rosidl_generator_c/polystar_msgs/msg/detail/movement__functions.c.o[0m
[ 14%] [32mBuilding C object CMakeFiles/polystar_msgs__rosidl_generator_c.dir/rosidl_generator_c/polystar_msgs/msg/detail/game_status__type_support.c.o[0m
[ 15%] [32mBuilding C object CMakeFiles/polystar_msgs__rosidl_generator_c.dir/rosidl_generator_c/polystar_msgs/msg/detail/game_status__description.c.o[0m
[ 16%] [32mBuilding C object CMakeFiles/polystar_msgs__rosidl_generator_c.dir/rosidl_generator_c/polystar_msgs/msg/detail/game_stage__description.c.o[0m
[ 17%] [32mBuilding C object CMakeFiles/polystar_msgs__rosidl_generator_c.dir/rosidl_generator_c/polystar_msgs/msg/detail/game_stage__type_support.c.o[0m
[ 18%] [32mBuilding C object CMakeFiles/polystar_msgs__rosidl_generator_c.dir/rosidl_generator_c/polystar_msgs/msg/detail/game_stage__functions.c.o[0m
[ 19%] [32mBuilding C object CMakeFiles/polystar_msgs__rosidl_generator_c.dir/rosidl_generator_c/polystar_msgs/msg/detail/turret_feedback__functions.c.o[0m
[ 20%] [32mBuilding C object CMakeFiles/polystar_msgs__rosidl_generator_c.dir/rosidl_generator_c/polystar_msgs/msg/detail/turret_feedback__description.c.o[0m
[ 21%] [32mBuilding C object CMakeFiles/polystar_msgs__rosidl_generator_c.dir/rosidl_generator_c/polystar_msgs/msg/detail/turret_feedback__type_support.c.o[0m
[ 21%] [32mBuilding C object CMakeFiles/polystar_msgs__rosidl_generator_c.dir/rosidl_generator_c/polystar_msgs/msg/detail/position_feedback__description.c.o[0m
[ 22%] [32mBuilding C object CMakeFiles/polystar_msgs__rosidl_generator_c.dir/rosidl_generator_c/polystar_msgs/msg/detail/position_feedback__functions.c.o[0m
[ 23%] [32mBuilding C object CMakeFiles/polystar_msgs__rosidl_generator_c.dir/rosidl_generator_c/polystar_msgs/msg/detail/position_feedback__type_support.c.o[0m
[ 24%] [32mBuilding C object CMakeFiles/polystar_msgs__rosidl_generator_c.dir/rosidl_generator_c/polystar_msgs/msg/detail/shoot__functions.c.o[0m
[ 25%] [32mBuilding C object CMakeFiles/polystar_msgs__rosidl_generator_c.dir/rosidl_generator_c/polystar_msgs/msg/detail/shoot__description.c.o[0m
[ 26%] [32mBuilding C object CMakeFiles/polystar_msgs__rosidl_generator_c.dir/rosidl_generator_c/polystar_msgs/msg/detail/shoot__type_support.c.o[0m
[ 27%] [32m[1mLinking C shared library libpolystar_msgs__rosidl_generator_c.so[0m
[ 27%] Built target polystar_msgs__rosidl_generator_c
[ 28%] [34m[1mGenerating C++ type support dispatch for ROS interfaces[0m
[ 29%] [34m[1mGenerating C type support for eProsima Fast-RTPS[0m
[ 30%] [34m[1mGenerating C type support dispatch for ROS interfaces[0m
[ 31%] [34m[1mGenerating C++ introspection for ROS interfaces[0m
[ 32%] [34m[1mGenerating C introspection for ROS interfaces[0m
[ 33%] [34m[1mGenerating C++ type support for eProsima Fast-RTPS[0m
[ 34%] [32mBuilding CXX object CMakeFiles/polystar_msgs__rosidl_typesupport_c.dir/rosidl_typesupport_c/polystar_msgs/msg/hp__type_support.cpp.o[0m
[ 35%] [32mBuilding CXX object CMakeFiles/polystar_msgs__rosidl_typesupport_c.dir/rosidl_typesupport_c/polystar_msgs/msg/target__type_support.cpp.o[0m
[ 36%] [32mBuilding CXX object CMakeFiles/polystar_msgs__rosidl_typesupport_c.dir/rosidl_typesupport_c/polystar_msgs/msg/game_status__type_support.cpp.o[0m
[ 36%] [32mBuilding CXX object CMakeFiles/polystar_msgs__rosidl_typesupport_c.dir/rosidl_typesupport_c/polystar_msgs/msg/game_stage__type_support.cpp.o[0m
[ 37%] [32mBuilding CXX object CMakeFiles/polystar_msgs__rosidl_typesupport_c.dir/rosidl_typesupport_c/polystar_msgs/msg/switch_order__type_support.cpp.o[0m
[ 38%] [32mBuilding CXX object CMakeFiles/polystar_msgs__rosidl_typesupport_c.dir/rosidl_typesupport_c/polystar_msgs/msg/movement__type_support.cpp.o[0m
[ 39%] [32mBuilding CXX object CMakeFiles/polystar_msgs__rosidl_typesupport_c.dir/rosidl_typesupport_c/polystar_msgs/msg/position_feedback__type_support.cpp.o[0m
[ 40%] [32mBuilding CXX object CMakeFiles/polystar_msgs__rosidl_typesupport_c.dir/rosidl_typesupport_c/polystar_msgs/msg/turret_feedback__type_support.cpp.o[0m
[ 41%] [32mBuilding CXX object CMakeFiles/polystar_msgs__rosidl_typesupport_c.dir/rosidl_typesupport_c/polystar_msgs/msg/shoot__type_support.cpp.o[0m
[ 42%] [32m[1mLinking CXX shared library libpolystar_msgs__rosidl_typesupport_c.so[0m
[ 44%] [32mBuilding CXX object CMakeFiles/polystar_msgs__rosidl_typesupport_cpp.dir/rosidl_typesupport_cpp/polystar_msgs/msg/game_status__type_support.cpp.o[0m
[ 44%] [32mBuilding CXX object CMakeFiles/polystar_msgs__rosidl_typesupport_cpp.dir/rosidl_typesupport_cpp/polystar_msgs/msg/movement__type_support.cpp.o[0m
[ 45%] [32mBuilding CXX object CMakeFiles/polystar_msgs__rosidl_typesupport_cpp.dir/rosidl_typesupport_cpp/polystar_msgs/msg/switch_order__type_support.cpp.o[0m
[ 45%] [32mBuilding CXX object CMakeFiles/polystar_msgs__rosidl_typesupport_cpp.dir/rosidl_typesupport_cpp/polystar_msgs/msg/target__type_support.cpp.o[0m
[ 46%] [32mBuilding CXX object CMakeFiles/polystar_msgs__rosidl_typesupport_cpp.dir/rosidl_typesupport_cpp/polystar_msgs/msg/game_stage__type_support.cpp.o[0m
[ 47%] [32mBuilding CXX object CMakeFiles/polystar_msgs__rosidl_typesupport_cpp.dir/rosidl_typesupport_cpp/polystar_msgs/msg/turret_feedback__type_support.cpp.o[0m
[ 48%] [32mBuilding CXX object CMakeFiles/polystar_msgs__rosidl_typesupport_cpp.dir/rosidl_typesupport_cpp/polystar_msgs/msg/hp__type_support.cpp.o[0m
[ 49%] [32mBuilding CXX object CMakeFiles/polystar_msgs__rosidl_typesupport_cpp.dir/rosidl_typesupport_cpp/polystar_msgs/msg/shoot__type_support.cpp.o[0m
[ 50%] [32mBuilding CXX object CMakeFiles/polystar_msgs__rosidl_typesupport_cpp.dir/rosidl_typesupport_cpp/polystar_msgs/msg/position_feedback__type_support.cpp.o[0m
[ 51%] [32mBuilding CXX object CMakeFiles/polystar_msgs__rosidl_typesupport_introspection_cpp.dir/rosidl_typesupport_introspection_cpp/polystar_msgs/msg/detail/hp__type_support.cpp.o[0m
[ 51%] [32mBuilding CXX object CMakeFiles/polystar_msgs__rosidl_typesupport_introspection_cpp.dir/rosidl_typesupport_introspection_cpp/polystar_msgs/msg/detail/switch_order__type_support.cpp.o[0m
[ 52%] [32mBuilding CXX object CMakeFiles/polystar_msgs__rosidl_typesupport_introspection_cpp.dir/rosidl_typesupport_introspection_cpp/polystar_msgs/msg/detail/target__type_support.cpp.o[0m
[ 53%] [32mBuilding C object CMakeFiles/polystar_msgs__rosidl_typesupport_introspection_c.dir/rosidl_typesupport_introspection_c/polystar_msgs/msg/detail/hp__type_support.c.o[0m
[ 54%] [32mBuilding C object CMakeFiles/polystar_msgs__rosidl_typesupport_introspection_c.dir/rosidl_typesupport_introspection_c/polystar_msgs/msg/detail/switch_order__type_support.c.o[0m
[ 55%] [32mBuilding CXX object CMakeFiles/polystar_msgs__rosidl_typesupport_fastrtps_cpp.dir/rosidl_typesupport_fastrtps_cpp/polystar_msgs/msg/detail/dds_fastrtps/hp__type_support.cpp.o[0m
[ 56%] [32mBuilding C object CMakeFiles/polystar_msgs__rosidl_typesupport_introspection_c.dir/rosidl_typesupport_introspection_c/polystar_msgs/msg/detail/target__type_support.c.o[0m
[ 57%] [32mBuilding C object CMakeFiles/polystar_msgs__rosidl_typesupport_introspection_c.dir/rosidl_typesupport_introspection_c/polystar_msgs/msg/detail/movement__type_support.c.o[0m
[ 57%] Built target polystar_msgs__rosidl_typesupport_c
[ 58%] [32mBuilding C object CMakeFiles/polystar_msgs__rosidl_typesupport_introspection_c.dir/rosidl_typesupport_introspection_c/polystar_msgs/msg/detail/game_status__type_support.c.o[0m
[ 59%] [32mBuilding C object CMakeFiles/polystar_msgs__rosidl_typesupport_introspection_c.dir/rosidl_typesupport_introspection_c/polystar_msgs/msg/detail/game_stage__type_support.c.o[0m
[ 60%] [32mBuilding CXX object CMakeFiles/polystar_msgs__rosidl_typesupport_fastrtps_c.dir/rosidl_typesupport_fastrtps_c/polystar_msgs/msg/detail/hp__type_support_c.cpp.o[0m
[ 60%] [32mBuilding CXX object CMakeFiles/polystar_msgs__rosidl_typesupport_fastrtps_cpp.dir/rosidl_typesupport_fastrtps_cpp/polystar_msgs/msg/detail/dds_fastrtps/switch_order__type_support.cpp.o[0m
[ 60%] [32mBuilding C object CMakeFiles/polystar_msgs__rosidl_typesupport_introspection_c.dir/rosidl_typesupport_introspection_c/polystar_msgs/msg/detail/turret_feedback__type_support.c.o[0m
[ 61%] [32mBuilding C object CMakeFiles/polystar_msgs__rosidl_typesupport_introspection_c.dir/rosidl_typesupport_introspection_c/polystar_msgs/msg/detail/position_feedback__type_support.c.o[0m
[ 62%] [32mBuilding C object CMakeFiles/polystar_msgs__rosidl_typesupport_introspection_c.dir/rosidl_typesupport_introspection_c/polystar_msgs/msg/detail/shoot__type_support.c.o[0m
[ 63%] [32m[1mLinking C shared library libpolystar_msgs__rosidl_typesupport_introspection_c.so[0m
[ 64%] [32mBuilding CXX object CMakeFiles/polystar_msgs__rosidl_typesupport_fastrtps_c.dir/rosidl_typesupport_fastrtps_c/polystar_msgs/msg/detail/switch_order__type_support_c.cpp.o[0m
[ 65%] [32mBuilding CXX object CMakeFiles/polystar_msgs__rosidl_typesupport_fastrtps_c.dir/rosidl_typesupport_fastrtps_c/polystar_msgs/msg/detail/target__type_support_c.cpp.o[0m
[ 67%] [32mBuilding CXX object CMakeFiles/polystar_msgs__rosidl_typesupport_fastrtps_c.dir/rosidl_typesupport_fastrtps_c/polystar_msgs/msg/detail/movement__type_support_c.cpp.o[0m
[ 67%] [32mBuilding CXX object CMakeFiles/polystar_msgs__rosidl_typesupport_fastrtps_cpp.dir/rosidl_typesupport_fastrtps_cpp/polystar_msgs/msg/detail/dds_fastrtps/target__type_support.cpp.o[0m
[ 68%] [32mBuilding CXX object CMakeFiles/polystar_msgs__rosidl_typesupport_fastrtps_c.dir/rosidl_typesupport_fastrtps_c/polystar_msgs/msg/detail/game_status__type_support_c.cpp.o[0m
[ 69%] [32mBuilding CXX object CMakeFiles/polystar_msgs__rosidl_typesupport_fastrtps_c.dir/rosidl_typesupport_fastrtps_c/polystar_msgs/msg/detail/game_stage__type_support_c.cpp.o[0m
[ 70%] [32mBuilding CXX object CMakeFiles/polystar_msgs__rosidl_typesupport_introspection_cpp.dir/rosidl_typesupport_introspection_cpp/polystar_msgs/msg/detail/movement__type_support.cpp.o[0m
[ 71%] [32mBuilding CXX object CMakeFiles/polystar_msgs__rosidl_typesupport_introspection_cpp.dir/rosidl_typesupport_introspection_cpp/polystar_msgs/msg/detail/game_status__type_support.cpp.o[0m
[ 72%] [32mBuilding CXX object CMakeFiles/polystar_msgs__rosidl_typesupport_introspection_cpp.dir/rosidl_typesupport_introspection_cpp/polystar_msgs/msg/detail/game_stage__type_support.cpp.o[0m
[ 73%] [32m[1mLinking CXX shared library libpolystar_msgs__rosidl_typesupport_cpp.so[0m
[ 73%] [32mBuilding CXX object CMakeFiles/polystar_msgs__rosidl_typesupport_introspection_cpp.dir/rosidl_typesupport_introspection_cpp/polystar_msgs/msg/detail/turret_feedback__type_support.cpp.o[0m
[ 74%] [32mBuilding CXX object CMakeFiles/polystar_msgs__rosidl_typesupport_introspection_cpp.dir/rosidl_typesupport_introspection_cpp/polystar_msgs/msg/detail/position_feedback__type_support.cpp.o[0m
[ 74%] Built target polystar_msgs__rosidl_typesupport_introspection_c
[ 75%] [32mBuilding CXX object CMakeFiles/polystar_msgs__rosidl_typesupport_introspection_cpp.dir/rosidl_typesupport_introspection_cpp/polystar_msgs/msg/detail/shoot__type_support.cpp.o[0m
[ 75%] [32mBuilding CXX object CMakeFiles/polystar_msgs__rosidl_typesupport_fastrtps_c.dir/rosidl_typesupport_fastrtps_c/polystar_msgs/msg/detail/turret_feedback__type_support_c.cpp.o[0m
[ 75%] Built target polystar_msgs__rosidl_typesupport_cpp
[ 76%] [32mBuilding CXX object CMakeFiles/polystar_msgs__rosidl_typesupport_fastrtps_c.dir/rosidl_typesupport_fastrtps_c/polystar_msgs/msg/detail/position_feedback__type_support_c.cpp.o[0m
[ 77%] [32mBuilding CXX object CMakeFiles/polystar_msgs__rosidl_typesupport_fastrtps_cpp.dir/rosidl_typesupport_fastrtps_cpp/polystar_msgs/msg/detail/dds_fastrtps/movement__type_support.cpp.o[0m
[ 78%] [32mBuilding CXX object CMakeFiles/polystar_msgs__rosidl_typesupport_fastrtps_c.dir/rosidl_typesupport_fastrtps_c/polystar_msgs/msg/detail/shoot__type_support_c.cpp.o[0m
[ 79%] [32mBuilding CXX object CMakeFiles/polystar_msgs__rosidl_typesupport_fastrtps_cpp.dir/rosidl_typesupport_fastrtps_cpp/polystar_msgs/msg/detail/dds_fastrtps/game_status__type_support.cpp.o[0m
[ 80%] [32mBuilding CXX object CMakeFiles/polystar_msgs__rosidl_typesupport_fastrtps_cpp.dir/rosidl_typesupport_fastrtps_cpp/polystar_msgs/msg/detail/dds_fastrtps/game_stage__type_support.cpp.o[0m
[ 81%] [32mBuilding CXX object CMakeFiles/polystar_msgs__rosidl_typesupport_fastrtps_cpp.dir/rosidl_typesupport_fastrtps_cpp/polystar_msgs/msg/detail/dds_fastrtps/turret_feedback__type_support.cpp.o[0m
[ 82%] [32mBuilding CXX object CMakeFiles/polystar_msgs__rosidl_typesupport_fastrtps_cpp.dir/rosidl_typesupport_fastrtps_cpp/polystar_msgs/msg/detail/dds_fastrtps/position_feedback__type_support.cpp.o[0m
[ 83%] [32mBuilding CXX object CMakeFiles/polystar_msgs__rosidl_typesupport_fastrtps_cpp.dir/rosidl_typesupport_fastrtps_cpp/polystar_msgs/msg/detail/dds_fastrtps/shoot__type_support.cpp.o[0m
[ 84%] [32m[1mLinking CXX shared library libpolystar_msgs__rosidl_typesupport_introspection_cpp.so[0m
[ 85%] [32m[1mLinking CXX shared library libpolystar_msgs__rosidl_typesupport_fastrtps_c.so[0m
[ 85%] Built target polystar_msgs__rosidl_typesupport_introspection_cpp
[ 85%] Built target polystar_msgs__rosidl_typesupport_fastrtps_c
[ 85%] [32m[1mLinking CXX shared library libpolystar_msgs__rosidl_typesupport_fastrtps_cpp.so[0m
[ 85%] Built target polystar_msgs__rosidl_typesupport_fastrtps_cpp
[ 85%] Built target polystar_msgs
[ 86%] [34m[1mGenerating Python code for ROS interfaces[0m
[ 86%] Built target polystar_msgs__py
[ 88%] [32mBuilding C object CMakeFiles/polystar_msgs__rosidl_generator_py.dir/rosidl_generator_py/polystar_msgs/msg/_hp_s.c.o[0m
[ 88%] [32mBuilding C object CMakeFiles/polystar_msgs__rosidl_generator_py.dir/rosidl_generator_py/polystar_msgs/msg/_target_s.c.o[0m
[ 88%] [32mBuilding C object CMakeFiles/polystar_msgs__rosidl_generator_py.dir/rosidl_generator_py/polystar_msgs/msg/_switch_order_s.c.o[0m
[ 89%] [32mBuilding C object CMakeFiles/polystar_msgs__rosidl_generator_py.dir/rosidl_generator_py/polystar_msgs/msg/_game_stage_s.c.o[0m
[ 90%] [32mBuilding C object CMakeFiles/polystar_msgs__rosidl_generator_py.dir/rosidl_generator_py/polystar_msgs/msg/_movement_s.c.o[0m
[ 91%] [32mBuilding C object CMakeFiles/polystar_msgs__rosidl_generator_py.dir/rosidl_generator_py/polystar_msgs/msg/_turret_feedback_s.c.o[0m
[ 92%] [32mBuilding C object CMakeFiles/polystar_msgs__rosidl_generator_py.dir/rosidl_generator_py/polystar_msgs/msg/_game_status_s.c.o[0m
[ 93%] [32mBuilding C object CMakeFiles/polystar_msgs__rosidl_generator_py.dir/rosidl_generator_py/polystar_msgs/msg/_position_feedback_s.c.o[0m
[ 94%] [32mBuilding C object CMakeFiles/polystar_msgs__rosidl_generator_py.dir/rosidl_generator_py/polystar_msgs/msg/_shoot_s.c.o[0m
[ 94%] [32m[1mLinking C shared library rosidl_generator_py/polystar_msgs/libpolystar_msgs__rosidl_generator_py.so[0m
[ 94%] Built target polystar_msgs__rosidl_generator_py
[ 96%] [32mBuilding C object CMakeFiles/polystar_msgs__rosidl_typesupport_introspection_c__pyext.dir/rosidl_generator_py/polystar_msgs/_polystar_msgs_s.ep.rosidl_typesupport_introspection_c.c.o[0m
[ 96%] [32mBuilding C object CMakeFiles/polystar_msgs__rosidl_typesupport_fastrtps_c__pyext.dir/rosidl_generator_py/polystar_msgs/_polystar_msgs_s.ep.rosidl_typesupport_fastrtps_c.c.o[0m
[ 97%] [32mBuilding C object CMakeFiles/polystar_msgs__rosidl_typesupport_c__pyext.dir/rosidl_generator_py/polystar_msgs/_polystar_msgs_s.ep.rosidl_typesupport_c.c.o[0m
[ 98%] [32m[1mLinking C shared library rosidl_generator_py/polystar_msgs/polystar_msgs_s__rosidl_typesupport_fastrtps_c.cpython-310-x86_64-linux-gnu.so[0m
[ 99%] [32m[1mLinking C shared library rosidl_generator_py/polystar_msgs/polystar_msgs_s__rosidl_typesupport_introspection_c.cpython-310-x86_64-linux-gnu.so[0m
[100%] [32m[1mLinking C shared library rosidl_generator_py/polystar_msgs/polystar_msgs_s__rosidl_typesupport_c.cpython-310-x86_64-linux-gnu.so[0m
[100%] Built target polystar_msgs__rosidl_typesupport_introspection_c__pyext
[100%] Built target polystar_msgs__rosidl_typesupport_fastrtps_c__pyext
[100%] Built target polystar_msgs__rosidl_typesupport_c__pyext
-- Install configuration: ""
-- Installing: /home/ozone/robomaster-cv/ros_ws/install/polystar_msgs/share/ament_index/resource_index/rosidl_interfaces/polystar_msgs
-- Installing: /home/ozone/robomaster-cv/ros_ws/install/polystar_msgs/share/polystar_msgs/msg/HP.json
-- Installing: /home/ozone/robomaster-cv/ros_ws/install/polystar_msgs/share/polystar_msgs/msg/SwitchOrder.json
-- Installing: /home/ozone/robomaster-cv/ros_ws/install/polystar_msgs/share/polystar_msgs/msg/Target.json
-- Installing: /home/ozone/robomaster-cv/ros_ws/install/polystar_msgs/share/polystar_msgs/msg/Movement.json
-- Installing: /home/ozone/robomaster-cv/ros_ws/install/polystar_msgs/share/polystar_msgs/msg/GameStatus.json
-- Installing: /home/ozone/robomaster-cv/ros_ws/install/polystar_msgs/share/polystar_msgs/msg/GameStage.json
-- Installing: /home/ozone/robomaster-cv/ros_ws/install/polystar_msgs/share/polystar_msgs/msg/TurretFeedback.json
-- Installing: /home/ozone/robomaster-cv/ros_ws/install/polystar_msgs/share/polystar_msgs/msg/PositionFeedback.json
-- Installing: /home/ozone/robomaster-cv/ros_ws/install/polystar_msgs/share/polystar_msgs/msg/Shoot.json
-- Installing: /home/ozone/robomaster-cv/ros_ws/install/polystar_msgs/include/polystar_msgs/polystar_msgs
-- Installing: /home/ozone/robomaster-cv/ros_ws/install/polystar_msgs/include/polystar_msgs/polystar_msgs/msg
-- Installing: /home/ozone/robomaster-cv/ros_ws/install/polystar_msgs/include/polystar_msgs/polystar_msgs/msg/game_status.h
-- Installing: /home/ozone/robomaster-cv/ros_ws/install/polystar_msgs/include/polystar_msgs/polystar_msgs/msg/switch_order.h
-- Installing: /home/ozone/robomaster-cv/ros_ws/install/polystar_msgs/include/polystar_msgs/polystar_msgs/msg/game_stage.h
-- Installing: /home/ozone/robomaster-cv/ros_ws/install/polystar_msgs/include/polystar_msgs/polystar_msgs/msg/movement.h
-- Installing: /home/ozone/robomaster-cv/ros_ws/install/polystar_msgs/include/polystar_msgs/polystar_msgs/msg/rosidl_generator_c__visibility_control.h
-- Installing: /home/ozone/robomaster-cv/ros_ws/install/polystar_msgs/include/polystar_msgs/polystar_msgs/msg/target.h
-- Installing: /home/ozone/robomaster-cv/ros_ws/install/polystar_msgs/include/polystar_msgs/polystar_msgs/msg/turret_feedback.h
-- Installing: /home/ozone/robomaster-cv/ros_ws/install/polystar_msgs/include/polystar_msgs/polystar_msgs/msg/position_feedback.h
-- Installing: /home/ozone/robomaster-cv/ros_ws/install/polystar_msgs/include/polystar_msgs/polystar_msgs/msg/shoot.h
-- Installing: /home/ozone/robomaster-cv/ros_ws/install/polystar_msgs/include/polystar_msgs/polystar_msgs/msg/detail
-- Installing: /home/ozone/robomaster-cv/ros_ws/install/polystar_msgs/include/polystar_msgs/polystar_msgs/msg/detail/shoot__struct.h
-- Installing: /home/ozone/robomaster-cv/ros_ws/install/polystar_msgs/include/polystar_msgs/polystar_msgs/msg/detail/turret_feedback__description.c
-- Installing: /home/ozone/robomaster-cv/ros_ws/install/polystar_msgs/include/polystar_msgs/polystar_msgs/msg/detail/turret_feedback__struct.h
-- Installing: /home/ozone/robomaster-cv/ros_ws/install/polystar_msgs/include/polystar_msgs/polystar_msgs/msg/detail/hp__type_support.h
-- Installing: /home/ozone/robomaster-cv/ros_ws/install/polystar_msgs/include/polystar_msgs/polystar_msgs/msg/detail/game_status__functions.c
-- Installing: /home/ozone/robomaster-cv/ros_ws/install/polystar_msgs/include/polystar_msgs/polystar_msgs/msg/detail/position_feedback__type_support.c
-- Installing: /home/ozone/robomaster-cv/ros_ws/install/polystar_msgs/include/polystar_msgs/polystar_msgs/msg/detail/hp__functions.c
-- Installing: /home/ozone/robomaster-cv/ros_ws/install/polystar_msgs/include/polystar_msgs/polystar_msgs/msg/detail/switch_order__type_support.c
-- Installing: /home/ozone/robomaster-cv/ros_ws/install/polystar_msgs/include/polystar_msgs/polystar_msgs/msg/detail/hp__struct.h
-- Installing: /home/ozone/robomaster-cv/ros_ws/install/polystar_msgs/include/polystar_msgs/polystar_msgs/msg/detail/movement__type_support.h
-- Installing: /home/ozone/robomaster-cv/ros_ws/install/polystar_msgs/include/polystar_msgs/polystar_msgs/msg/detail/switch_order__functions.c
-- Installing: /home/ozone/robomaster-cv/ros_ws/install/polystar_msgs/include/polystar_msgs/polystar_msgs/msg/detail/target__type_support.h
-- Installing: /home/ozone/robomaster-cv/ros_ws/install/polystar_msgs/include/polystar_msgs/polystar_msgs/msg/detail/target__functions.h
-- Installing: /home/ozone/robomaster-cv/ros_ws/install/polystar_msgs/include/polystar_msgs/polystar_msgs/msg/detail/position_feedback__functions.c
-- Installing: /home/ozone/robomaster-cv/ros_ws/install/polystar_msgs/include/polystar_msgs/polystar_msgs/msg/detail/game_status__type_support.h
-- Installing: /home/ozone/robomaster-cv/ros_ws/install/polystar_msgs/include/polystar_msgs/polystar_msgs/msg/detail/hp__description.c
-- Installing: /home/ozone/robomaster-cv/ros_ws/install/polystar_msgs/include/polystar_msgs/polystar_msgs/msg/detail/game_status__type_support.c
-- Installing: /home/ozone/robomaster-cv/ros_ws/install/polystar_msgs/include/polystar_msgs/polystar_msgs/msg/detail/game_stage__description.c
-- Installing: /home/ozone/robomaster-cv/ros_ws/install/polystar_msgs/include/polystar_msgs/polystar_msgs/msg/detail/shoot__functions.c
-- Installing: /home/ozone/robomaster-cv/ros_ws/install/polystar_msgs/include/polystar_msgs/polystar_msgs/msg/detail/turret_feedback__functions.h
-- Installing: /home/ozone/robomaster-cv/ros_ws/install/polystar_msgs/include/polystar_msgs/polystar_msgs/msg/detail/target__type_support.c
-- Installing: /home/ozone/robomaster-cv/ros_ws/install/polystar_msgs/include/polystar_msgs/polystar_msgs/msg/detail/switch_order__struct.h
-- Installing: /home/ozone/robomaster-cv/ros_ws/install/polystar_msgs/include/polystar_msgs/polystar_msgs/msg/detail/turret_feedback__type_support.c
-- Installing: /home/ozone/robomaster-cv/ros_ws/install/polystar_msgs/include/polystar_msgs/polystar_msgs/msg/detail/movement__struct.h
-- Installing: /home/ozone/robomaster-cv/ros_ws/install/polystar_msgs/include/polystar_msgs/polystar_msgs/msg/detail/shoot__type_support.c
-- Installing: /home/ozone/robomaster-cv/ros_ws/install/polystar_msgs/include/polystar_msgs/polystar_msgs/msg/detail/position_feedback__description.c
-- Installing: /home/ozone/robomaster-cv/ros_ws/install/polystar_msgs/include/polystar_msgs/polystar_msgs/msg/detail/target__functions.c
-- Installing: /home/ozone/robomaster-cv/ros_ws/install/polystar_msgs/include/polystar_msgs/polystar_msgs/msg/detail/game_stage__functions.h
-- Installing: /home/ozone/robomaster-cv/ros_ws/install/polystar_msgs/include/polystar_msgs/polystar_msgs/msg/detail/shoot__functions.h
-- Installing: /home/ozone/robomaster-cv/ros_ws/install/polystar_msgs/include/polystar_msgs/polystar_msgs/msg/detail/hp__type_support.c
-- Installing: /home/ozone/robomaster-cv/ros_ws/install/polystar_msgs/include/polystar_msgs/polystar_msgs/msg/detail/target__description.c
-- Installing: /home/ozone/robomaster-cv/ros_ws/install/polystar_msgs/include/polystar_msgs/polystar_msgs/msg/detail/game_status__struct.h
-- Installing: /home/ozone/robomaster-cv/ros_ws/install/polystar_msgs/include/polystar_msgs/polystar_msgs/msg/detail/game_stage__type_support.c
-- Installing: /home/ozone/robomaster-cv/ros_ws/install/polystar_msgs/include/polystar_msgs/polystar_msgs/msg/detail/game_stage__functions.c
-- Installing: /home/ozone/robomaster-cv/ros_ws/install/polystar_msgs/include/polystar_msgs/polystar_msgs/msg/detail/position_feedback__functions.h
-- Installing: /home/ozone/robomaster-cv/ros_ws/install/polystar_msgs/include/polystar_msgs/polystar_msgs/msg/detail/hp__functions.h
-- Installing: /home/ozone/robomaster-cv/ros_ws/install/polystar_msgs/include/polystar_msgs/polystar_msgs/msg/detail/position_feedback__type_support.h
-- Installing: /home/ozone/robomaster-cv/ros_ws/install/polystar_msgs/include/polystar_msgs/polystar_msgs/msg/detail/game_stage__struct.h
-- Installing: /home/ozone/robomaster-cv/ros_ws/install/polystar_msgs/include/polystar_msgs/polystar_msgs/msg/detail/turret_feedback__type_support.h
-- Installing: /home/ozone/robomaster-cv/ros_ws/install/polystar_msgs/include/polystar_msgs/polystar_msgs/msg/detail/game_status__description.c
-- Installing: /home/ozone/robomaster-cv/ros_ws/install/polystar_msgs/include/polystar_msgs/polystar_msgs/msg/detail/switch_order__description.c
-- Installing: /home/ozone/robomaster-cv/ros_ws/install/polystar_msgs/include/polystar_msgs/polystar_msgs/msg/detail/movement__description.c
-- Installing: /home/ozone/robomaster-cv/ros_ws/install/polystar_msgs/include/polystar_msgs/polystar_msgs/msg/detail/target__struct.h
-- Installing: /home/ozone/robomaster-cv/ros_ws/install/polystar_msgs/include/polystar_msgs/polystar_msgs/msg/detail/movement__functions.c
-- Installing: /home/ozone/robomaster-cv/ros_ws/install/polystar_msgs/include/polystar_msgs/polystar_msgs/msg/detail/game_status__functions.h
-- Installing: /home/ozone/robomaster-cv/ros_ws/install/polystar_msgs/include/polystar_msgs/polystar_msgs/msg/detail/switch_order__functions.h
-- Installing: /home/ozone/robomaster-cv/ros_ws/install/polystar_msgs/include/polystar_msgs/polystar_msgs/msg/detail/movement__functions.h
-- Installing: /home/ozone/robomaster-cv/ros_ws/install/polystar_msgs/include/polystar_msgs/polystar_msgs/msg/detail/game_stage__type_support.h
-- Installing: /home/ozone/robomaster-cv/ros_ws/install/polystar_msgs/include/polystar_msgs/polystar_msgs/msg/detail/shoot__type_support.h
-- Installing: /home/ozone/robomaster-cv/ros_ws/install/polystar_msgs/include/polystar_msgs/polystar_msgs/msg/detail/position_feedback__struct.h
-- Installing: /home/ozone/robomaster-cv/ros_ws/install/polystar_msgs/include/polystar_msgs/polystar_msgs/msg/detail/movement__type_support.c
-- Installing: /home/ozone/robomaster-cv/ros_ws/install/polystar_msgs/include/polystar_msgs/polystar_msgs/msg/detail/shoot__description.c
-- Installing: /home/ozone/robomaster-cv/ros_ws/install/polystar_msgs/include/polystar_msgs/polystar_msgs/msg/detail/turret_feedback__functions.c
-- Installing: /home/ozone/robomaster-cv/ros_ws/install/polystar_msgs/include/polystar_msgs/polystar_msgs/msg/detail/switch_order__type_support.h
-- Installing: /home/ozone/robomaster-cv/ros_ws/install/polystar_msgs/include/polystar_msgs/polystar_msgs/msg/hp.h
-- Installing: /home/ozone/robomaster-cv/ros_ws/install/polystar_msgs/share/polystar_msgs/environment/library_path.sh
-- Installing: /home/ozone/robomaster-cv/ros_ws/install/polystar_msgs/share/polystar_msgs/environment/library_path.dsv
-- Installing: /home/ozone/robomaster-cv/ros_ws/install/polystar_msgs/lib/libpolystar_msgs__rosidl_generator_c.so
-- Set runtime path of "/home/ozone/robomaster-cv/ros_ws/install/polystar_msgs/lib/libpolystar_msgs__rosidl_generator_c.so" to ""
-- Up-to-date: /home/ozone/robomaster-cv/ros_ws/install/polystar_msgs/include/polystar_msgs/polystar_msgs
-- Up-to-date: /home/ozone/robomaster-cv/ros_ws/install/polystar_msgs/include/polystar_msgs/polystar_msgs/msg
-- Up-to-date: /home/ozone/robomaster-cv/ros_ws/install/polystar_msgs/include/polystar_msgs/polystar_msgs/msg/detail
-- Installing: /home/ozone/robomaster-cv/ros_ws/install/polystar_msgs/include/polystar_msgs/polystar_msgs/msg/detail/turret_feedback__rosidl_typesupport_fastrtps_c.h
-- Installing: /home/ozone/robomaster-cv/ros_ws/install/polystar_msgs/include/polystar_msgs/polystar_msgs/msg/detail/shoot__rosidl_typesupport_fastrtps_c.h
-- Installing: /home/ozone/robomaster-cv/ros_ws/install/polystar_msgs/include/polystar_msgs/polystar_msgs/msg/detail/movement__rosidl_typesupport_fastrtps_c.h
-- Installing: /home/ozone/robomaster-cv/ros_ws/install/polystar_msgs/include/polystar_msgs/polystar_msgs/msg/detail/hp__rosidl_typesupport_fastrtps_c.h
-- Installing: /home/ozone/robomaster-cv/ros_ws/install/polystar_msgs/include/polystar_msgs/polystar_msgs/msg/detail/game_stage__rosidl_typesupport_fastrtps_c.h
-- Installing: /home/ozone/robomaster-cv/ros_ws/install/polystar_msgs/include/polystar_msgs/polystar_msgs/msg/detail/target__rosidl_typesupport_fastrtps_c.h
-- Installing: /home/ozone/robomaster-cv/ros_ws/install/polystar_msgs/include/polystar_msgs/polystar_msgs/msg/detail/switch_order__rosidl_typesupport_fastrtps_c.h
-- Installing: /home/ozone/robomaster-cv/ros_ws/install/polystar_msgs/include/polystar_msgs/polystar_msgs/msg/detail/game_status__rosidl_typesupport_fastrtps_c.h
-- Installing: /home/ozone/robomaster-cv/ros_ws/install/polystar_msgs/include/polystar_msgs/polystar_msgs/msg/detail/position_feedback__rosidl_typesupport_fastrtps_c.h
-- Installing: /home/ozone/robomaster-cv/ros_ws/install/polystar_msgs/include/polystar_msgs/polystar_msgs/msg/rosidl_typesupport_fastrtps_c__visibility_control.h
-- Installing: /home/ozone/robomaster-cv/ros_ws/install/polystar_msgs/lib/libpolystar_msgs__rosidl_typesupport_fastrtps_c.so
-- Set runtime path of "/home/ozone/robomaster-cv/ros_ws/install/polystar_msgs/lib/libpolystar_msgs__rosidl_typesupport_fastrtps_c.so" to ""
-- Up-to-date: /home/ozone/robomaster-cv/ros_ws/install/polystar_msgs/include/polystar_msgs/polystar_msgs
-- Up-to-date: /home/ozone/robomaster-cv/ros_ws/install/polystar_msgs/include/polystar_msgs/polystar_msgs/msg
-- Installing: /home/ozone/robomaster-cv/ros_ws/install/polystar_msgs/include/polystar_msgs/polystar_msgs/msg/target.hpp
-- Installing: /home/ozone/robomaster-cv/ros_ws/install/polystar_msgs/include/polystar_msgs/polystar_msgs/msg/game_stage.hpp
-- Installing: /home/ozone/robomaster-cv/ros_ws/install/polystar_msgs/include/polystar_msgs/polystar_msgs/msg/hp.hpp
-- Installing: /home/ozone/robomaster-cv/ros_ws/install/polystar_msgs/include/polystar_msgs/polystar_msgs/msg/switch_order.hpp
-- Installing: /home/ozone/robomaster-cv/ros_ws/install/polystar_msgs/include/polystar_msgs/polystar_msgs/msg/shoot.hpp
-- Installing: /home/ozone/robomaster-cv/ros_ws/install/polystar_msgs/include/polystar_msgs/polystar_msgs/msg/game_status.hpp
-- Installing: /home/ozone/robomaster-cv/ros_ws/install/polystar_msgs/include/polystar_msgs/polystar_msgs/msg/position_feedback.hpp
-- Installing: /home/ozone/robomaster-cv/ros_ws/install/polystar_msgs/include/polystar_msgs/polystar_msgs/msg/turret_feedback.hpp
-- Installing: /home/ozone/robomaster-cv/ros_ws/install/polystar_msgs/include/polystar_msgs/polystar_msgs/msg/movement.hpp
-- Up-to-date: /home/ozone/robomaster-cv/ros_ws/install/polystar_msgs/include/polystar_msgs/polystar_msgs/msg/detail
-- Installing: /home/ozone/robomaster-cv/ros_ws/install/polystar_msgs/include/polystar_msgs/polystar_msgs/msg/detail/shoot__traits.hpp
-- Installing: /home/ozone/robomaster-cv/ros_ws/install/polystar_msgs/include/polystar_msgs/polystar_msgs/msg/detail/game_stage__traits.hpp
-- Installing: /home/ozone/robomaster-cv/ros_ws/install/polystar_msgs/include/polystar_msgs/polystar_msgs/msg/detail/movement__traits.hpp
-- Installing: /home/ozone/robomaster-cv/ros_ws/install/polystar_msgs/include/polystar_msgs/polystar_msgs/msg/detail/position_feedback__traits.hpp
-- Installing: /home/ozone/robomaster-cv/ros_ws/install/polystar_msgs/include/polystar_msgs/polystar_msgs/msg/detail/switch_order__traits.hpp
-- Installing: /home/ozone/robomaster-cv/ros_ws/install/polystar_msgs/include/polystar_msgs/polystar_msgs/msg/detail/shoot__struct.hpp
-- Installing: /home/ozone/robomaster-cv/ros_ws/install/polystar_msgs/include/polystar_msgs/polystar_msgs/msg/detail/movement__builder.hpp
-- Installing: /home/ozone/robomaster-cv/ros_ws/install/polystar_msgs/include/polystar_msgs/polystar_msgs/msg/detail/turret_feedback__struct.hpp
-- Installing: /home/ozone/robomaster-cv/ros_ws/install/polystar_msgs/include/polystar_msgs/polystar_msgs/msg/detail/shoot__builder.hpp
-- Installing: /home/ozone/robomaster-cv/ros_ws/install/polystar_msgs/include/polystar_msgs/polystar_msgs/msg/detail/hp__traits.hpp
-- Installing: /home/ozone/robomaster-cv/ros_ws/install/polystar_msgs/include/polystar_msgs/polystar_msgs/msg/detail/switch_order__struct.hpp
-- Installing: /home/ozone/robomaster-cv/ros_ws/install/polystar_msgs/include/polystar_msgs/polystar_msgs/msg/detail/target__builder.hpp
-- Installing: /home/ozone/robomaster-cv/ros_ws/install/polystar_msgs/include/polystar_msgs/polystar_msgs/msg/detail/game_status__struct.hpp
-- Installing: /home/ozone/robomaster-cv/ros_ws/install/polystar_msgs/include/polystar_msgs/polystar_msgs/msg/detail/turret_feedback__builder.hpp
-- Installing: /home/ozone/robomaster-cv/ros_ws/install/polystar_msgs/include/polystar_msgs/polystar_msgs/msg/detail/turret_feedback__traits.hpp
-- Installing: /home/ozone/robomaster-cv/ros_ws/install/polystar_msgs/include/polystar_msgs/polystar_msgs/msg/detail/game_stage__builder.hpp
-- Installing: /home/ozone/robomaster-cv/ros_ws/install/polystar_msgs/include/polystar_msgs/polystar_msgs/msg/detail/target__traits.hpp
-- Installing: /home/ozone/robomaster-cv/ros_ws/install/polystar_msgs/include/polystar_msgs/polystar_msgs/msg/detail/position_feedback__builder.hpp
-- Installing: /home/ozone/robomaster-cv/ros_ws/install/polystar_msgs/include/polystar_msgs/polystar_msgs/msg/detail/target__struct.hpp
-- Installing: /home/ozone/robomaster-cv/ros_ws/install/polystar_msgs/include/polystar_msgs/polystar_msgs/msg/detail/movement__struct.hpp
-- Installing: /home/ozone/robomaster-cv/ros_ws/install/polystar_msgs/include/polystar_msgs/polystar_msgs/msg/detail/position_feedback__struct.hpp
-- Installing: /home/ozone/robomaster-cv/ros_ws/install/polystar_msgs/include/polystar_msgs/polystar_msgs/msg/detail/hp__builder.hpp
-- Installing: /home/ozone/robomaster-cv/ros_ws/install/polystar_msgs/include/polystar_msgs/polystar_msgs/msg/detail/hp__struct.hpp
-- Installing: /home/ozone/robomaster-cv/ros_ws/install/polystar_msgs/include/polystar_msgs/polystar_msgs/msg/detail/game_stage__struct.hpp
-- Installing: /home/ozone/robomaster-cv/ros_ws/install/polystar_msgs/include/polystar_msgs/polystar_msgs/msg/detail/game_status__traits.hpp
-- Installing: /home/ozone/robomaster-cv/ros_ws/install/polystar_msgs/include/polystar_msgs/polystar_msgs/msg/detail/switch_order__builder.hpp
-- Installing: /home/ozone/robomaster-cv/ros_ws/install/polystar_msgs/include/polystar_msgs/polystar_msgs/msg/detail/game_status__builder.hpp
-- Up-to-date: /home/ozone/robomaster-cv/ros_ws/install/polystar_msgs/include/polystar_msgs/polystar_msgs
-- Up-to-date: /home/ozone/robomaster-cv/ros_ws/install/polystar_msgs/include/polystar_msgs/polystar_msgs/msg
-- Installing: /home/ozone/robomaster-cv/ros_ws/install/polystar_msgs/include/polystar_msgs/polystar_msgs/msg/rosidl_typesupport_fastrtps_cpp__visibility_control.h
-- Up-to-date: /home/ozone/robomaster-cv/ros_ws/install/polystar_msgs/include/polystar_msgs/polystar_msgs/msg/detail
-- Installing: /home/ozone/robomaster-cv/ros_ws/install/polystar_msgs/include/polystar_msgs/polystar_msgs/msg/detail/game_stage__rosidl_typesupport_fastrtps_cpp.hpp
-- Installing: /home/ozone/robomaster-cv/ros_ws/install/polystar_msgs/include/polystar_msgs/polystar_msgs/msg/detail/turret_feedback__rosidl_typesupport_fastrtps_cpp.hpp
-- Installing: /home/ozone/robomaster-cv/ros_ws/install/polystar_msgs/include/polystar_msgs/polystar_msgs/msg/detail/switch_order__rosidl_typesupport_fastrtps_cpp.hpp
-- Installing: /home/ozone/robomaster-cv/ros_ws/install/polystar_msgs/include/polystar_msgs/polystar_msgs/msg/detail/movement__rosidl_typesupport_fastrtps_cpp.hpp
-- Installing: /home/ozone/robomaster-cv/ros_ws/install/polystar_msgs/include/polystar_msgs/polystar_msgs/msg/detail/position_feedback__rosidl_typesupport_fastrtps_cpp.hpp
-- Installing: /home/ozone/robomaster-cv/ros_ws/install/polystar_msgs/include/polystar_msgs/polystar_msgs/msg/detail/game_status__rosidl_typesupport_fastrtps_cpp.hpp
-- Installing: /home/ozone/robomaster-cv/ros_ws/install/polystar_msgs/include/polystar_msgs/polystar_msgs/msg/detail/target__rosidl_typesupport_fastrtps_cpp.hpp
-- Installing: /home/ozone/robomaster-cv/ros_ws/install/polystar_msgs/include/polystar_msgs/polystar_msgs/msg/detail/dds_fastrtps
-- Installing: /home/ozone/robomaster-cv/ros_ws/install/polystar_msgs/include/polystar_msgs/polystar_msgs/msg/detail/hp__rosidl_typesupport_fastrtps_cpp.hpp
-- Installing: /home/ozone/robomaster-cv/ros_ws/install/polystar_msgs/include/polystar_msgs/polystar_msgs/msg/detail/shoot__rosidl_typesupport_fastrtps_cpp.hpp
-- Installing: /home/ozone/robomaster-cv/ros_ws/install/polystar_msgs/lib/libpolystar_msgs__rosidl_typesupport_fastrtps_cpp.so
-- Set runtime path of "/home/ozone/robomaster-cv/ros_ws/install/polystar_msgs/lib/libpolystar_msgs__rosidl_typesupport_fastrtps_cpp.so" to ""
-- Up-to-date: /home/ozone/robomaster-cv/ros_ws/install/polystar_msgs/include/polystar_msgs/polystar_msgs
-- Up-to-date: /home/ozone/robomaster-cv/ros_ws/install/polystar_msgs/include/polystar_msgs/polystar_msgs/msg
-- Installing: /home/ozone/robomaster-cv/ros_ws/install/polystar_msgs/include/polystar_msgs/polystar_msgs/msg/rosidl_typesupport_introspection_c__visibility_control.h
-- Up-to-date: /home/ozone/robomaster-cv/ros_ws/install/polystar_msgs/include/polystar_msgs/polystar_msgs/msg/detail
-- Installing: /home/ozone/robomaster-cv/ros_ws/install/polystar_msgs/include/polystar_msgs/polystar_msgs/msg/detail/switch_order__rosidl_typesupport_introspection_c.h
-- Installing: /home/ozone/robomaster-cv/ros_ws/install/polystar_msgs/include/polystar_msgs/polystar_msgs/msg/detail/position_feedback__type_support.c
-- Installing: /home/ozone/robomaster-cv/ros_ws/install/polystar_msgs/include/polystar_msgs/polystar_msgs/msg/detail/switch_order__type_support.c
-- Installing: /home/ozone/robomaster-cv/ros_ws/install/polystar_msgs/include/polystar_msgs/polystar_msgs/msg/detail/game_stage__rosidl_typesupport_introspection_c.h
-- Installing: /home/ozone/robomaster-cv/ros_ws/install/polystar_msgs/include/polystar_msgs/polystar_msgs/msg/detail/target__rosidl_typesupport_introspection_c.h
-- Installing: /home/ozone/robomaster-cv/ros_ws/install/polystar_msgs/include/polystar_msgs/polystar_msgs/msg/detail/game_status__type_support.c
-- Installing: /home/ozone/robomaster-cv/ros_ws/install/polystar_msgs/include/polystar_msgs/polystar_msgs/msg/detail/target__type_support.c
-- Installing: /home/ozone/robomaster-cv/ros_ws/install/polystar_msgs/include/polystar_msgs/polystar_msgs/msg/detail/hp__rosidl_typesupport_introspection_c.h
-- Installing: /home/ozone/robomaster-cv/ros_ws/install/polystar_msgs/include/polystar_msgs/polystar_msgs/msg/detail/shoot__rosidl_typesupport_introspection_c.h
-- Installing: /home/ozone/robomaster-cv/ros_ws/install/polystar_msgs/include/polystar_msgs/polystar_msgs/msg/detail/turret_feedback__type_support.c
-- Installing: /home/ozone/robomaster-cv/ros_ws/install/polystar_msgs/include/polystar_msgs/polystar_msgs/msg/detail/movement__rosidl_typesupport_introspection_c.h
-- Installing: /home/ozone/robomaster-cv/ros_ws/install/polystar_msgs/include/polystar_msgs/polystar_msgs/msg/detail/shoot__type_support.c
-- Installing: /home/ozone/robomaster-cv/ros_ws/install/polystar_msgs/include/polystar_msgs/polystar_msgs/msg/detail/hp__type_support.c
-- Installing: /home/ozone/robomaster-cv/ros_ws/install/polystar_msgs/include/polystar_msgs/polystar_msgs/msg/detail/game_stage__type_support.c
-- Installing: /home/ozone/robomaster-cv/ros_ws/install/polystar_msgs/include/polystar_msgs/polystar_msgs/msg/detail/turret_feedback__rosidl_typesupport_introspection_c.h
-- Installing: /home/ozone/robomaster-cv/ros_ws/install/polystar_msgs/include/polystar_msgs/polystar_msgs/msg/detail/position_feedback__rosidl_typesupport_introspection_c.h
-- Installing: /home/ozone/robomaster-cv/ros_ws/install/polystar_msgs/include/polystar_msgs/polystar_msgs/msg/detail/game_status__rosidl_typesupport_introspection_c.h
-- Installing: /home/ozone/robomaster-cv/ros_ws/install/polystar_msgs/include/polystar_msgs/polystar_msgs/msg/detail/movement__type_support.c
-- Installing: /home/ozone/robomaster-cv/ros_ws/install/polystar_msgs/lib/libpolystar_msgs__rosidl_typesupport_introspection_c.so
-- Set runtime path of "/home/ozone/robomaster-cv/ros_ws/install/polystar_msgs/lib/libpolystar_msgs__rosidl_typesupport_introspection_c.so" to ""
-- Installing: /home/ozone/robomaster-cv/ros_ws/install/polystar_msgs/lib/libpolystar_msgs__rosidl_typesupport_c.so
-- Set runtime path of "/home/ozone/robomaster-cv/ros_ws/install/polystar_msgs/lib/libpolystar_msgs__rosidl_typesupport_c.so" to ""
-- Up-to-date: /home/ozone/robomaster-cv/ros_ws/install/polystar_msgs/include/polystar_msgs/polystar_msgs
-- Up-to-date: /home/ozone/robomaster-cv/ros_ws/install/polystar_msgs/include/polystar_msgs/polystar_msgs/msg
-- Up-to-date: /home/ozone/robomaster-cv/ros_ws/install/polystar_msgs/include/polystar_msgs/polystar_msgs/msg/detail
-- Installing: /home/ozone/robomaster-cv/ros_ws/install/polystar_msgs/include/polystar_msgs/polystar_msgs/msg/detail/target__type_support.cpp
-- Installing: /home/ozone/robomaster-cv/ros_ws/install/polystar_msgs/include/polystar_msgs/polystar_msgs/msg/detail/hp__rosidl_typesupport_introspection_cpp.hpp
-- Installing: /home/ozone/robomaster-cv/ros_ws/install/polystar_msgs/include/polystar_msgs/polystar_msgs/msg/detail/game_stage__type_support.cpp
-- Installing: /home/ozone/robomaster-cv/ros_ws/install/polystar_msgs/include/polystar_msgs/polystar_msgs/msg/detail/switch_order__rosidl_typesupport_introspection_cpp.hpp
-- Installing: /home/ozone/robomaster-cv/ros_ws/install/polystar_msgs/include/polystar_msgs/polystar_msgs/msg/detail/movement__type_support.cpp
-- Installing: /home/ozone/robomaster-cv/ros_ws/install/polystar_msgs/include/polystar_msgs/polystar_msgs/msg/detail/turret_feedback__rosidl_typesupport_introspection_cpp.hpp
-- Installing: /home/ozone/robomaster-cv/ros_ws/install/polystar_msgs/include/polystar_msgs/polystar_msgs/msg/detail/target__rosidl_typesupport_introspection_cpp.hpp
-- Installing: /home/ozone/robomaster-cv/ros_ws/install/polystar_msgs/include/polystar_msgs/polystar_msgs/msg/detail/game_status__rosidl_typesupport_introspection_cpp.hpp
-- Installing: /home/ozone/robomaster-cv/ros_ws/install/polystar_msgs/include/polystar_msgs/polystar_msgs/msg/detail/game_stage__rosidl_typesupport_introspection_cpp.hpp
-- Installing: /home/ozone/robomaster-cv/ros_ws/install/polystar_msgs/include/polystar_msgs/polystar_msgs/msg/detail/shoot__rosidl_typesupport_introspection_cpp.hpp
-- Installing: /home/ozone/robomaster-cv/ros_ws/install/polystar_msgs/include/polystar_msgs/polystar_msgs/msg/detail/game_status__type_support.cpp
-- Installing: /home/ozone/robomaster-cv/ros_ws/install/polystar_msgs/include/polystar_msgs/polystar_msgs/msg/detail/switch_order__type_support.cpp
-- Installing: /home/ozone/robomaster-cv/ros_ws/install/polystar_msgs/include/polystar_msgs/polystar_msgs/msg/detail/turret_feedback__type_support.cpp
-- Installing: /home/ozone/robomaster-cv/ros_ws/install/polystar_msgs/include/polystar_msgs/polystar_msgs/msg/detail/movement__rosidl_typesupport_introspection_cpp.hpp
-- Installing: /home/ozone/robomaster-cv/ros_ws/install/polystar_msgs/include/polystar_msgs/polystar_msgs/msg/detail/position_feedback__type_support.cpp
-- Installing: /home/ozone/robomaster-cv/ros_ws/install/polystar_msgs/include/polystar_msgs/polystar_msgs/msg/detail/position_feedback__rosidl_typesupport_introspection_cpp.hpp
-- Installing: /home/ozone/robomaster-cv/ros_ws/install/polystar_msgs/include/polystar_msgs/polystar_msgs/msg/detail/hp__type_support.cpp
-- Installing: /home/ozone/robomaster-cv/ros_ws/install/polystar_msgs/include/polystar_msgs/polystar_msgs/msg/detail/shoot__type_support.cpp
-- Installing: /home/ozone/robomaster-cv/ros_ws/install/polystar_msgs/lib/libpolystar_msgs__rosidl_typesupport_introspection_cpp.so
-- Set runtime path of "/home/ozone/robomaster-cv/ros_ws/install/polystar_msgs/lib/libpolystar_msgs__rosidl_typesupport_introspection_cpp.so" to ""
-- Installing: /home/ozone/robomaster-cv/ros_ws/install/polystar_msgs/lib/libpolystar_msgs__rosidl_typesupport_cpp.so
-- Set runtime path of "/home/ozone/robomaster-cv/ros_ws/install/polystar_msgs/lib/libpolystar_msgs__rosidl_typesupport_cpp.so" to ""
-- Installing: /home/ozone/robomaster-cv/ros_ws/install/polystar_msgs/share/polystar_msgs/environment/pythonpath.sh
-- Installing: /home/ozone/robomaster-cv/ros_ws/install/polystar_msgs/share/polystar_msgs/environment/pythonpath.dsv
-- Installing: /home/ozone/robomaster-cv/ros_ws/install/polystar_msgs/lib/python3.10/site-packages/polystar_msgs-0.1.0-py3.10.egg-info
-- Installing: /home/ozone/robomaster-cv/ros_ws/install/polystar_msgs/lib/python3.10/site-packages/polystar_msgs-0.1.0-py3.10.egg-info/PKG-INFO
-- Installing: /home/ozone/robomaster-cv/ros_ws/install/polystar_msgs/lib/python3.10/site-packages/polystar_msgs-0.1.0-py3.10.egg-info/dependency_links.txt
-- Installing: /home/ozone/robomaster-cv/ros_ws/install/polystar_msgs/lib/python3.10/site-packages/polystar_msgs-0.1.0-py3.10.egg-info/SOURCES.txt
-- Installing: /home/ozone/robomaster-cv/ros_ws/install/polystar_msgs/lib/python3.10/site-packages/polystar_msgs-0.1.0-py3.10.egg-info/top_level.txt
-- Installing: /home/ozone/robomaster-cv/ros_ws/install/polystar_msgs/lib/python3.10/site-packages/polystar_msgs
-- Installing: /home/ozone/robomaster-cv/ros_ws/install/polystar_msgs/lib/python3.10/site-packages/polystar_msgs/_polystar_msgs_s.ep.rosidl_typesupport_c.c
-- Installing: /home/ozone/robomaster-cv/ros_ws/install/polystar_msgs/lib/python3.10/site-packages/polystar_msgs/polystar_msgs_s__rosidl_typesupport_c.cpython-310-x86_64-linux-gnu.so
-- Installing: /home/ozone/robomaster-cv/ros_ws/install/polystar_msgs/lib/python3.10/site-packages/polystar_msgs/polystar_msgs_s__rosidl_typesupport_fastrtps_c.cpython-310-x86_64-linux-gnu.so
-- Installing: /home/ozone/robomaster-cv/ros_ws/install/polystar_msgs/lib/python3.10/site-packages/polystar_msgs/__init__.py
-- Installing: /home/ozone/robomaster-cv/ros_ws/install/polystar_msgs/lib/python3.10/site-packages/polystar_msgs/_polystar_msgs_s.ep.rosidl_typesupport_fastrtps_c.c
-- Installing: /home/ozone/robomaster-cv/ros_ws/install/polystar_msgs/lib/python3.10/site-packages/polystar_msgs/libpolystar_msgs__rosidl_generator_py.so
-- Installing: /home/ozone/robomaster-cv/ros_ws/install/polystar_msgs/lib/python3.10/site-packages/polystar_msgs/polystar_msgs_s__rosidl_typesupport_introspection_c.cpython-310-x86_64-linux-gnu.so
-- Installing: /home/ozone/robomaster-cv/ros_ws/install/polystar_msgs/lib/python3.10/site-packages/polystar_msgs/msg
-- Installing: /home/ozone/robomaster-cv/ros_ws/install/polystar_msgs/lib/python3.10/site-packages/polystar_msgs/msg/_turret_feedback_s.c
-- Installing: /home/ozone/robomaster-cv/ros_ws/install/polystar_msgs/lib/python3.10/site-packages/polystar_msgs/msg/_game_stage.py
-- Installing: /home/ozone/robomaster-cv/ros_ws/install/polystar_msgs/lib/python3.10/site-packages/polystar_msgs/msg/_position_feedback_s.c
-- Installing: /home/ozone/robomaster-cv/ros_ws/install/polystar_msgs/lib/python3.10/site-packages/polystar_msgs/msg/_position_feedback.py
-- Installing: /home/ozone/robomaster-cv/ros_ws/install/polystar_msgs/lib/python3.10/site-packages/polystar_msgs/msg/_turret_feedback.py
-- Installing: /home/ozone/robomaster-cv/ros_ws/install/polystar_msgs/lib/python3.10/site-packages/polystar_msgs/msg/_hp_s.c
-- Installing: /home/ozone/robomaster-cv/ros_ws/install/polystar_msgs/lib/python3.10/site-packages/polystar_msgs/msg/_shoot.py
-- Installing: /home/ozone/robomaster-cv/ros_ws/install/polystar_msgs/lib/python3.10/site-packages/polystar_msgs/msg/_hp.py
-- Installing: /home/ozone/robomaster-cv/ros_ws/install/polystar_msgs/lib/python3.10/site-packages/polystar_msgs/msg/_target_s.c
-- Installing: /home/ozone/robomaster-cv/ros_ws/install/polystar_msgs/lib/python3.10/site-packages/polystar_msgs/msg/_switch_order_s.c
-- Installing: /home/ozone/robomaster-cv/ros_ws/install/polystar_msgs/lib/python3.10/site-packages/polystar_msgs/msg/_shoot_s.c
-- Installing: /home/ozone/robomaster-cv/ros_ws/install/polystar_msgs/lib/python3.10/site-packages/polystar_msgs/msg/__init__.py
-- Installing: /home/ozone/robomaster-cv/ros_ws/install/polystar_msgs/lib/python3.10/site-packages/polystar_msgs/msg/_switch_order.py
-- Installing: /home/ozone/robomaster-cv/ros_ws/install/polystar_msgs/lib/python3.10/site-packages/polystar_msgs/msg/_target.py
-- Installing: /home/ozone/robomaster-cv/ros_ws/install/polystar_msgs/lib/python3.10/site-packages/polystar_msgs/msg/_game_status.py
-- Installing: /home/ozone/robomaster-cv/ros_ws/install/polystar_msgs/lib/python3.10/site-packages/polystar_msgs/msg/_movement.py
-- Installing: /home/ozone/robomaster-cv/ros_ws/install/polystar_msgs/lib/python3.10/site-packages/polystar_msgs/msg/_game_status_s.c
-- Installing: /home/ozone/robomaster-cv/ros_ws/install/polystar_msgs/lib/python3.10/site-packages/polystar_msgs/msg/_movement_s.c
-- Installing: /home/ozone/robomaster-cv/ros_ws/install/polystar_msgs/lib/python3.10/site-packages/polystar_msgs/msg/_game_stage_s.c
-- Installing: /home/ozone/robomaster-cv/ros_ws/install/polystar_msgs/lib/python3.10/site-packages/polystar_msgs/_polystar_msgs_s.ep.rosidl_typesupport_introspection_c.c
Listing '/home/ozone/robomaster-cv/ros_ws/install/polystar_msgs/lib/python3.10/site-packages/polystar_msgs'...
Compiling '/home/ozone/robomaster-cv/ros_ws/install/polystar_msgs/lib/python3.10/site-packages/polystar_msgs/__init__.py'...
Listing '/home/ozone/robomaster-cv/ros_ws/install/polystar_msgs/lib/python3.10/site-packages/polystar_msgs/msg'...
Compiling '/home/ozone/robomaster-cv/ros_ws/install/polystar_msgs/lib/python3.10/site-packages/polystar_msgs/msg/__init__.py'...
Compiling '/home/ozone/robomaster-cv/ros_ws/install/polystar_msgs/lib/python3.10/site-packages/polystar_msgs/msg/_game_stage.py'...
Compiling '/home/ozone/robomaster-cv/ros_ws/install/polystar_msgs/lib/python3.10/site-packages/polystar_msgs/msg/_game_status.py'...
Compiling '/home/ozone/robomaster-cv/ros_ws/install/polystar_msgs/lib/python3.10/site-packages/polystar_msgs/msg/_hp.py'...
Compiling '/home/ozone/robomaster-cv/ros_ws/install/polystar_msgs/lib/python3.10/site-packages/polystar_msgs/msg/_movement.py'...
Compiling '/home/ozone/robomaster-cv/ros_ws/install/polystar_msgs/lib/python3.10/site-packages/polystar_msgs/msg/_position_feedback.py'...
Compiling '/home/ozone/robomaster-cv/ros_ws/install/polystar_msgs/lib/python3.10/site-packages/polystar_msgs/msg/_shoot.py'...
Compiling '/home/ozone/robomaster-cv/ros_ws/install/polystar_msgs/lib/python3.10/site-packages/polystar_msgs/msg/_switch_order.py'...
Compiling '/home/ozone/robomaster-cv/ros_ws/install/polystar_msgs/lib/python3.10/site-packages/polystar_msgs/msg/_target.py'...
Compiling '/home/ozone/robomaster-cv/ros_ws/install/polystar_msgs/lib/python3.10/site-packages/polystar_msgs/msg/_turret_feedback.py'...
-- Installing: /home/ozone/robomaster-cv/ros_ws/install/polystar_msgs/lib/python3.10/site-packages/polystar_msgs/polystar_msgs_s__rosidl_typesupport_fastrtps_c.cpython-310-x86_64-linux-gnu.so
-- Set runtime path of "/home/ozone/robomaster-cv/ros_ws/install/polystar_msgs/lib/python3.10/site-packages/polystar_msgs/polystar_msgs_s__rosidl_typesupport_fastrtps_c.cpython-310-x86_64-linux-gnu.so" to ""
-- Installing: /home/ozone/robomaster-cv/ros_ws/install/polystar_msgs/lib/python3.10/site-packages/polystar_msgs/polystar_msgs_s__rosidl_typesupport_introspection_c.cpython-310-x86_64-linux-gnu.so
-- Set runtime path of "/home/ozone/robomaster-cv/ros_ws/install/polystar_msgs/lib/python3.10/site-packages/polystar_msgs/polystar_msgs_s__rosidl_typesupport_introspection_c.cpython-310-x86_64-linux-gnu.so" to ""
-- Installing: /home/ozone/robomaster-cv/ros_ws/install/polystar_msgs/lib/python3.10/site-packages/polystar_msgs/polystar_msgs_s__rosidl_typesupport_c.cpython-310-x86_64-linux-gnu.so
-- Set runtime path of "/home/ozone/robomaster-cv/ros_ws/install/polystar_msgs/lib/python3.10/site-packages/polystar_msgs/polystar_msgs_s__rosidl_typesupport_c.cpython-310-x86_64-linux-gnu.so" to ""
-- Installing: /home/ozone/robomaster-cv/ros_ws/install/polystar_msgs/lib/libpolystar_msgs__rosidl_generator_py.so
-- Set runtime path of "/home/ozone/robomaster-cv/ros_ws/install/polystar_msgs/lib/libpolystar_msgs__rosidl_generator_py.so" to ""
-- Installing: /home/ozone/robomaster-cv/ros_ws/install/polystar_msgs/share/polystar_msgs/msg/HP.idl
-- Installing: /home/ozone/robomaster-cv/ros_ws/install/polystar_msgs/share/polystar_msgs/msg/SwitchOrder.idl
-- Installing: /home/ozone/robomaster-cv/ros_ws/install/polystar_msgs/share/polystar_msgs/msg/Target.idl
-- Installing: /home/ozone/robomaster-cv/ros_ws/install/polystar_msgs/share/polystar_msgs/msg/Movement.idl
-- Installing: /home/ozone/robomaster-cv/ros_ws/install/polystar_msgs/share/polystar_msgs/msg/GameStatus.idl
-- Installing: /home/ozone/robomaster-cv/ros_ws/install/polystar_msgs/share/polystar_msgs/msg/GameStage.idl
-- Installing: /home/ozone/robomaster-cv/ros_ws/install/polystar_msgs/share/polystar_msgs/msg/TurretFeedback.idl
-- Installing: /home/ozone/robomaster-cv/ros_ws/install/polystar_msgs/share/polystar_msgs/msg/PositionFeedback.idl
-- Installing: /home/ozone/robomaster-cv/ros_ws/install/polystar_msgs/share/polystar_msgs/msg/Shoot.idl
-- Installing: /home/ozone/robomaster-cv/ros_ws/install/polystar_msgs/share/polystar_msgs/msg/HP.msg
-- Installing: /home/ozone/robomaster-cv/ros_ws/install/polystar_msgs/share/polystar_msgs/msg/SwitchOrder.msg
-- Installing: /home/ozone/robomaster-cv/ros_ws/install/polystar_msgs/share/polystar_msgs/msg/Target.msg
-- Installing: /home/ozone/robomaster-cv/ros_ws/install/polystar_msgs/share/polystar_msgs/msg/Movement.msg
-- Installing: /home/ozone/robomaster-cv/ros_ws/install/polystar_msgs/share/polystar_msgs/msg/GameStatus.msg
-- Installing: /home/ozone/robomaster-cv/ros_ws/install/polystar_msgs/share/polystar_msgs/msg/GameStage.msg
-- Installing: /home/ozone/robomaster-cv/ros_ws/install/polystar_msgs/share/polystar_msgs/msg/TurretFeedback.msg
-- Installing: /home/ozone/robomaster-cv/ros_ws/install/polystar_msgs/share/polystar_msgs/msg/PositionFeedback.msg
-- Installing: /home/ozone/robomaster-cv/ros_ws/install/polystar_msgs/share/polystar_msgs/msg/Shoot.msg
