[0.006s] Invoking command in '/home/ozone/robomaster-cv/ros_ws/build/serial': /usr/bin/cmake --build /home/ozone/robomaster-cv/ros_ws/build/serial -- -j16 -l16
[0.020s] -- Found ament_cmake_ros: 0.11.2 (/opt/ros/iron/share/ament_cmake_ros/cmake)
[0.100s] -- Found rclcpp: 21.0.7 (/opt/ros/iron/share/rclcpp/cmake)
[0.255s] -- Found rosidl_generator_c: 4.0.1 (/opt/ros/iron/share/rosidl_generator_c/cmake)
[0.260s] -- Found rosidl_generator_cpp: 4.0.1 (/opt/ros/iron/share/rosidl_generator_cpp/cmake)
[0.266s] -- Using all available rosidl_typesupport_c: rosidl_typesupport_fastrtps_c;rosidl_typesupport_introspection_c
[0.275s] -- Using all available rosidl_typesupport_cpp: rosidl_typesupport_fastrtps_cpp;rosidl_typesupport_introspection_cpp
[0.361s] -- Found rmw_implementation_cmake: 7.1.0 (/opt/ros/iron/share/rmw_implementation_cmake/cmake)
[0.362s] -- Found rmw_fastrtps_cpp: 7.1.4 (/opt/ros/iron/share/rmw_fastrtps_cpp/cmake)
[5.059s] -- Using RMW implementation 'rmw_fastrtps_cpp' as default
[5.150s] -- Found std_msgs: 5.0.1 (/opt/ros/iron/share/std_msgs/cmake)
[5.167s] -- Found rosidl_default_generators: 1.5.0 (/opt/ros/iron/share/rosidl_default_generators/cmake)
[5.171s] -- Found rosidl_adapter: 4.0.1 (/opt/ros/iron/share/rosidl_adapter/cmake)
[5.513s] -- Using all available rosidl_typesupport_c: rosidl_typesupport_fastrtps_c;rosidl_typesupport_introspection_c
[5.576s] -- Using all available rosidl_typesupport_cpp: rosidl_typesupport_fastrtps_cpp;rosidl_typesupport_introspection_cpp
[5.588s] -- Found python_cmake_module: 0.10.2 (/opt/ros/iron/share/python_cmake_module/cmake)
[5.600s] -- Using PYTHON_EXECUTABLE: /usr/bin/python3
[5.600s] -- Using PYTHON_INCLUDE_DIRS: /usr/include/python3.10
[5.600s] -- Using PYTHON_LIBRARIES: /usr/lib/x86_64-linux-gnu/libpython3.10.so
[5.606s] -- Configuring incomplete, errors occurred!
[5.606s] See also "/home/ozone/robomaster-cv/ros_ws/build/serial/CMakeFiles/CMakeOutput.log".
[5.607s] [31mCMake Error at CMakeLists.txt:41 (add_executable):
[5.607s]   add_executable cannot create target "serial" because another target with
[5.607s]   the same name already exists.  The existing target is a custom target
[5.607s]   created in source directory "/home/ozone/robomaster-cv/ros_ws/src/serial".
[5.607s]   See documentation for policy CMP0002 for more details.
[5.607s] 
[5.607s] [0m
[5.607s] [31mCMake Error at CMakeLists.txt:46 (target_include_directories):
[5.607s]   target_include_directories called with non-compilable target type
[5.607s] 
[5.607s] [0m
[5.607s] [31mCMake Error at CMakeLists.txt:51 (target_link_libraries):
[5.607s]   Utility target "serial" must not be used as the target of a
[5.607s]   target_link_libraries call.
[5.607s] 
[5.607s] [0m
[5.611s] gmake: *** [Makefile:3043: cmake_check_build_system] Error 1
[5.612s] Invoked command in '/home/ozone/robomaster-cv/ros_ws/build/serial' returned '2': /usr/bin/cmake --build /home/ozone/robomaster-cv/ros_ws/build/serial -- -j16 -l16
