[0.213s] DEBUG:colcon:Command line arguments: ['/usr/bin/colcon', 'build']
[0.214s] DEBUG:colcon:Parsed command line arguments: Namespace(log_base=None, log_level=None, verb_name='build', build_base='build', install_base='install', merge_install=False, symlink_install=False, test_result_base=None, continue_on_error=False, executor='parallel', parallel_workers=16, event_handlers=None, ignore_user_meta=False, metas=['./colcon.meta'], base_paths=['.'], packages_ignore=None, packages_ignore_regex=None, paths=None, packages_up_to=None, packages_up_to_regex=None, packages_above=None, packages_above_and_dependencies=None, packages_above_depth=None, packages_select_by_dep=None, packages_skip_by_dep=None, packages_skip_up_to=None, packages_select_build_failed=False, packages_skip_build_finished=False, packages_select_test_failures=False, packages_skip_test_passed=False, packages_select=None, packages_skip=None, packages_select_regex=None, packages_skip_regex=None, packages_start=None, packages_end=None, allow_overriding=[], cmake_args=None, cmake_target=None, cmake_target_skip_unavailable=False, cmake_clean_cache=False, cmake_clean_first=False, cmake_force_configure=False, mixin_files=None, mixin=None, verb_parser=<colcon_mixin.mixin.mixin_argument.MixinArgumentDecorator object at 0x7fec8781b8e0>, verb_extension=<colcon_core.verb.build.BuildVerb object at 0x7fec8781b310>, main=<bound method BuildVerb.main of <colcon_core.verb.build.BuildVerb object at 0x7fec8781b310>>, mixin_verb=('build',))
[0.410s] Level 1:colcon.colcon_core.package_discovery:discover_packages(colcon_meta) check parameters
[0.411s] Level 1:colcon.colcon_core.package_discovery:discover_packages(recursive) check parameters
[0.411s] Level 1:colcon.colcon_core.package_discovery:discover_packages(ignore) check parameters
[0.411s] Level 1:colcon.colcon_core.package_discovery:discover_packages(path) check parameters
[0.411s] Level 1:colcon.colcon_core.package_discovery:discover_packages(colcon_meta) discover
[0.411s] Level 1:colcon.colcon_core.package_discovery:discover_packages(recursive) discover
[0.411s] INFO:colcon.colcon_core.package_discovery:Crawling recursively for packages in '/home/ozone/robomaster-cv/ros_ws'
[0.411s] Level 1:colcon.colcon_core.package_identification:_identify(.) by extensions ['ignore']
[0.411s] Level 1:colcon.colcon_core.package_identification:_identify(.) by extension 'ignore'
[0.411s] Level 1:colcon.colcon_core.package_identification:_identify(.) by extensions ['colcon_pkg']
[0.411s] Level 1:colcon.colcon_core.package_identification:_identify(.) by extension 'colcon_pkg'
[0.411s] Level 1:colcon.colcon_core.package_identification:_identify(.) by extensions ['colcon_meta']
[0.411s] Level 1:colcon.colcon_core.package_identification:_identify(.) by extension 'colcon_meta'
[0.411s] Level 1:colcon.colcon_core.package_identification:_identify(.) by extensions ['cmake', 'python']
[0.411s] Level 1:colcon.colcon_core.package_identification:_identify(.) by extension 'cmake'
[0.411s] Level 1:colcon.colcon_core.package_identification:_identify(.) by extension 'python'
[0.411s] Level 1:colcon.colcon_core.package_identification:_identify(.) by extensions ['python_setup_py']
[0.411s] Level 1:colcon.colcon_core.package_identification:_identify(.) by extension 'python_setup_py'
[0.412s] Level 1:colcon.colcon_core.package_identification:_identify(build) by extensions ['ignore']
[0.412s] Level 1:colcon.colcon_core.package_identification:_identify(build) by extension 'ignore'
[0.412s] Level 1:colcon.colcon_core.package_identification:_identify(build) ignored
[0.412s] Level 1:colcon.colcon_core.package_identification:_identify(data) by extensions ['ignore']
[0.412s] Level 1:colcon.colcon_core.package_identification:_identify(data) by extension 'ignore'
[0.412s] Level 1:colcon.colcon_core.package_identification:_identify(data) by extensions ['colcon_pkg']
[0.412s] Level 1:colcon.colcon_core.package_identification:_identify(data) by extension 'colcon_pkg'
[0.412s] Level 1:colcon.colcon_core.package_identification:_identify(data) by extensions ['colcon_meta']
[0.412s] Level 1:colcon.colcon_core.package_identification:_identify(data) by extension 'colcon_meta'
[0.412s] Level 1:colcon.colcon_core.package_identification:_identify(data) by extensions ['cmake', 'python']
[0.412s] Level 1:colcon.colcon_core.package_identification:_identify(data) by extension 'cmake'
[0.412s] Level 1:colcon.colcon_core.package_identification:_identify(data) by extension 'python'
[0.413s] Level 1:colcon.colcon_core.package_identification:_identify(data) by extensions ['python_setup_py']
[0.413s] Level 1:colcon.colcon_core.package_identification:_identify(data) by extension 'python_setup_py'
[0.413s] Level 1:colcon.colcon_core.package_identification:_identify(data/models) by extensions ['ignore']
[0.413s] Level 1:colcon.colcon_core.package_identification:_identify(data/models) by extension 'ignore'
[0.413s] Level 1:colcon.colcon_core.package_identification:_identify(data/models) by extensions ['colcon_pkg']
[0.413s] Level 1:colcon.colcon_core.package_identification:_identify(data/models) by extension 'colcon_pkg'
[0.413s] Level 1:colcon.colcon_core.package_identification:_identify(data/models) by extensions ['colcon_meta']
[0.413s] Level 1:colcon.colcon_core.package_identification:_identify(data/models) by extension 'colcon_meta'
[0.413s] Level 1:colcon.colcon_core.package_identification:_identify(data/models) by extensions ['cmake', 'python']
[0.413s] Level 1:colcon.colcon_core.package_identification:_identify(data/models) by extension 'cmake'
[0.413s] Level 1:colcon.colcon_core.package_identification:_identify(data/models) by extension 'python'
[0.413s] Level 1:colcon.colcon_core.package_identification:_identify(data/models) by extensions ['python_setup_py']
[0.413s] Level 1:colcon.colcon_core.package_identification:_identify(data/models) by extension 'python_setup_py'
[0.413s] Level 1:colcon.colcon_core.package_identification:_identify(install) by extensions ['ignore']
[0.414s] Level 1:colcon.colcon_core.package_identification:_identify(install) by extension 'ignore'
[0.414s] Level 1:colcon.colcon_core.package_identification:_identify(install) ignored
[0.414s] Level 1:colcon.colcon_core.package_identification:_identify(launch) by extensions ['ignore']
[0.414s] Level 1:colcon.colcon_core.package_identification:_identify(launch) by extension 'ignore'
[0.414s] Level 1:colcon.colcon_core.package_identification:_identify(launch) by extensions ['colcon_pkg']
[0.414s] Level 1:colcon.colcon_core.package_identification:_identify(launch) by extension 'colcon_pkg'
[0.414s] Level 1:colcon.colcon_core.package_identification:_identify(launch) by extensions ['colcon_meta']
[0.414s] Level 1:colcon.colcon_core.package_identification:_identify(launch) by extension 'colcon_meta'
[0.414s] Level 1:colcon.colcon_core.package_identification:_identify(launch) by extensions ['cmake', 'python']
[0.414s] Level 1:colcon.colcon_core.package_identification:_identify(launch) by extension 'cmake'
[0.414s] Level 1:colcon.colcon_core.package_identification:_identify(launch) by extension 'python'
[0.414s] Level 1:colcon.colcon_core.package_identification:_identify(launch) by extensions ['python_setup_py']
[0.414s] Level 1:colcon.colcon_core.package_identification:_identify(launch) by extension 'python_setup_py'
[0.414s] Level 1:colcon.colcon_core.package_identification:_identify(log) by extensions ['ignore']
[0.414s] Level 1:colcon.colcon_core.package_identification:_identify(log) by extension 'ignore'
[0.414s] Level 1:colcon.colcon_core.package_identification:_identify(log) ignored
[0.415s] Level 1:colcon.colcon_core.package_identification:_identify(src) by extensions ['ignore']
[0.415s] Level 1:colcon.colcon_core.package_identification:_identify(src) by extension 'ignore'
[0.415s] Level 1:colcon.colcon_core.package_identification:_identify(src) by extensions ['colcon_pkg']
[0.415s] Level 1:colcon.colcon_core.package_identification:_identify(src) by extension 'colcon_pkg'
[0.415s] Level 1:colcon.colcon_core.package_identification:_identify(src) by extensions ['colcon_meta']
[0.415s] Level 1:colcon.colcon_core.package_identification:_identify(src) by extension 'colcon_meta'
[0.415s] Level 1:colcon.colcon_core.package_identification:_identify(src) by extensions ['cmake', 'python']
[0.415s] Level 1:colcon.colcon_core.package_identification:_identify(src) by extension 'cmake'
[0.415s] Level 1:colcon.colcon_core.package_identification:_identify(src) by extension 'python'
[0.415s] Level 1:colcon.colcon_core.package_identification:_identify(src) by extensions ['python_setup_py']
[0.415s] Level 1:colcon.colcon_core.package_identification:_identify(src) by extension 'python_setup_py'
[0.415s] Level 1:colcon.colcon_core.package_identification:_identify(src/decision) by extensions ['ignore']
[0.415s] Level 1:colcon.colcon_core.package_identification:_identify(src/decision) by extension 'ignore'
[0.415s] Level 1:colcon.colcon_core.package_identification:_identify(src/decision) by extensions ['colcon_pkg']
[0.415s] Level 1:colcon.colcon_core.package_identification:_identify(src/decision) by extension 'colcon_pkg'
[0.415s] Level 1:colcon.colcon_core.package_identification:_identify(src/decision) by extensions ['colcon_meta']
[0.415s] Level 1:colcon.colcon_core.package_identification:_identify(src/decision) by extension 'colcon_meta'
[0.415s] Level 1:colcon.colcon_core.package_identification:_identify(src/decision) by extensions ['cmake', 'python']
[0.415s] Level 1:colcon.colcon_core.package_identification:_identify(src/decision) by extension 'cmake'
[0.417s] Level 1:colcon.colcon_core.package_identification:_identify(src/decision) by extension 'python'
[0.417s] DEBUG:colcon.colcon_core.package_identification:Package 'src/decision' with type 'cmake' and name 'decision'
[0.417s] Level 1:colcon.colcon_core.package_identification:_identify(src/detection) by extensions ['ignore']
[0.417s] Level 1:colcon.colcon_core.package_identification:_identify(src/detection) by extension 'ignore'
[0.417s] Level 1:colcon.colcon_core.package_identification:_identify(src/detection) by extensions ['colcon_pkg']
[0.417s] Level 1:colcon.colcon_core.package_identification:_identify(src/detection) by extension 'colcon_pkg'
[0.417s] Level 1:colcon.colcon_core.package_identification:_identify(src/detection) by extensions ['colcon_meta']
[0.417s] Level 1:colcon.colcon_core.package_identification:_identify(src/detection) by extension 'colcon_meta'
[0.417s] Level 1:colcon.colcon_core.package_identification:_identify(src/detection) by extensions ['cmake', 'python']
[0.417s] Level 1:colcon.colcon_core.package_identification:_identify(src/detection) by extension 'cmake'
[0.419s] Level 1:colcon.colcon_core.package_identification:_identify(src/detection) by extension 'python'
[0.419s] DEBUG:colcon.colcon_core.package_identification:Package 'src/detection' with type 'cmake' and name 'detection'
[0.419s] Level 1:colcon.colcon_core.package_identification:_identify(src/locate) by extensions ['ignore']
[0.419s] Level 1:colcon.colcon_core.package_identification:_identify(src/locate) by extension 'ignore'
[0.419s] Level 1:colcon.colcon_core.package_identification:_identify(src/locate) by extensions ['colcon_pkg']
[0.420s] Level 1:colcon.colcon_core.package_identification:_identify(src/locate) by extension 'colcon_pkg'
[0.420s] Level 1:colcon.colcon_core.package_identification:_identify(src/locate) by extensions ['colcon_meta']
[0.420s] Level 1:colcon.colcon_core.package_identification:_identify(src/locate) by extension 'colcon_meta'
[0.420s] Level 1:colcon.colcon_core.package_identification:_identify(src/locate) by extensions ['cmake', 'python']
[0.420s] Level 1:colcon.colcon_core.package_identification:_identify(src/locate) by extension 'cmake'
[0.421s] Level 1:colcon.colcon_core.package_identification:_identify(src/locate) by extension 'python'
[0.421s] DEBUG:colcon.colcon_core.package_identification:Package 'src/locate' with type 'cmake' and name 'locate'
[0.421s] Level 1:colcon.colcon_core.package_identification:_identify(src/monitor) by extensions ['ignore']
[0.421s] Level 1:colcon.colcon_core.package_identification:_identify(src/monitor) by extension 'ignore'
[0.421s] Level 1:colcon.colcon_core.package_identification:_identify(src/monitor) by extensions ['colcon_pkg']
[0.421s] Level 1:colcon.colcon_core.package_identification:_identify(src/monitor) by extension 'colcon_pkg'
[0.421s] Level 1:colcon.colcon_core.package_identification:_identify(src/monitor) by extensions ['colcon_meta']
[0.421s] Level 1:colcon.colcon_core.package_identification:_identify(src/monitor) by extension 'colcon_meta'
[0.421s] Level 1:colcon.colcon_core.package_identification:_identify(src/monitor) by extensions ['cmake', 'python']
[0.421s] Level 1:colcon.colcon_core.package_identification:_identify(src/monitor) by extension 'cmake'
[0.422s] Level 1:colcon.colcon_core.package_identification:_identify(src/monitor) by extension 'python'
[0.422s] DEBUG:colcon.colcon_core.package_identification:Package 'src/monitor' with type 'cmake' and name 'monitor'
[0.422s] Level 1:colcon.colcon_core.package_identification:_identify(src/polystar_msgs) by extensions ['ignore']
[0.422s] Level 1:colcon.colcon_core.package_identification:_identify(src/polystar_msgs) by extension 'ignore'
[0.422s] Level 1:colcon.colcon_core.package_identification:_identify(src/polystar_msgs) by extensions ['colcon_pkg']
[0.422s] Level 1:colcon.colcon_core.package_identification:_identify(src/polystar_msgs) by extension 'colcon_pkg'
[0.422s] Level 1:colcon.colcon_core.package_identification:_identify(src/polystar_msgs) by extensions ['colcon_meta']
[0.422s] Level 1:colcon.colcon_core.package_identification:_identify(src/polystar_msgs) by extension 'colcon_meta'
[0.423s] Level 1:colcon.colcon_core.package_identification:_identify(src/polystar_msgs) by extensions ['cmake', 'python']
[0.423s] Level 1:colcon.colcon_core.package_identification:_identify(src/polystar_msgs) by extension 'cmake'
[0.423s] Level 1:colcon.colcon_core.package_identification:_identify(src/polystar_msgs) by extension 'python'
[0.423s] DEBUG:colcon.colcon_core.package_identification:Package 'src/polystar_msgs' with type 'cmake' and name 'polystar_msgs'
[0.423s] Level 1:colcon.colcon_core.package_identification:_identify(src/serial) by extensions ['ignore']
[0.423s] Level 1:colcon.colcon_core.package_identification:_identify(src/serial) by extension 'ignore'
[0.423s] Level 1:colcon.colcon_core.package_identification:_identify(src/serial) by extensions ['colcon_pkg']
[0.423s] Level 1:colcon.colcon_core.package_identification:_identify(src/serial) by extension 'colcon_pkg'
[0.423s] Level 1:colcon.colcon_core.package_identification:_identify(src/serial) by extensions ['colcon_meta']
[0.423s] Level 1:colcon.colcon_core.package_identification:_identify(src/serial) by extension 'colcon_meta'
[0.424s] Level 1:colcon.colcon_core.package_identification:_identify(src/serial) by extensions ['cmake', 'python']
[0.424s] Level 1:colcon.colcon_core.package_identification:_identify(src/serial) by extension 'cmake'
[0.425s] Level 1:colcon.colcon_core.package_identification:_identify(src/serial) by extension 'python'
[0.425s] DEBUG:colcon.colcon_core.package_identification:Package 'src/serial' with type 'cmake' and name 'serial'
[0.425s] Level 1:colcon.colcon_core.package_identification:_identify(src/testing) by extensions ['ignore']
[0.425s] Level 1:colcon.colcon_core.package_identification:_identify(src/testing) by extension 'ignore'
[0.425s] Level 1:colcon.colcon_core.package_identification:_identify(src/testing) by extensions ['colcon_pkg']
[0.425s] Level 1:colcon.colcon_core.package_identification:_identify(src/testing) by extension 'colcon_pkg'
[0.425s] Level 1:colcon.colcon_core.package_identification:_identify(src/testing) by extensions ['colcon_meta']
[0.425s] Level 1:colcon.colcon_core.package_identification:_identify(src/testing) by extension 'colcon_meta'
[0.425s] Level 1:colcon.colcon_core.package_identification:_identify(src/testing) by extensions ['cmake', 'python']
[0.425s] Level 1:colcon.colcon_core.package_identification:_identify(src/testing) by extension 'cmake'
[0.426s] Level 1:colcon.colcon_core.package_identification:_identify(src/testing) by extension 'python'
[0.426s] DEBUG:colcon.colcon_core.package_identification:Package 'src/testing' with type 'cmake' and name 'testing'
[0.426s] Level 1:colcon.colcon_core.package_identification:_identify(src/tracking) by extensions ['ignore']
[0.426s] Level 1:colcon.colcon_core.package_identification:_identify(src/tracking) by extension 'ignore'
[0.426s] Level 1:colcon.colcon_core.package_identification:_identify(src/tracking) by extensions ['colcon_pkg']
[0.426s] Level 1:colcon.colcon_core.package_identification:_identify(src/tracking) by extension 'colcon_pkg'
[0.426s] Level 1:colcon.colcon_core.package_identification:_identify(src/tracking) by extensions ['colcon_meta']
[0.426s] Level 1:colcon.colcon_core.package_identification:_identify(src/tracking) by extension 'colcon_meta'
[0.426s] Level 1:colcon.colcon_core.package_identification:_identify(src/tracking) by extensions ['cmake', 'python']
[0.426s] Level 1:colcon.colcon_core.package_identification:_identify(src/tracking) by extension 'cmake'
[0.426s] Level 1:colcon.colcon_core.package_identification:_identify(src/tracking) by extension 'python'
[0.427s] DEBUG:colcon.colcon_core.package_identification:Python package in 'src/tracking' passes arguments to the setup() function which requires a different identification extension than 'python'
[0.427s] Level 1:colcon.colcon_core.package_identification:_identify(src/tracking) by extensions ['python_setup_py']
[0.427s] Level 1:colcon.colcon_core.package_identification:_identify(src/tracking) by extension 'python_setup_py'
[0.550s] DEBUG:colcon.colcon_core.package_identification:Package 'src/tracking' with type 'python' and name 'tracking'
[0.550s] Level 1:colcon.colcon_core.package_discovery:discover_packages(recursive) using defaults
[0.550s] Level 1:colcon.colcon_core.package_discovery:discover_packages(ignore) discover
[0.550s] Level 1:colcon.colcon_core.package_discovery:discover_packages(ignore) using defaults
[0.550s] Level 1:colcon.colcon_core.package_discovery:discover_packages(path) discover
[0.550s] Level 1:colcon.colcon_core.package_discovery:discover_packages(path) using defaults
[0.571s] Level 1:colcon.colcon_core.package_discovery:discover_packages(prefix_path) check parameters
[0.571s] Level 1:colcon.colcon_core.package_discovery:discover_packages(prefix_path) discover
[0.572s] Level 1:colcon.colcon_core.package_discovery:discover_packages(prefix_path) using defaults
[0.573s] Level 5:colcon.colcon_core.verb:set package 'detection' build argument 'cmake_args' from command line to 'None'
[0.573s] Level 5:colcon.colcon_core.verb:set package 'detection' build argument 'cmake_target' from command line to 'None'
[0.573s] Level 5:colcon.colcon_core.verb:set package 'detection' build argument 'cmake_target_skip_unavailable' from command line to 'False'
[0.573s] Level 5:colcon.colcon_core.verb:set package 'detection' build argument 'cmake_clean_cache' from command line to 'False'
[0.573s] Level 5:colcon.colcon_core.verb:set package 'detection' build argument 'cmake_clean_first' from command line to 'False'
[0.573s] Level 5:colcon.colcon_core.verb:set package 'detection' build argument 'cmake_force_configure' from command line to 'False'
[0.573s] DEBUG:colcon.colcon_core.verb:Building package 'detection' with the following arguments: {'build_base': '/home/ozone/robomaster-cv/ros_ws/build/detection', 'cmake_args': None, 'cmake_clean_cache': False, 'cmake_clean_first': False, 'cmake_force_configure': False, 'cmake_target': None, 'cmake_target_skip_unavailable': False, 'install_base': '/home/ozone/robomaster-cv/ros_ws/install/detection', 'merge_install': False, 'path': '/home/ozone/robomaster-cv/ros_ws/src/detection', 'symlink_install': False, 'test_result_base': None}
[0.573s] Level 5:colcon.colcon_core.verb:set package 'polystar_msgs' build argument 'cmake_args' from command line to 'None'
[0.573s] Level 5:colcon.colcon_core.verb:set package 'polystar_msgs' build argument 'cmake_target' from command line to 'None'
[0.573s] Level 5:colcon.colcon_core.verb:set package 'polystar_msgs' build argument 'cmake_target_skip_unavailable' from command line to 'False'
[0.573s] Level 5:colcon.colcon_core.verb:set package 'polystar_msgs' build argument 'cmake_clean_cache' from command line to 'False'
[0.573s] Level 5:colcon.colcon_core.verb:set package 'polystar_msgs' build argument 'cmake_clean_first' from command line to 'False'
[0.573s] Level 5:colcon.colcon_core.verb:set package 'polystar_msgs' build argument 'cmake_force_configure' from command line to 'False'
[0.573s] DEBUG:colcon.colcon_core.verb:Building package 'polystar_msgs' with the following arguments: {'build_base': '/home/ozone/robomaster-cv/ros_ws/build/polystar_msgs', 'cmake_args': None, 'cmake_clean_cache': False, 'cmake_clean_first': False, 'cmake_force_configure': False, 'cmake_target': None, 'cmake_target_skip_unavailable': False, 'install_base': '/home/ozone/robomaster-cv/ros_ws/install/polystar_msgs', 'merge_install': False, 'path': '/home/ozone/robomaster-cv/ros_ws/src/polystar_msgs', 'symlink_install': False, 'test_result_base': None}
[0.573s] Level 5:colcon.colcon_core.verb:set package 'tracking' build argument 'cmake_args' from command line to 'None'
[0.573s] Level 5:colcon.colcon_core.verb:set package 'tracking' build argument 'cmake_target' from command line to 'None'
[0.573s] Level 5:colcon.colcon_core.verb:set package 'tracking' build argument 'cmake_target_skip_unavailable' from command line to 'False'
[0.573s] Level 5:colcon.colcon_core.verb:set package 'tracking' build argument 'cmake_clean_cache' from command line to 'False'
[0.573s] Level 5:colcon.colcon_core.verb:set package 'tracking' build argument 'cmake_clean_first' from command line to 'False'
[0.573s] Level 5:colcon.colcon_core.verb:set package 'tracking' build argument 'cmake_force_configure' from command line to 'False'
[0.573s] DEBUG:colcon.colcon_core.verb:Building package 'tracking' with the following arguments: {'build_base': '/home/ozone/robomaster-cv/ros_ws/build/tracking', 'cmake_args': None, 'cmake_clean_cache': False, 'cmake_clean_first': False, 'cmake_force_configure': False, 'cmake_target': None, 'cmake_target_skip_unavailable': False, 'install_base': '/home/ozone/robomaster-cv/ros_ws/install/tracking', 'merge_install': False, 'path': '/home/ozone/robomaster-cv/ros_ws/src/tracking', 'symlink_install': False, 'test_result_base': None}
[0.573s] Level 5:colcon.colcon_core.verb:set package 'monitor' build argument 'cmake_args' from command line to 'None'
[0.573s] Level 5:colcon.colcon_core.verb:set package 'monitor' build argument 'cmake_target' from command line to 'None'
[0.573s] Level 5:colcon.colcon_core.verb:set package 'monitor' build argument 'cmake_target_skip_unavailable' from command line to 'False'
[0.573s] Level 5:colcon.colcon_core.verb:set package 'monitor' build argument 'cmake_clean_cache' from command line to 'False'
[0.573s] Level 5:colcon.colcon_core.verb:set package 'monitor' build argument 'cmake_clean_first' from command line to 'False'
[0.573s] Level 5:colcon.colcon_core.verb:set package 'monitor' build argument 'cmake_force_configure' from command line to 'False'
[0.574s] DEBUG:colcon.colcon_core.verb:Building package 'monitor' with the following arguments: {'build_base': '/home/ozone/robomaster-cv/ros_ws/build/monitor', 'cmake_args': None, 'cmake_clean_cache': False, 'cmake_clean_first': False, 'cmake_force_configure': False, 'cmake_target': None, 'cmake_target_skip_unavailable': False, 'install_base': '/home/ozone/robomaster-cv/ros_ws/install/monitor', 'merge_install': False, 'path': '/home/ozone/robomaster-cv/ros_ws/src/monitor', 'symlink_install': False, 'test_result_base': None}
[0.574s] Level 5:colcon.colcon_core.verb:set package 'serial' build argument 'cmake_args' from command line to 'None'
[0.574s] Level 5:colcon.colcon_core.verb:set package 'serial' build argument 'cmake_target' from command line to 'None'
[0.574s] Level 5:colcon.colcon_core.verb:set package 'serial' build argument 'cmake_target_skip_unavailable' from command line to 'False'
[0.574s] Level 5:colcon.colcon_core.verb:set package 'serial' build argument 'cmake_clean_cache' from command line to 'False'
[0.574s] Level 5:colcon.colcon_core.verb:set package 'serial' build argument 'cmake_clean_first' from command line to 'False'
[0.574s] Level 5:colcon.colcon_core.verb:set package 'serial' build argument 'cmake_force_configure' from command line to 'False'
[0.574s] DEBUG:colcon.colcon_core.verb:Building package 'serial' with the following arguments: {'build_base': '/home/ozone/robomaster-cv/ros_ws/build/serial', 'cmake_args': None, 'cmake_clean_cache': False, 'cmake_clean_first': False, 'cmake_force_configure': False, 'cmake_target': None, 'cmake_target_skip_unavailable': False, 'install_base': '/home/ozone/robomaster-cv/ros_ws/install/serial', 'merge_install': False, 'path': '/home/ozone/robomaster-cv/ros_ws/src/serial', 'symlink_install': False, 'test_result_base': None}
[0.574s] Level 5:colcon.colcon_core.verb:set package 'decision' build argument 'cmake_args' from command line to 'None'
[0.574s] Level 5:colcon.colcon_core.verb:set package 'decision' build argument 'cmake_target' from command line to 'None'
[0.574s] Level 5:colcon.colcon_core.verb:set package 'decision' build argument 'cmake_target_skip_unavailable' from command line to 'False'
[0.574s] Level 5:colcon.colcon_core.verb:set package 'decision' build argument 'cmake_clean_cache' from command line to 'False'
[0.574s] Level 5:colcon.colcon_core.verb:set package 'decision' build argument 'cmake_clean_first' from command line to 'False'
[0.574s] Level 5:colcon.colcon_core.verb:set package 'decision' build argument 'cmake_force_configure' from command line to 'False'
[0.574s] DEBUG:colcon.colcon_core.verb:Building package 'decision' with the following arguments: {'build_base': '/home/ozone/robomaster-cv/ros_ws/build/decision', 'cmake_args': None, 'cmake_clean_cache': False, 'cmake_clean_first': False, 'cmake_force_configure': False, 'cmake_target': None, 'cmake_target_skip_unavailable': False, 'install_base': '/home/ozone/robomaster-cv/ros_ws/install/decision', 'merge_install': False, 'path': '/home/ozone/robomaster-cv/ros_ws/src/decision', 'symlink_install': False, 'test_result_base': None}
[0.574s] Level 5:colcon.colcon_core.verb:set package 'locate' build argument 'cmake_args' from command line to 'None'
[0.574s] Level 5:colcon.colcon_core.verb:set package 'locate' build argument 'cmake_target' from command line to 'None'
[0.574s] Level 5:colcon.colcon_core.verb:set package 'locate' build argument 'cmake_target_skip_unavailable' from command line to 'False'
[0.574s] Level 5:colcon.colcon_core.verb:set package 'locate' build argument 'cmake_clean_cache' from command line to 'False'
[0.574s] Level 5:colcon.colcon_core.verb:set package 'locate' build argument 'cmake_clean_first' from command line to 'False'
[0.574s] Level 5:colcon.colcon_core.verb:set package 'locate' build argument 'cmake_force_configure' from command line to 'False'
[0.574s] DEBUG:colcon.colcon_core.verb:Building package 'locate' with the following arguments: {'build_base': '/home/ozone/robomaster-cv/ros_ws/build/locate', 'cmake_args': None, 'cmake_clean_cache': False, 'cmake_clean_first': False, 'cmake_force_configure': False, 'cmake_target': None, 'cmake_target_skip_unavailable': False, 'install_base': '/home/ozone/robomaster-cv/ros_ws/install/locate', 'merge_install': False, 'path': '/home/ozone/robomaster-cv/ros_ws/src/locate', 'symlink_install': False, 'test_result_base': None}
[0.574s] Level 5:colcon.colcon_core.verb:set package 'testing' build argument 'cmake_args' from command line to 'None'
[0.574s] Level 5:colcon.colcon_core.verb:set package 'testing' build argument 'cmake_target' from command line to 'None'
[0.574s] Level 5:colcon.colcon_core.verb:set package 'testing' build argument 'cmake_target_skip_unavailable' from command line to 'False'
[0.574s] Level 5:colcon.colcon_core.verb:set package 'testing' build argument 'cmake_clean_cache' from command line to 'False'
[0.574s] Level 5:colcon.colcon_core.verb:set package 'testing' build argument 'cmake_clean_first' from command line to 'False'
[0.574s] Level 5:colcon.colcon_core.verb:set package 'testing' build argument 'cmake_force_configure' from command line to 'False'
[0.574s] DEBUG:colcon.colcon_core.verb:Building package 'testing' with the following arguments: {'build_base': '/home/ozone/robomaster-cv/ros_ws/build/testing', 'cmake_args': None, 'cmake_clean_cache': False, 'cmake_clean_first': False, 'cmake_force_configure': False, 'cmake_target': None, 'cmake_target_skip_unavailable': False, 'install_base': '/home/ozone/robomaster-cv/ros_ws/install/testing', 'merge_install': False, 'path': '/home/ozone/robomaster-cv/ros_ws/src/testing', 'symlink_install': False, 'test_result_base': None}
[0.574s] INFO:colcon.colcon_core.executor:Executing jobs using 'parallel' executor
[0.575s] DEBUG:colcon.colcon_parallel_executor.executor.parallel:run_until_complete
[0.575s] INFO:colcon.colcon_cmake.task.cmake.build:Building CMake package in '/home/ozone/robomaster-cv/ros_ws/src/polystar_msgs'
[0.578s] INFO:colcon.colcon_core.plugin_system:Skipping extension 'colcon_core.shell.bat': Not used on non-Windows systems
[0.578s] INFO:colcon.colcon_core.shell:Skip shell extension 'powershell' for command environment: Not usable outside of PowerShell
[0.578s] DEBUG:colcon.colcon_core.shell:Skip shell extension 'dsv' for command environment
[0.580s] INFO:colcon.colcon_cmake.task.cmake.build:Building CMake package in '/home/ozone/robomaster-cv/ros_ws/src/detection'
[0.580s] INFO:colcon.colcon_core.shell:Skip shell extension 'powershell' for command environment: Not usable outside of PowerShell
[0.580s] DEBUG:colcon.colcon_core.shell:Skip shell extension 'dsv' for command environment
[0.581s] INFO:colcon.colcon_core.task.python.build:Building Python package in '/home/ozone/robomaster-cv/ros_ws/src/tracking'
[0.581s] INFO:colcon.colcon_core.shell:Skip shell extension 'powershell' for command environment: Not usable outside of PowerShell
[0.581s] DEBUG:colcon.colcon_core.shell:Skip shell extension 'dsv' for command environment
[0.586s] DEBUG:colcon.colcon_core.event_handler.log_command:Invoking command in '/home/ozone/robomaster-cv/ros_ws/build/polystar_msgs': /usr/bin/cmake --build /home/ozone/robomaster-cv/ros_ws/build/polystar_msgs -- -j16 -l16
[0.592s] DEBUG:colcon.colcon_core.event_handler.log_command:Invoking command in '/home/ozone/robomaster-cv/ros_ws/build/detection': /usr/bin/cmake /home/ozone/robomaster-cv/ros_ws/src/detection -DCMAKE_INSTALL_PREFIX=/home/ozone/robomaster-cv/ros_ws/install/detection
[0.819s] DEBUG:colcon.colcon_core.event_handler.log_command:Invoked command in '/home/ozone/robomaster-cv/ros_ws/build/polystar_msgs' returned '0': /usr/bin/cmake --build /home/ozone/robomaster-cv/ros_ws/build/polystar_msgs -- -j16 -l16
[0.944s] DEBUG:colcon.colcon_core.event_handler.log_command:Invoking command in '/home/ozone/robomaster-cv/ros_ws/build/polystar_msgs': /usr/bin/cmake --install /home/ozone/robomaster-cv/ros_ws/build/polystar_msgs
[0.993s] Level 1:colcon.colcon_core.environment:create_environment_scripts_only(polystar_msgs)
[0.993s] DEBUG:colcon.colcon_core.event_handler.log_command:Invoked command in '/home/ozone/robomaster-cv/ros_ws/build/polystar_msgs' returned '0': /usr/bin/cmake --install /home/ozone/robomaster-cv/ros_ws/build/polystar_msgs
[0.998s] Level 1:colcon.colcon_core.environment:checking '/home/ozone/robomaster-cv/ros_ws/install/polystar_msgs' for CMake module files
[0.999s] Level 1:colcon.colcon_core.environment:checking '/home/ozone/robomaster-cv/ros_ws/install/polystar_msgs' for CMake config files
[1.000s] Level 1:colcon.colcon_core.shell:create_environment_hook('polystar_msgs', 'cmake_prefix_path')
[1.000s] INFO:colcon.colcon_core.shell:Creating environment hook '/home/ozone/robomaster-cv/ros_ws/install/polystar_msgs/share/polystar_msgs/hook/cmake_prefix_path.ps1'
[1.001s] INFO:colcon.colcon_core.shell:Creating environment descriptor '/home/ozone/robomaster-cv/ros_ws/install/polystar_msgs/share/polystar_msgs/hook/cmake_prefix_path.dsv'
[1.002s] INFO:colcon.colcon_core.shell:Creating environment hook '/home/ozone/robomaster-cv/ros_ws/install/polystar_msgs/share/polystar_msgs/hook/cmake_prefix_path.sh'
[1.002s] Level 1:colcon.colcon_core.environment:checking '/home/ozone/robomaster-cv/ros_ws/install/polystar_msgs/lib'
[1.003s] Level 1:colcon.colcon_core.shell:create_environment_hook('polystar_msgs', 'ld_library_path_lib')
[1.003s] INFO:colcon.colcon_core.shell:Creating environment hook '/home/ozone/robomaster-cv/ros_ws/install/polystar_msgs/share/polystar_msgs/hook/ld_library_path_lib.ps1'
[1.003s] INFO:colcon.colcon_core.shell:Creating environment descriptor '/home/ozone/robomaster-cv/ros_ws/install/polystar_msgs/share/polystar_msgs/hook/ld_library_path_lib.dsv'
[1.003s] INFO:colcon.colcon_core.shell:Creating environment hook '/home/ozone/robomaster-cv/ros_ws/install/polystar_msgs/share/polystar_msgs/hook/ld_library_path_lib.sh'
[1.004s] Level 1:colcon.colcon_core.environment:checking '/home/ozone/robomaster-cv/ros_ws/install/polystar_msgs/bin'
[1.004s] Level 1:colcon.colcon_core.environment:checking '/home/ozone/robomaster-cv/ros_ws/install/polystar_msgs/lib/pkgconfig/polystar_msgs.pc'
[1.004s] Level 1:colcon.colcon_core.environment:checking '/home/ozone/robomaster-cv/ros_ws/install/polystar_msgs/lib/python3.10/site-packages'
[1.004s] Level 1:colcon.colcon_core.shell:create_environment_hook('polystar_msgs', 'pythonpath')
[1.004s] INFO:colcon.colcon_core.shell:Creating environment hook '/home/ozone/robomaster-cv/ros_ws/install/polystar_msgs/share/polystar_msgs/hook/pythonpath.ps1'
[1.004s] INFO:colcon.colcon_core.shell:Creating environment descriptor '/home/ozone/robomaster-cv/ros_ws/install/polystar_msgs/share/polystar_msgs/hook/pythonpath.dsv'
[1.004s] INFO:colcon.colcon_core.shell:Creating environment hook '/home/ozone/robomaster-cv/ros_ws/install/polystar_msgs/share/polystar_msgs/hook/pythonpath.sh'
[1.005s] Level 1:colcon.colcon_core.environment:checking '/home/ozone/robomaster-cv/ros_ws/install/polystar_msgs/bin'
[1.005s] INFO:colcon.colcon_core.shell:Creating package script '/home/ozone/robomaster-cv/ros_ws/install/polystar_msgs/share/polystar_msgs/package.ps1'
[1.005s] INFO:colcon.colcon_core.shell:Creating package descriptor '/home/ozone/robomaster-cv/ros_ws/install/polystar_msgs/share/polystar_msgs/package.dsv'
[1.006s] INFO:colcon.colcon_core.shell:Creating package script '/home/ozone/robomaster-cv/ros_ws/install/polystar_msgs/share/polystar_msgs/package.sh'
[1.007s] INFO:colcon.colcon_core.shell:Creating package script '/home/ozone/robomaster-cv/ros_ws/install/polystar_msgs/share/polystar_msgs/package.bash'
[1.007s] INFO:colcon.colcon_core.shell:Creating package script '/home/ozone/robomaster-cv/ros_ws/install/polystar_msgs/share/polystar_msgs/package.zsh'
[1.008s] Level 1:colcon.colcon_core.environment:create_file_with_runtime_dependencies(/home/ozone/robomaster-cv/ros_ws/install/polystar_msgs/share/colcon-core/packages/polystar_msgs)
[1.008s] INFO:colcon.colcon_cmake.task.cmake.build:Building CMake package in '/home/ozone/robomaster-cv/ros_ws/src/serial'
[1.008s] INFO:colcon.colcon_core.shell:Skip shell extension 'powershell' for command environment: Not usable outside of PowerShell
[1.008s] DEBUG:colcon.colcon_core.shell:Skip shell extension 'dsv' for command environment
[1.036s] DEBUG:colcon.colcon_core.event_handler.log_command:Invoking command in '/home/ozone/robomaster-cv/ros_ws/src/tracking': PYTHONPATH=/home/ozone/robomaster-cv/ros_ws/build/tracking/prefix_override:/usr/lib/python3/dist-packages/colcon_core/task/python/colcon_distutils_commands:/home/ozone/robomaster-cv/ros_ws/install/tracking/lib/python3.10/site-packages:${PYTHONPATH} /usr/bin/python3 -W ignore:setup.py install is deprecated setup.py egg_info --egg-base ../../build/tracking build --build-base /home/ozone/robomaster-cv/ros_ws/build/tracking/build install --record /home/ozone/robomaster-cv/ros_ws/build/tracking/install.log --single-version-externally-managed install_data
[1.163s] DEBUG:colcon.colcon_core.event_handler.log_command:Invoking command in '/home/ozone/robomaster-cv/ros_ws/build/serial': CMAKE_PREFIX_PATH=/home/ozone/robomaster-cv/ros_ws/install/polystar_msgs LD_LIBRARY_PATH=/home/ozone/robomaster-cv/ros_ws/install/polystar_msgs/lib:${LD_LIBRARY_PATH} PYTHONPATH=/home/ozone/robomaster-cv/ros_ws/install/polystar_msgs/lib/python3.10/site-packages:${PYTHONPATH} /usr/bin/cmake --build /home/ozone/robomaster-cv/ros_ws/build/serial -- -j16 -l16
[1.194s] Level 1:colcon.colcon_core.environment:checking '/home/ozone/robomaster-cv/ros_ws/install/tracking' for CMake module files
[1.195s] DEBUG:colcon.colcon_core.event_handler.log_command:Invoked command in '/home/ozone/robomaster-cv/ros_ws/src/tracking' returned '0': PYTHONPATH=/home/ozone/robomaster-cv/ros_ws/build/tracking/prefix_override:/usr/lib/python3/dist-packages/colcon_core/task/python/colcon_distutils_commands:/home/ozone/robomaster-cv/ros_ws/install/tracking/lib/python3.10/site-packages:${PYTHONPATH} /usr/bin/python3 -W ignore:setup.py install is deprecated setup.py egg_info --egg-base ../../build/tracking build --build-base /home/ozone/robomaster-cv/ros_ws/build/tracking/build install --record /home/ozone/robomaster-cv/ros_ws/build/tracking/install.log --single-version-externally-managed install_data
[1.195s] Level 1:colcon.colcon_core.environment:checking '/home/ozone/robomaster-cv/ros_ws/install/tracking' for CMake config files
[1.195s] Level 1:colcon.colcon_core.environment:checking '/home/ozone/robomaster-cv/ros_ws/install/tracking/lib'
[1.195s] Level 1:colcon.colcon_core.environment:checking '/home/ozone/robomaster-cv/ros_ws/install/tracking/bin'
[1.196s] Level 1:colcon.colcon_core.environment:checking '/home/ozone/robomaster-cv/ros_ws/install/tracking/lib/pkgconfig/tracking.pc'
[1.196s] Level 1:colcon.colcon_core.environment:checking '/home/ozone/robomaster-cv/ros_ws/install/tracking/lib/python3.10/site-packages'
[1.196s] Level 1:colcon.colcon_core.shell:create_environment_hook('tracking', 'pythonpath')
[1.196s] INFO:colcon.colcon_core.shell:Creating environment hook '/home/ozone/robomaster-cv/ros_ws/install/tracking/share/tracking/hook/pythonpath.ps1'
[1.197s] INFO:colcon.colcon_core.shell:Creating environment descriptor '/home/ozone/robomaster-cv/ros_ws/install/tracking/share/tracking/hook/pythonpath.dsv'
[1.197s] INFO:colcon.colcon_core.shell:Creating environment hook '/home/ozone/robomaster-cv/ros_ws/install/tracking/share/tracking/hook/pythonpath.sh'
[1.197s] Level 1:colcon.colcon_core.environment:checking '/home/ozone/robomaster-cv/ros_ws/install/tracking/bin'
[1.197s] Level 1:colcon.colcon_core.environment:create_environment_scripts_only(tracking)
[1.198s] INFO:colcon.colcon_core.shell:Creating package script '/home/ozone/robomaster-cv/ros_ws/install/tracking/share/tracking/package.ps1'
[1.198s] INFO:colcon.colcon_core.shell:Creating package descriptor '/home/ozone/robomaster-cv/ros_ws/install/tracking/share/tracking/package.dsv'
[1.198s] INFO:colcon.colcon_core.shell:Creating package script '/home/ozone/robomaster-cv/ros_ws/install/tracking/share/tracking/package.sh'
[1.199s] INFO:colcon.colcon_core.shell:Creating package script '/home/ozone/robomaster-cv/ros_ws/install/tracking/share/tracking/package.bash'
[1.199s] INFO:colcon.colcon_core.shell:Creating package script '/home/ozone/robomaster-cv/ros_ws/install/tracking/share/tracking/package.zsh'
[1.199s] Level 1:colcon.colcon_core.environment:create_file_with_runtime_dependencies(/home/ozone/robomaster-cv/ros_ws/install/tracking/share/colcon-core/packages/tracking)
[3.700s] DEBUG:colcon.colcon_core.event_handler.log_command:Invoked command in '/home/ozone/robomaster-cv/ros_ws/build/serial' returned '2': CMAKE_PREFIX_PATH=/home/ozone/robomaster-cv/ros_ws/install/polystar_msgs LD_LIBRARY_PATH=/home/ozone/robomaster-cv/ros_ws/install/polystar_msgs/lib:${LD_LIBRARY_PATH} PYTHONPATH=/home/ozone/robomaster-cv/ros_ws/install/polystar_msgs/lib/python3.10/site-packages:${PYTHONPATH} /usr/bin/cmake --build /home/ozone/robomaster-cv/ros_ws/build/serial -- -j16 -l16
[15.448s] DEBUG:colcon.colcon_parallel_executor.executor.parallel:closing loop
[15.449s] DEBUG:colcon.colcon_parallel_executor.executor.parallel:loop closed
[15.449s] DEBUG:colcon.colcon_parallel_executor.executor.parallel:run_until_complete finished with '2'
[15.449s] DEBUG:colcon.colcon_core.event_reactor:joining thread
[15.536s] INFO:colcon.colcon_core.plugin_system:Skipping extension 'colcon_notification.desktop_notification.notify_send': Could not find 'notify-send'
[15.536s] INFO:colcon.colcon_core.plugin_system:Skipping extension 'colcon_notification.desktop_notification.terminal_notifier': Not used on non-Darwin systems
[15.536s] INFO:colcon.colcon_core.plugin_system:Skipping extension 'colcon_notification.desktop_notification.win32': Not used on non-Windows systems
[15.536s] INFO:colcon.colcon_notification.desktop_notification:Sending desktop notification using 'notify2'
[15.536s] DEBUG:colcon.colcon_notification.desktop_notification.notify2:Failed to initialize notify2: org.freedesktop.DBus.Error.FileNotFound: Failed to connect to socket /run/user/1000/bus: No such file or directory
[15.536s] DEBUG:colcon.colcon_core.event_reactor:joined thread
[15.536s] INFO:colcon.colcon_core.shell:Creating prefix script '/home/ozone/robomaster-cv/ros_ws/install/local_setup.ps1'
[15.540s] INFO:colcon.colcon_core.shell:Creating prefix util module '/home/ozone/robomaster-cv/ros_ws/install/_local_setup_util_ps1.py'
[15.541s] INFO:colcon.colcon_core.shell:Creating prefix chain script '/home/ozone/robomaster-cv/ros_ws/install/setup.ps1'
[15.542s] INFO:colcon.colcon_core.shell:Creating prefix script '/home/ozone/robomaster-cv/ros_ws/install/local_setup.sh'
[15.542s] INFO:colcon.colcon_core.shell:Creating prefix util module '/home/ozone/robomaster-cv/ros_ws/install/_local_setup_util_sh.py'
[15.543s] INFO:colcon.colcon_core.shell:Creating prefix chain script '/home/ozone/robomaster-cv/ros_ws/install/setup.sh'
[15.543s] INFO:colcon.colcon_core.shell:Creating prefix script '/home/ozone/robomaster-cv/ros_ws/install/local_setup.bash'
[15.544s] INFO:colcon.colcon_core.shell:Creating prefix chain script '/home/ozone/robomaster-cv/ros_ws/install/setup.bash'
[15.545s] INFO:colcon.colcon_core.shell:Creating prefix script '/home/ozone/robomaster-cv/ros_ws/install/local_setup.zsh'
[15.546s] INFO:colcon.colcon_core.shell:Creating prefix chain script '/home/ozone/robomaster-cv/ros_ws/install/setup.zsh'
