[0.005s] Invoking command in '/home/ozone/robomaster-cv/ros_ws/build/serial': /usr/bin/cmake --build /home/ozone/robomaster-cv/ros_ws/build/serial -- -j16 -l16
[0.020s] -- Found ament_cmake_ros: 0.11.2 (/opt/ros/iron/share/ament_cmake_ros/cmake)
[0.097s] -- Found rclcpp: 21.0.7 (/opt/ros/iron/share/rclcpp/cmake)
[0.233s] -- Found rosidl_generator_c: 4.0.1 (/opt/ros/iron/share/rosidl_generator_c/cmake)
[0.237s] -- Found rosidl_generator_cpp: 4.0.1 (/opt/ros/iron/share/rosidl_generator_cpp/cmake)
[0.244s] -- Using all available rosidl_typesupport_c: rosidl_typesupport_fastrtps_c;rosidl_typesupport_introspection_c
[0.252s] -- Using all available rosidl_typesupport_cpp: rosidl_typesupport_fastrtps_cpp;rosidl_typesupport_introspection_cpp
[0.337s] -- Found rmw_implementation_cmake: 7.1.0 (/opt/ros/iron/share/rmw_implementation_cmake/cmake)
[0.337s] -- Found rmw_fastrtps_cpp: 7.1.4 (/opt/ros/iron/share/rmw_fastrtps_cpp/cmake)
[5.462s] -- Using RMW implementation 'rmw_fastrtps_cpp' as default
[5.553s] -- Found std_msgs: 5.0.1 (/opt/ros/iron/share/std_msgs/cmake)
[5.570s] -- Found rosidl_default_generators: 1.5.0 (/opt/ros/iron/share/rosidl_default_generators/cmake)
[5.573s] -- Found rosidl_adapter: 4.0.1 (/opt/ros/iron/share/rosidl_adapter/cmake)
[5.918s] -- Using all available rosidl_typesupport_c: rosidl_typesupport_fastrtps_c;rosidl_typesupport_introspection_c
[5.981s] -- Using all available rosidl_typesupport_cpp: rosidl_typesupport_fastrtps_cpp;rosidl_typesupport_introspection_cpp
[5.993s] -- Found python_cmake_module: 0.10.2 (/opt/ros/iron/share/python_cmake_module/cmake)
[6.005s] -- Using PYTHON_EXECUTABLE: /usr/bin/python3
[6.005s] -- Using PYTHON_INCLUDE_DIRS: /usr/include/python3.10
[6.005s] -- Using PYTHON_LIBRARIES: /usr/lib/x86_64-linux-gnu/libpython3.10.so
[6.011s] -- Configuring done
[6.039s] -- Generating done
[6.040s] -- Build files have been written to: /home/ozone/robomaster-cv/ros_ws/build/serial
[6.058s] [  0%] [34m[1mGenerating type hashes for ROS interfaces[0m
[6.059s] [  1%] [32mBuilding CXX object CMakeFiles/serial_interface.dir/src/serial_interface.cpp.o[0m
[6.059s] [  2%] [32mBuilding CXX object CMakeFiles/serial_interface.dir/src/serial_spinner.cpp.o[0m
[6.062s] [  2%] Built target ament_cmake_python_copy_serial
[6.164s] In file included from [01m[K/home/ozone/robomaster-cv/ros_ws/src/serial/src/serial_spinner.cpp:9[m[K:
[6.164s] [01m[K/home/ozone/robomaster-cv/ros_ws/src/serial/include/serial_spinner.hpp:20:10:[m[K [01;31m[Kfatal error: [m[Kserial/msg/game_stage.hpp: No such file or directory
[6.164s]    20 | #include [01;31m[K"serial/msg/game_stage.hpp"[m[K
[6.164s]       |          [01;31m[K^~~~~~~~~~~~~~~~~~~~~~~~~~~[m[K
[6.164s] compilation terminated.
[6.166s] In file included from [01m[K/home/ozone/robomaster-cv/ros_ws/src/serial/src/serial_interface.cpp:13[m[K:
[6.166s] [01m[K/home/ozone/robomaster-cv/ros_ws/src/serial/include/serial_spinner.hpp:20:10:[m[K [01;31m[Kfatal error: [m[Kserial/msg/game_stage.hpp: No such file or directory
[6.166s]    20 | #include [01;31m[K"serial/msg/game_stage.hpp"[m[K
[6.166s]       |          [01;31m[K^~~~~~~~~~~~~~~~~~~~~~~~~~~[m[K
[6.166s] compilation terminated.
[6.167s] gmake[2]: *** [CMakeFiles/serial_interface.dir/build.make:76: CMakeFiles/serial_interface.dir/src/serial_spinner.cpp.o] Error 1
[6.167s] gmake[2]: *** Waiting for unfinished jobs....
[6.167s] gmake[2]: *** [CMakeFiles/serial_interface.dir/build.make:90: CMakeFiles/serial_interface.dir/src/serial_interface.cpp.o] Error 1
[6.167s] gmake[1]: *** [CMakeFiles/Makefile2:623: CMakeFiles/serial_interface.dir/all] Error 2
[6.167s] gmake[1]: *** Waiting for unfinished jobs....
[6.185s] running egg_info
[6.185s] writing serial.egg-info/PKG-INFO
[6.185s] writing dependency_links to serial.egg-info/dependency_links.txt
[6.185s] writing top-level names to serial.egg-info/top_level.txt
[6.186s] reading manifest file 'serial.egg-info/SOURCES.txt'
[6.187s] writing manifest file 'serial.egg-info/SOURCES.txt'
[6.202s] [  2%] Built target ament_cmake_python_build_serial_egg
[6.311s] Traceback (most recent call last):
[6.311s]   File "/opt/ros/iron/lib/rosidl_generator_type_description/rosidl_generator_type_description", line 50, in <module>
[6.311s]     sys.exit(main())
[6.311s]   File "/opt/ros/iron/lib/rosidl_generator_type_description/rosidl_generator_type_description", line 46, in main
[6.311s]     generate_type_hash(args.generator_arguments_file)
[6.311s]   File "/opt/ros/iron/lib/python3.10/site-packages/rosidl_generator_type_description/__init__.py", line 160, in generate_type_hash
[6.311s]     pkg_dir = include_map[pkg]
[6.311s] KeyError: 'builtin_interfaces'
[6.322s] gmake[2]: *** [CMakeFiles/serial__rosidl_generator_type_description.dir/build.make:91: rosidl_generator_type_description/serial/msg/HP.json] Error 1
[6.322s] gmake[1]: *** [CMakeFiles/Makefile2:217: CMakeFiles/serial__rosidl_generator_type_description.dir/all] Error 2
[6.322s] gmake: *** [Makefile:146: all] Error 2
[6.323s] Invoked command in '/home/ozone/robomaster-cv/ros_ws/build/serial' returned '2': /usr/bin/cmake --build /home/ozone/robomaster-cv/ros_ws/build/serial -- -j16 -l16
