[0.005s] Invoking command in '/home/ozone/robomaster-cv/ros_ws/build/serial': /usr/bin/cmake /home/ozone/robomaster-cv/ros_ws/src/serial -DCMAKE_INSTALL_PREFIX=/home/ozone/robomaster-cv/ros_ws/install/serial
[0.159s] -- The C compiler identification is GNU 11.4.0
[0.495s] -- The CXX compiler identification is GNU 11.4.0
[0.722s] -- Detecting C compiler ABI info
[0.827s] -- Detecting C compiler ABI info - done
[0.831s] -- Check for working C compiler: /usr/bin/cc - skipped
[0.832s] -- Detecting C compile features
[0.833s] -- Detecting C compile features - done
[0.835s] -- Detecting CXX compiler ABI info
[0.960s] -- Detecting CXX compiler ABI info - done
[0.964s] -- Check for working CXX compiler: /usr/bin/c++ - skipped
[0.964s] -- Detecting CXX compile features
[0.965s] -- Detecting CXX compile features - done
[2.006s] [31mCMake Error at CMakeLists.txt:8 (find_package):
[2.006s]   By not providing "Findament_cmake_ros.cmake" in CMAKE_MODULE_PATH this
[2.006s]   project has asked CMake to find a package configuration file provided by
[2.006s]   "ament_cmake_ros", but CMake did not find one.
[2.006s] 
[2.006s]   Could not find a package configuration file provided by "ament_cmake_ros"
[2.006s]   with any of the following names:
[2.006s] 
[2.006s]     ament_cmake_rosConfig.cmake
[2.006s]     ament_cmake_ros-config.cmake
[2.006s] 
[2.006s]   Add the installation prefix of "ament_cmake_ros" to CMAKE_PREFIX_PATH or
[2.006s]   set "ament_cmake_ros_DIR" to a directory containing one of the above files.
[2.007s]   If "ament_cmake_ros" provides a separate development package or SDK, be
[2.007s]   sure it has been installed.
[2.007s] 
[2.007s] [0m
[2.007s] -- Configuring incomplete, errors occurred!
[2.007s] See also "/home/ozone/robomaster-cv/ros_ws/build/serial/CMakeFiles/CMakeOutput.log".
[2.008s] Invoked command in '/home/ozone/robomaster-cv/ros_ws/build/serial' returned '1': /usr/bin/cmake /home/ozone/robomaster-cv/ros_ws/src/serial -DCMAKE_INSTALL_PREFIX=/home/ozone/robomaster-cv/ros_ws/install/serial
