[0.007s] Invoking command in '/home/ozone/robomaster-cv/ros_ws/build/polystar_msgs': /usr/bin/cmake /home/ozone/robomaster-cv/ros_ws/src/polystar_msgs -DCMAKE_INSTALL_PREFIX=/home/ozone/robomaster-cv/ros_ws/install/polystar_msgs
[0.331s] -- The C compiler identification is GNU 11.4.0
[1.307s] -- The CXX compiler identification is GNU 11.4.0
[1.768s] -- Detecting C compiler ABI info
[2.014s] -- Detecting C compiler ABI info - done
[2.017s] -- Check for working C compiler: /usr/bin/cc - skipped
[2.018s] -- Detecting C compile features
[2.019s] -- Detecting C compile features - done
[2.022s] -- Detecting CXX compiler ABI info
[2.164s] -- Detecting CXX compiler ABI info - done
[2.169s] -- Check for working CXX compiler: /usr/bin/c++ - skipped
[2.169s] -- Detecting CXX compile features
[2.170s] -- Detecting CXX compile features - done
[2.173s] -- Found std_msgs: 5.0.1 (/opt/ros/iron/share/std_msgs/cmake)
[2.282s] -- Found Python3: /usr/bin/python3.10 (found version "3.10.12") found components: Interpreter 
[2.596s] -- Found rosidl_generator_c: 4.0.1 (/opt/ros/iron/share/rosidl_generator_c/cmake)
[2.606s] -- Found rosidl_generator_cpp: 4.0.1 (/opt/ros/iron/share/rosidl_generator_cpp/cmake)
[2.624s] -- Using all available rosidl_typesupport_c: rosidl_typesupport_fastrtps_c;rosidl_typesupport_introspection_c
[2.641s] -- Using all available rosidl_typesupport_cpp: rosidl_typesupport_fastrtps_cpp;rosidl_typesupport_introspection_cpp
[2.699s] -- Found rosidl_default_generators: 1.5.0 (/opt/ros/iron/share/rosidl_default_generators/cmake)
[2.709s] -- Found rosidl_adapter: 4.0.1 (/opt/ros/iron/share/rosidl_adapter/cmake)
[2.948s] -- Found ament_cmake_ros: 0.11.2 (/opt/ros/iron/share/ament_cmake_ros/cmake)
[3.132s] -- Using all available rosidl_typesupport_c: rosidl_typesupport_fastrtps_c;rosidl_typesupport_introspection_c
[3.200s] -- Using all available rosidl_typesupport_cpp: rosidl_typesupport_fastrtps_cpp;rosidl_typesupport_introspection_cpp
[3.309s] -- Found PythonInterp: /usr/bin/python3 (found suitable version "3.10.12", minimum required is "3.6") 
[3.312s] -- Found python_cmake_module: 0.10.2 (/opt/ros/iron/share/python_cmake_module/cmake)
[3.783s] -- Found PythonLibs: /usr/lib/x86_64-linux-gnu/libpython3.10.so (found suitable version "3.10.12", minimum required is "3.5") 
[3.783s] -- Using PYTHON_EXECUTABLE: /usr/bin/python3
[3.783s] -- Using PYTHON_INCLUDE_DIRS: /usr/include/python3.10
[3.783s] -- Using PYTHON_LIBRARIES: /usr/lib/x86_64-linux-gnu/libpython3.10.so
[3.795s] -- Found PythonExtra: .so  
[3.846s] -- Configuring done
[3.882s] -- Generating done
[3.883s] -- Build files have been written to: /home/ozone/robomaster-cv/ros_ws/build/polystar_msgs
[3.887s] Invoked command in '/home/ozone/robomaster-cv/ros_ws/build/polystar_msgs' returned '0': /usr/bin/cmake /home/ozone/robomaster-cv/ros_ws/src/polystar_msgs -DCMAKE_INSTALL_PREFIX=/home/ozone/robomaster-cv/ros_ws/install/polystar_msgs
[3.889s] Invoking command in '/home/ozone/robomaster-cv/ros_ws/build/polystar_msgs': /usr/bin/cmake --build /home/ozone/robomaster-cv/ros_ws/build/polystar_msgs -- -j16 -l16
[3.912s] [  1%] [34m[1mGenerating type hashes for ROS interfaces[0m
[3.916s] [  1%] Built target ament_cmake_python_copy_polystar_msgs
[4.041s] running egg_info
[4.041s] creating polystar_msgs.egg-info
[4.041s] writing polystar_msgs.egg-info/PKG-INFO
[4.041s] writing dependency_links to polystar_msgs.egg-info/dependency_links.txt
[4.041s] writing top-level names to polystar_msgs.egg-info/top_level.txt
[4.042s] writing manifest file 'polystar_msgs.egg-info/SOURCES.txt'
[4.043s] reading manifest file 'polystar_msgs.egg-info/SOURCES.txt'
[4.044s] writing manifest file 'polystar_msgs.egg-info/SOURCES.txt'
[4.058s] [  1%] Built target ament_cmake_python_build_polystar_msgs_egg
[4.181s] Traceback (most recent call last):
[4.181s]   File "/opt/ros/iron/lib/rosidl_generator_type_description/rosidl_generator_type_description", line 50, in <module>
[4.182s]     sys.exit(main())
[4.182s]   File "/opt/ros/iron/lib/rosidl_generator_type_description/rosidl_generator_type_description", line 46, in main
[4.182s]     generate_type_hash(args.generator_arguments_file)
[4.182s]   File "/opt/ros/iron/lib/python3.10/site-packages/rosidl_generator_type_description/__init__.py", line 160, in generate_type_hash
[4.182s]     pkg_dir = include_map[pkg]
[4.182s] KeyError: 'builtin_interfaces'
[4.194s] gmake[2]: *** [CMakeFiles/polystar_msgs__rosidl_generator_type_description.dir/build.make:91: rosidl_generator_type_description/polystar_msgs/msg/HP.json] Error 1
[4.194s] gmake[1]: *** [CMakeFiles/Makefile2:215: CMakeFiles/polystar_msgs__rosidl_generator_type_description.dir/all] Error 2
[4.194s] gmake: *** [Makefile:146: all] Error 2
[4.196s] Invoked command in '/home/ozone/robomaster-cv/ros_ws/build/polystar_msgs' returned '2': /usr/bin/cmake --build /home/ozone/robomaster-cv/ros_ws/build/polystar_msgs -- -j16 -l16
