[0.140s] DEBUG:colcon:Command line arguments: ['/usr/bin/colcon', 'build', '--packages-select', 'polystar_msgs']
[0.140s] DEBUG:colcon:Parsed command line arguments: Namespace(log_base=None, log_level=None, verb_name='build', build_base='build', install_base='install', merge_install=False, symlink_install=False, test_result_base=None, continue_on_error=False, executor='parallel', parallel_workers=16, event_handlers=None, ignore_user_meta=False, metas=['./colcon.meta'], base_paths=['.'], packages_ignore=None, packages_ignore_regex=None, paths=None, packages_up_to=None, packages_up_to_regex=None, packages_above=None, packages_above_and_dependencies=None, packages_above_depth=None, packages_select_by_dep=None, packages_skip_by_dep=None, packages_skip_up_to=None, packages_select_build_failed=False, packages_skip_build_finished=False, packages_select_test_failures=False, packages_skip_test_passed=False, packages_select=['polystar_msgs'], packages_skip=None, packages_select_regex=None, packages_skip_regex=None, packages_start=None, packages_end=None, allow_overriding=[], cmake_args=None, cmake_target=None, cmake_target_skip_unavailable=False, cmake_clean_cache=False, cmake_clean_first=False, cmake_force_configure=False, mixin_files=None, mixin=None, verb_parser=<colcon_mixin.mixin.mixin_argument.MixinArgumentDecorator object at 0x7fcfb7e3f910>, verb_extension=<colcon_core.verb.build.BuildVerb object at 0x7fcfb7e3f340>, main=<bound method BuildVerb.main of <colcon_core.verb.build.BuildVerb object at 0x7fcfb7e3f340>>, mixin_verb=('build',))
[0.216s] Level 1:colcon.colcon_core.package_discovery:discover_packages(colcon_meta) check parameters
[0.216s] Level 1:colcon.colcon_core.package_discovery:discover_packages(recursive) check parameters
[0.216s] Level 1:colcon.colcon_core.package_discovery:discover_packages(ignore) check parameters
[0.216s] Level 1:colcon.colcon_core.package_discovery:discover_packages(path) check parameters
[0.216s] Level 1:colcon.colcon_core.package_discovery:discover_packages(colcon_meta) discover
[0.216s] Level 1:colcon.colcon_core.package_discovery:discover_packages(recursive) discover
[0.216s] INFO:colcon.colcon_core.package_discovery:Crawling recursively for packages in '/home/ozone/robomaster-cv/ros_ws'
[0.216s] Level 1:colcon.colcon_core.package_identification:_identify(.) by extensions ['ignore']
[0.216s] Level 1:colcon.colcon_core.package_identification:_identify(.) by extension 'ignore'
[0.216s] Level 1:colcon.colcon_core.package_identification:_identify(.) by extensions ['colcon_pkg']
[0.216s] Level 1:colcon.colcon_core.package_identification:_identify(.) by extension 'colcon_pkg'
[0.216s] Level 1:colcon.colcon_core.package_identification:_identify(.) by extensions ['colcon_meta']
[0.216s] Level 1:colcon.colcon_core.package_identification:_identify(.) by extension 'colcon_meta'
[0.216s] Level 1:colcon.colcon_core.package_identification:_identify(.) by extensions ['cmake', 'python']
[0.216s] Level 1:colcon.colcon_core.package_identification:_identify(.) by extension 'cmake'
[0.216s] Level 1:colcon.colcon_core.package_identification:_identify(.) by extension 'python'
[0.216s] Level 1:colcon.colcon_core.package_identification:_identify(.) by extensions ['python_setup_py']
[0.216s] Level 1:colcon.colcon_core.package_identification:_identify(.) by extension 'python_setup_py'
[0.216s] Level 1:colcon.colcon_core.package_identification:_identify(build) by extensions ['ignore']
[0.216s] Level 1:colcon.colcon_core.package_identification:_identify(build) by extension 'ignore'
[0.216s] Level 1:colcon.colcon_core.package_identification:_identify(build) ignored
[0.216s] Level 1:colcon.colcon_core.package_identification:_identify(data) by extensions ['ignore']
[0.217s] Level 1:colcon.colcon_core.package_identification:_identify(data) by extension 'ignore'
[0.217s] Level 1:colcon.colcon_core.package_identification:_identify(data) by extensions ['colcon_pkg']
[0.217s] Level 1:colcon.colcon_core.package_identification:_identify(data) by extension 'colcon_pkg'
[0.217s] Level 1:colcon.colcon_core.package_identification:_identify(data) by extensions ['colcon_meta']
[0.217s] Level 1:colcon.colcon_core.package_identification:_identify(data) by extension 'colcon_meta'
[0.217s] Level 1:colcon.colcon_core.package_identification:_identify(data) by extensions ['cmake', 'python']
[0.217s] Level 1:colcon.colcon_core.package_identification:_identify(data) by extension 'cmake'
[0.217s] Level 1:colcon.colcon_core.package_identification:_identify(data) by extension 'python'
[0.217s] Level 1:colcon.colcon_core.package_identification:_identify(data) by extensions ['python_setup_py']
[0.217s] Level 1:colcon.colcon_core.package_identification:_identify(data) by extension 'python_setup_py'
[0.217s] Level 1:colcon.colcon_core.package_identification:_identify(data/models) by extensions ['ignore']
[0.217s] Level 1:colcon.colcon_core.package_identification:_identify(data/models) by extension 'ignore'
[0.217s] Level 1:colcon.colcon_core.package_identification:_identify(data/models) by extensions ['colcon_pkg']
[0.217s] Level 1:colcon.colcon_core.package_identification:_identify(data/models) by extension 'colcon_pkg'
[0.217s] Level 1:colcon.colcon_core.package_identification:_identify(data/models) by extensions ['colcon_meta']
[0.217s] Level 1:colcon.colcon_core.package_identification:_identify(data/models) by extension 'colcon_meta'
[0.217s] Level 1:colcon.colcon_core.package_identification:_identify(data/models) by extensions ['cmake', 'python']
[0.217s] Level 1:colcon.colcon_core.package_identification:_identify(data/models) by extension 'cmake'
[0.217s] Level 1:colcon.colcon_core.package_identification:_identify(data/models) by extension 'python'
[0.217s] Level 1:colcon.colcon_core.package_identification:_identify(data/models) by extensions ['python_setup_py']
[0.217s] Level 1:colcon.colcon_core.package_identification:_identify(data/models) by extension 'python_setup_py'
[0.217s] Level 1:colcon.colcon_core.package_identification:_identify(install) by extensions ['ignore']
[0.217s] Level 1:colcon.colcon_core.package_identification:_identify(install) by extension 'ignore'
[0.217s] Level 1:colcon.colcon_core.package_identification:_identify(install) ignored
[0.217s] Level 1:colcon.colcon_core.package_identification:_identify(launch) by extensions ['ignore']
[0.217s] Level 1:colcon.colcon_core.package_identification:_identify(launch) by extension 'ignore'
[0.217s] Level 1:colcon.colcon_core.package_identification:_identify(launch) by extensions ['colcon_pkg']
[0.217s] Level 1:colcon.colcon_core.package_identification:_identify(launch) by extension 'colcon_pkg'
[0.217s] Level 1:colcon.colcon_core.package_identification:_identify(launch) by extensions ['colcon_meta']
[0.217s] Level 1:colcon.colcon_core.package_identification:_identify(launch) by extension 'colcon_meta'
[0.217s] Level 1:colcon.colcon_core.package_identification:_identify(launch) by extensions ['cmake', 'python']
[0.217s] Level 1:colcon.colcon_core.package_identification:_identify(launch) by extension 'cmake'
[0.217s] Level 1:colcon.colcon_core.package_identification:_identify(launch) by extension 'python'
[0.217s] Level 1:colcon.colcon_core.package_identification:_identify(launch) by extensions ['python_setup_py']
[0.217s] Level 1:colcon.colcon_core.package_identification:_identify(launch) by extension 'python_setup_py'
[0.217s] Level 1:colcon.colcon_core.package_identification:_identify(log) by extensions ['ignore']
[0.217s] Level 1:colcon.colcon_core.package_identification:_identify(log) by extension 'ignore'
[0.217s] Level 1:colcon.colcon_core.package_identification:_identify(log) ignored
[0.217s] Level 1:colcon.colcon_core.package_identification:_identify(src) by extensions ['ignore']
[0.218s] Level 1:colcon.colcon_core.package_identification:_identify(src) by extension 'ignore'
[0.218s] Level 1:colcon.colcon_core.package_identification:_identify(src) by extensions ['colcon_pkg']
[0.218s] Level 1:colcon.colcon_core.package_identification:_identify(src) by extension 'colcon_pkg'
[0.218s] Level 1:colcon.colcon_core.package_identification:_identify(src) by extensions ['colcon_meta']
[0.218s] Level 1:colcon.colcon_core.package_identification:_identify(src) by extension 'colcon_meta'
[0.218s] Level 1:colcon.colcon_core.package_identification:_identify(src) by extensions ['cmake', 'python']
[0.218s] Level 1:colcon.colcon_core.package_identification:_identify(src) by extension 'cmake'
[0.218s] Level 1:colcon.colcon_core.package_identification:_identify(src) by extension 'python'
[0.218s] Level 1:colcon.colcon_core.package_identification:_identify(src) by extensions ['python_setup_py']
[0.218s] Level 1:colcon.colcon_core.package_identification:_identify(src) by extension 'python_setup_py'
[0.218s] Level 1:colcon.colcon_core.package_identification:_identify(src/decision) by extensions ['ignore']
[0.218s] Level 1:colcon.colcon_core.package_identification:_identify(src/decision) by extension 'ignore'
[0.218s] Level 1:colcon.colcon_core.package_identification:_identify(src/decision) by extensions ['colcon_pkg']
[0.218s] Level 1:colcon.colcon_core.package_identification:_identify(src/decision) by extension 'colcon_pkg'
[0.218s] Level 1:colcon.colcon_core.package_identification:_identify(src/decision) by extensions ['colcon_meta']
[0.218s] Level 1:colcon.colcon_core.package_identification:_identify(src/decision) by extension 'colcon_meta'
[0.218s] Level 1:colcon.colcon_core.package_identification:_identify(src/decision) by extensions ['cmake', 'python']
[0.218s] Level 1:colcon.colcon_core.package_identification:_identify(src/decision) by extension 'cmake'
[0.219s] Level 1:colcon.colcon_core.package_identification:_identify(src/decision) by extension 'python'
[0.219s] DEBUG:colcon.colcon_core.package_identification:Package 'src/decision' with type 'cmake' and name 'decision'
[0.219s] Level 1:colcon.colcon_core.package_identification:_identify(src/detection) by extensions ['ignore']
[0.219s] Level 1:colcon.colcon_core.package_identification:_identify(src/detection) by extension 'ignore'
[0.219s] Level 1:colcon.colcon_core.package_identification:_identify(src/detection) by extensions ['colcon_pkg']
[0.219s] Level 1:colcon.colcon_core.package_identification:_identify(src/detection) by extension 'colcon_pkg'
[0.219s] Level 1:colcon.colcon_core.package_identification:_identify(src/detection) by extensions ['colcon_meta']
[0.219s] Level 1:colcon.colcon_core.package_identification:_identify(src/detection) by extension 'colcon_meta'
[0.219s] Level 1:colcon.colcon_core.package_identification:_identify(src/detection) by extensions ['cmake', 'python']
[0.219s] Level 1:colcon.colcon_core.package_identification:_identify(src/detection) by extension 'cmake'
[0.220s] Level 1:colcon.colcon_core.package_identification:_identify(src/detection) by extension 'python'
[0.220s] DEBUG:colcon.colcon_core.package_identification:Package 'src/detection' with type 'cmake' and name 'detection'
[0.220s] Level 1:colcon.colcon_core.package_identification:_identify(src/locate) by extensions ['ignore']
[0.220s] Level 1:colcon.colcon_core.package_identification:_identify(src/locate) by extension 'ignore'
[0.220s] Level 1:colcon.colcon_core.package_identification:_identify(src/locate) by extensions ['colcon_pkg']
[0.220s] Level 1:colcon.colcon_core.package_identification:_identify(src/locate) by extension 'colcon_pkg'
[0.220s] Level 1:colcon.colcon_core.package_identification:_identify(src/locate) by extensions ['colcon_meta']
[0.220s] Level 1:colcon.colcon_core.package_identification:_identify(src/locate) by extension 'colcon_meta'
[0.220s] Level 1:colcon.colcon_core.package_identification:_identify(src/locate) by extensions ['cmake', 'python']
[0.220s] Level 1:colcon.colcon_core.package_identification:_identify(src/locate) by extension 'cmake'
[0.220s] Level 1:colcon.colcon_core.package_identification:_identify(src/locate) by extension 'python'
[0.220s] DEBUG:colcon.colcon_core.package_identification:Package 'src/locate' with type 'cmake' and name 'locate'
[0.221s] Level 1:colcon.colcon_core.package_identification:_identify(src/monitor) by extensions ['ignore']
[0.221s] Level 1:colcon.colcon_core.package_identification:_identify(src/monitor) by extension 'ignore'
[0.221s] Level 1:colcon.colcon_core.package_identification:_identify(src/monitor) by extensions ['colcon_pkg']
[0.221s] Level 1:colcon.colcon_core.package_identification:_identify(src/monitor) by extension 'colcon_pkg'
[0.221s] Level 1:colcon.colcon_core.package_identification:_identify(src/monitor) by extensions ['colcon_meta']
[0.221s] Level 1:colcon.colcon_core.package_identification:_identify(src/monitor) by extension 'colcon_meta'
[0.221s] Level 1:colcon.colcon_core.package_identification:_identify(src/monitor) by extensions ['cmake', 'python']
[0.221s] Level 1:colcon.colcon_core.package_identification:_identify(src/monitor) by extension 'cmake'
[0.221s] Level 1:colcon.colcon_core.package_identification:_identify(src/monitor) by extension 'python'
[0.221s] DEBUG:colcon.colcon_core.package_identification:Package 'src/monitor' with type 'cmake' and name 'monitor'
[0.221s] Level 1:colcon.colcon_core.package_identification:_identify(src/polystar_msgs) by extensions ['ignore']
[0.221s] Level 1:colcon.colcon_core.package_identification:_identify(src/polystar_msgs) by extension 'ignore'
[0.221s] Level 1:colcon.colcon_core.package_identification:_identify(src/polystar_msgs) by extensions ['colcon_pkg']
[0.221s] Level 1:colcon.colcon_core.package_identification:_identify(src/polystar_msgs) by extension 'colcon_pkg'
[0.221s] Level 1:colcon.colcon_core.package_identification:_identify(src/polystar_msgs) by extensions ['colcon_meta']
[0.221s] Level 1:colcon.colcon_core.package_identification:_identify(src/polystar_msgs) by extension 'colcon_meta'
[0.221s] Level 1:colcon.colcon_core.package_identification:_identify(src/polystar_msgs) by extensions ['cmake', 'python']
[0.221s] Level 1:colcon.colcon_core.package_identification:_identify(src/polystar_msgs) by extension 'cmake'
[0.221s] Level 1:colcon.colcon_core.package_identification:_identify(src/polystar_msgs) by extension 'python'
[0.221s] DEBUG:colcon.colcon_core.package_identification:Package 'src/polystar_msgs' with type 'cmake' and name 'polystar_msgs'
[0.221s] Level 1:colcon.colcon_core.package_identification:_identify(src/serial) by extensions ['ignore']
[0.222s] Level 1:colcon.colcon_core.package_identification:_identify(src/serial) by extension 'ignore'
[0.222s] Level 1:colcon.colcon_core.package_identification:_identify(src/serial) by extensions ['colcon_pkg']
[0.222s] Level 1:colcon.colcon_core.package_identification:_identify(src/serial) by extension 'colcon_pkg'
[0.222s] Level 1:colcon.colcon_core.package_identification:_identify(src/serial) by extensions ['colcon_meta']
[0.222s] Level 1:colcon.colcon_core.package_identification:_identify(src/serial) by extension 'colcon_meta'
[0.222s] Level 1:colcon.colcon_core.package_identification:_identify(src/serial) by extensions ['cmake', 'python']
[0.222s] Level 1:colcon.colcon_core.package_identification:_identify(src/serial) by extension 'cmake'
[0.222s] Level 1:colcon.colcon_core.package_identification:_identify(src/serial) by extension 'python'
[0.222s] DEBUG:colcon.colcon_core.package_identification:Package 'src/serial' with type 'cmake' and name 'serial'
[0.222s] Level 1:colcon.colcon_core.package_identification:_identify(src/testing) by extensions ['ignore']
[0.222s] Level 1:colcon.colcon_core.package_identification:_identify(src/testing) by extension 'ignore'
[0.222s] Level 1:colcon.colcon_core.package_identification:_identify(src/testing) by extensions ['colcon_pkg']
[0.222s] Level 1:colcon.colcon_core.package_identification:_identify(src/testing) by extension 'colcon_pkg'
[0.222s] Level 1:colcon.colcon_core.package_identification:_identify(src/testing) by extensions ['colcon_meta']
[0.222s] Level 1:colcon.colcon_core.package_identification:_identify(src/testing) by extension 'colcon_meta'
[0.222s] Level 1:colcon.colcon_core.package_identification:_identify(src/testing) by extensions ['cmake', 'python']
[0.222s] Level 1:colcon.colcon_core.package_identification:_identify(src/testing) by extension 'cmake'
[0.222s] Level 1:colcon.colcon_core.package_identification:_identify(src/testing) by extension 'python'
[0.223s] DEBUG:colcon.colcon_core.package_identification:Package 'src/testing' with type 'cmake' and name 'testing'
[0.223s] Level 1:colcon.colcon_core.package_identification:_identify(src/tracking) by extensions ['ignore']
[0.223s] Level 1:colcon.colcon_core.package_identification:_identify(src/tracking) by extension 'ignore'
[0.223s] Level 1:colcon.colcon_core.package_identification:_identify(src/tracking) by extensions ['colcon_pkg']
[0.223s] Level 1:colcon.colcon_core.package_identification:_identify(src/tracking) by extension 'colcon_pkg'
[0.223s] Level 1:colcon.colcon_core.package_identification:_identify(src/tracking) by extensions ['colcon_meta']
[0.223s] Level 1:colcon.colcon_core.package_identification:_identify(src/tracking) by extension 'colcon_meta'
[0.223s] Level 1:colcon.colcon_core.package_identification:_identify(src/tracking) by extensions ['cmake', 'python']
[0.223s] Level 1:colcon.colcon_core.package_identification:_identify(src/tracking) by extension 'cmake'
[0.223s] Level 1:colcon.colcon_core.package_identification:_identify(src/tracking) by extension 'python'
[0.223s] DEBUG:colcon.colcon_core.package_identification:Python package in 'src/tracking' passes arguments to the setup() function which requires a different identification extension than 'python'
[0.223s] Level 1:colcon.colcon_core.package_identification:_identify(src/tracking) by extensions ['python_setup_py']
[0.223s] Level 1:colcon.colcon_core.package_identification:_identify(src/tracking) by extension 'python_setup_py'
[0.340s] DEBUG:colcon.colcon_core.package_identification:Package 'src/tracking' with type 'python' and name 'tracking'
[0.340s] Level 1:colcon.colcon_core.package_discovery:discover_packages(recursive) using defaults
[0.340s] Level 1:colcon.colcon_core.package_discovery:discover_packages(ignore) discover
[0.340s] Level 1:colcon.colcon_core.package_discovery:discover_packages(ignore) using defaults
[0.340s] Level 1:colcon.colcon_core.package_discovery:discover_packages(path) discover
[0.340s] Level 1:colcon.colcon_core.package_discovery:discover_packages(path) using defaults
[0.351s] INFO:colcon.colcon_core.package_selection:Skipping not selected package 'detection' in 'src/detection'
[0.351s] INFO:colcon.colcon_core.package_selection:Skipping not selected package 'tracking' in 'src/tracking'
[0.351s] INFO:colcon.colcon_core.package_selection:Skipping not selected package 'monitor' in 'src/monitor'
[0.351s] INFO:colcon.colcon_core.package_selection:Skipping not selected package 'serial' in 'src/serial'
[0.351s] INFO:colcon.colcon_core.package_selection:Skipping not selected package 'decision' in 'src/decision'
[0.351s] INFO:colcon.colcon_core.package_selection:Skipping not selected package 'locate' in 'src/locate'
[0.351s] INFO:colcon.colcon_core.package_selection:Skipping not selected package 'testing' in 'src/testing'
[0.351s] Level 1:colcon.colcon_core.package_discovery:discover_packages(prefix_path) check parameters
[0.351s] Level 1:colcon.colcon_core.package_discovery:discover_packages(prefix_path) discover
[0.352s] Level 1:colcon.colcon_core.package_discovery:discover_packages(prefix_path) using defaults
[0.352s] Level 5:colcon.colcon_core.verb:set package 'polystar_msgs' build argument 'cmake_args' from command line to 'None'
[0.352s] Level 5:colcon.colcon_core.verb:set package 'polystar_msgs' build argument 'cmake_target' from command line to 'None'
[0.352s] Level 5:colcon.colcon_core.verb:set package 'polystar_msgs' build argument 'cmake_target_skip_unavailable' from command line to 'False'
[0.352s] Level 5:colcon.colcon_core.verb:set package 'polystar_msgs' build argument 'cmake_clean_cache' from command line to 'False'
[0.352s] Level 5:colcon.colcon_core.verb:set package 'polystar_msgs' build argument 'cmake_clean_first' from command line to 'False'
[0.352s] Level 5:colcon.colcon_core.verb:set package 'polystar_msgs' build argument 'cmake_force_configure' from command line to 'False'
[0.352s] DEBUG:colcon.colcon_core.verb:Building package 'polystar_msgs' with the following arguments: {'build_base': '/home/ozone/robomaster-cv/ros_ws/build/polystar_msgs', 'cmake_args': None, 'cmake_clean_cache': False, 'cmake_clean_first': False, 'cmake_force_configure': False, 'cmake_target': None, 'cmake_target_skip_unavailable': False, 'install_base': '/home/ozone/robomaster-cv/ros_ws/install/polystar_msgs', 'merge_install': False, 'path': '/home/ozone/robomaster-cv/ros_ws/src/polystar_msgs', 'symlink_install': False, 'test_result_base': None}
[0.352s] INFO:colcon.colcon_core.executor:Executing jobs using 'parallel' executor
[0.353s] DEBUG:colcon.colcon_parallel_executor.executor.parallel:run_until_complete
[0.353s] INFO:colcon.colcon_cmake.task.cmake.build:Building CMake package in '/home/ozone/robomaster-cv/ros_ws/src/polystar_msgs'
[0.355s] INFO:colcon.colcon_core.plugin_system:Skipping extension 'colcon_core.shell.bat': Not used on non-Windows systems
[0.355s] INFO:colcon.colcon_core.shell:Skip shell extension 'powershell' for command environment: Not usable outside of PowerShell
[0.355s] DEBUG:colcon.colcon_core.shell:Skip shell extension 'dsv' for command environment
[0.360s] DEBUG:colcon.colcon_core.event_handler.log_command:Invoking command in '/home/ozone/robomaster-cv/ros_ws/build/polystar_msgs': /usr/bin/cmake --build /home/ozone/robomaster-cv/ros_ws/build/polystar_msgs -- -j16 -l16
[5.255s] DEBUG:colcon.colcon_core.event_handler.log_command:Invoked command in '/home/ozone/robomaster-cv/ros_ws/build/polystar_msgs' returned '0': /usr/bin/cmake --build /home/ozone/robomaster-cv/ros_ws/build/polystar_msgs -- -j16 -l16
[5.366s] DEBUG:colcon.colcon_core.event_handler.log_command:Invoking command in '/home/ozone/robomaster-cv/ros_ws/build/polystar_msgs': /usr/bin/cmake --install /home/ozone/robomaster-cv/ros_ws/build/polystar_msgs
[5.419s] Level 1:colcon.colcon_core.environment:create_environment_scripts_only(polystar_msgs)
[5.419s] DEBUG:colcon.colcon_core.event_handler.log_command:Invoked command in '/home/ozone/robomaster-cv/ros_ws/build/polystar_msgs' returned '0': /usr/bin/cmake --install /home/ozone/robomaster-cv/ros_ws/build/polystar_msgs
[5.425s] Level 1:colcon.colcon_core.environment:checking '/home/ozone/robomaster-cv/ros_ws/install/polystar_msgs' for CMake module files
[5.425s] Level 1:colcon.colcon_core.environment:checking '/home/ozone/robomaster-cv/ros_ws/install/polystar_msgs' for CMake config files
[5.425s] Level 1:colcon.colcon_core.environment:checking '/home/ozone/robomaster-cv/ros_ws/install/polystar_msgs/lib'
[5.426s] Level 1:colcon.colcon_core.shell:create_environment_hook('polystar_msgs', 'ld_library_path_lib')
[5.426s] INFO:colcon.colcon_core.shell:Creating environment hook '/home/ozone/robomaster-cv/ros_ws/install/polystar_msgs/share/polystar_msgs/hook/ld_library_path_lib.ps1'
[5.427s] INFO:colcon.colcon_core.shell:Creating environment descriptor '/home/ozone/robomaster-cv/ros_ws/install/polystar_msgs/share/polystar_msgs/hook/ld_library_path_lib.dsv'
[5.427s] INFO:colcon.colcon_core.shell:Creating environment hook '/home/ozone/robomaster-cv/ros_ws/install/polystar_msgs/share/polystar_msgs/hook/ld_library_path_lib.sh'
[5.428s] Level 1:colcon.colcon_core.environment:checking '/home/ozone/robomaster-cv/ros_ws/install/polystar_msgs/bin'
[5.428s] Level 1:colcon.colcon_core.environment:checking '/home/ozone/robomaster-cv/ros_ws/install/polystar_msgs/lib/pkgconfig/polystar_msgs.pc'
[5.428s] Level 1:colcon.colcon_core.environment:checking '/home/ozone/robomaster-cv/ros_ws/install/polystar_msgs/lib/python3.10/site-packages'
[5.428s] Level 1:colcon.colcon_core.shell:create_environment_hook('polystar_msgs', 'pythonpath')
[5.429s] INFO:colcon.colcon_core.shell:Creating environment hook '/home/ozone/robomaster-cv/ros_ws/install/polystar_msgs/share/polystar_msgs/hook/pythonpath.ps1'
[5.429s] INFO:colcon.colcon_core.shell:Creating environment descriptor '/home/ozone/robomaster-cv/ros_ws/install/polystar_msgs/share/polystar_msgs/hook/pythonpath.dsv'
[5.429s] INFO:colcon.colcon_core.shell:Creating environment hook '/home/ozone/robomaster-cv/ros_ws/install/polystar_msgs/share/polystar_msgs/hook/pythonpath.sh'
[5.429s] Level 1:colcon.colcon_core.environment:checking '/home/ozone/robomaster-cv/ros_ws/install/polystar_msgs/bin'
[5.429s] INFO:colcon.colcon_core.shell:Creating package script '/home/ozone/robomaster-cv/ros_ws/install/polystar_msgs/share/polystar_msgs/package.ps1'
[5.430s] INFO:colcon.colcon_core.shell:Creating package descriptor '/home/ozone/robomaster-cv/ros_ws/install/polystar_msgs/share/polystar_msgs/package.dsv'
[5.431s] INFO:colcon.colcon_core.shell:Creating package script '/home/ozone/robomaster-cv/ros_ws/install/polystar_msgs/share/polystar_msgs/package.sh'
[5.431s] INFO:colcon.colcon_core.shell:Creating package script '/home/ozone/robomaster-cv/ros_ws/install/polystar_msgs/share/polystar_msgs/package.bash'
[5.432s] INFO:colcon.colcon_core.shell:Creating package script '/home/ozone/robomaster-cv/ros_ws/install/polystar_msgs/share/polystar_msgs/package.zsh'
[5.432s] Level 1:colcon.colcon_core.environment:create_file_with_runtime_dependencies(/home/ozone/robomaster-cv/ros_ws/install/polystar_msgs/share/colcon-core/packages/polystar_msgs)
[5.433s] DEBUG:colcon.colcon_parallel_executor.executor.parallel:closing loop
[5.433s] DEBUG:colcon.colcon_parallel_executor.executor.parallel:loop closed
[5.433s] DEBUG:colcon.colcon_parallel_executor.executor.parallel:run_until_complete finished with '0'
[5.433s] DEBUG:colcon.colcon_core.event_reactor:joining thread
[5.471s] INFO:colcon.colcon_core.plugin_system:Skipping extension 'colcon_notification.desktop_notification.notify_send': Could not find 'notify-send'
[5.471s] INFO:colcon.colcon_core.plugin_system:Skipping extension 'colcon_notification.desktop_notification.terminal_notifier': Not used on non-Darwin systems
[5.471s] INFO:colcon.colcon_core.plugin_system:Skipping extension 'colcon_notification.desktop_notification.win32': Not used on non-Windows systems
[5.471s] INFO:colcon.colcon_notification.desktop_notification:Sending desktop notification using 'notify2'
[5.471s] DEBUG:colcon.colcon_notification.desktop_notification.notify2:Failed to initialize notify2: org.freedesktop.DBus.Error.FileNotFound: Failed to connect to socket /run/user/1000/bus: No such file or directory
[5.471s] DEBUG:colcon.colcon_core.event_reactor:joined thread
[5.472s] INFO:colcon.colcon_core.shell:Creating prefix script '/home/ozone/robomaster-cv/ros_ws/install/local_setup.ps1'
[5.473s] INFO:colcon.colcon_core.shell:Creating prefix util module '/home/ozone/robomaster-cv/ros_ws/install/_local_setup_util_ps1.py'
[5.473s] INFO:colcon.colcon_core.shell:Creating prefix chain script '/home/ozone/robomaster-cv/ros_ws/install/setup.ps1'
[5.474s] INFO:colcon.colcon_core.shell:Creating prefix script '/home/ozone/robomaster-cv/ros_ws/install/local_setup.sh'
[5.474s] INFO:colcon.colcon_core.shell:Creating prefix util module '/home/ozone/robomaster-cv/ros_ws/install/_local_setup_util_sh.py'
[5.474s] INFO:colcon.colcon_core.shell:Creating prefix chain script '/home/ozone/robomaster-cv/ros_ws/install/setup.sh'
[5.475s] INFO:colcon.colcon_core.shell:Creating prefix script '/home/ozone/robomaster-cv/ros_ws/install/local_setup.bash'
[5.475s] INFO:colcon.colcon_core.shell:Creating prefix chain script '/home/ozone/robomaster-cv/ros_ws/install/setup.bash'
[5.475s] INFO:colcon.colcon_core.shell:Creating prefix script '/home/ozone/robomaster-cv/ros_ws/install/local_setup.zsh'
[5.476s] INFO:colcon.colcon_core.shell:Creating prefix chain script '/home/ozone/robomaster-cv/ros_ws/install/setup.zsh'
