[0.106s] DEBUG:colcon:Command line arguments: ['/usr/bin/colcon', 'build', '--packages-select', 'detection']
[0.106s] DEBUG:colcon:Parsed command line arguments: Namespace(log_base=None, log_level=None, verb_name='build', build_base='build', install_base='install', merge_install=False, symlink_install=False, test_result_base=None, continue_on_error=False, executor='parallel', parallel_workers=16, event_handlers=None, ignore_user_meta=False, metas=['./colcon.meta'], base_paths=['.'], packages_ignore=None, packages_ignore_regex=None, paths=None, packages_up_to=None, packages_up_to_regex=None, packages_above=None, packages_above_and_dependencies=None, packages_above_depth=None, packages_select_by_dep=None, packages_skip_by_dep=None, packages_skip_up_to=None, packages_select_build_failed=False, packages_skip_build_finished=False, packages_select_test_failures=False, packages_skip_test_passed=False, packages_select=['detection'], packages_skip=None, packages_select_regex=None, packages_skip_regex=None, packages_start=None, packages_end=None, allow_overriding=[], cmake_args=None, cmake_target=None, cmake_target_skip_unavailable=False, cmake_clean_cache=False, cmake_clean_first=False, cmake_force_configure=False, mixin_files=None, mixin=None, verb_parser=<colcon_mixin.mixin.mixin_argument.MixinArgumentDecorator object at 0x7fbc5dd3b910>, verb_extension=<colcon_core.verb.build.BuildVerb object at 0x7fbc5dd3b340>, main=<bound method BuildVerb.main of <colcon_core.verb.build.BuildVerb object at 0x7fbc5dd3b340>>, mixin_verb=('build',))
[0.184s] Level 1:colcon.colcon_core.package_discovery:discover_packages(colcon_meta) check parameters
[0.184s] Level 1:colcon.colcon_core.package_discovery:discover_packages(recursive) check parameters
[0.184s] Level 1:colcon.colcon_core.package_discovery:discover_packages(ignore) check parameters
[0.184s] Level 1:colcon.colcon_core.package_discovery:discover_packages(path) check parameters
[0.184s] Level 1:colcon.colcon_core.package_discovery:discover_packages(colcon_meta) discover
[0.184s] Level 1:colcon.colcon_core.package_discovery:discover_packages(recursive) discover
[0.184s] INFO:colcon.colcon_core.package_discovery:Crawling recursively for packages in '/home/ozone/robomaster-cv/ros_ws'
[0.184s] Level 1:colcon.colcon_core.package_identification:_identify(.) by extensions ['ignore']
[0.184s] Level 1:colcon.colcon_core.package_identification:_identify(.) by extension 'ignore'
[0.184s] Level 1:colcon.colcon_core.package_identification:_identify(.) by extensions ['colcon_pkg']
[0.184s] Level 1:colcon.colcon_core.package_identification:_identify(.) by extension 'colcon_pkg'
[0.184s] Level 1:colcon.colcon_core.package_identification:_identify(.) by extensions ['colcon_meta']
[0.184s] Level 1:colcon.colcon_core.package_identification:_identify(.) by extension 'colcon_meta'
[0.184s] Level 1:colcon.colcon_core.package_identification:_identify(.) by extensions ['cmake', 'python']
[0.184s] Level 1:colcon.colcon_core.package_identification:_identify(.) by extension 'cmake'
[0.184s] Level 1:colcon.colcon_core.package_identification:_identify(.) by extension 'python'
[0.184s] Level 1:colcon.colcon_core.package_identification:_identify(.) by extensions ['python_setup_py']
[0.184s] Level 1:colcon.colcon_core.package_identification:_identify(.) by extension 'python_setup_py'
[0.184s] Level 1:colcon.colcon_core.package_identification:_identify(build) by extensions ['ignore']
[0.184s] Level 1:colcon.colcon_core.package_identification:_identify(build) by extension 'ignore'
[0.185s] Level 1:colcon.colcon_core.package_identification:_identify(build) ignored
[0.185s] Level 1:colcon.colcon_core.package_identification:_identify(data) by extensions ['ignore']
[0.185s] Level 1:colcon.colcon_core.package_identification:_identify(data) by extension 'ignore'
[0.185s] Level 1:colcon.colcon_core.package_identification:_identify(data) by extensions ['colcon_pkg']
[0.185s] Level 1:colcon.colcon_core.package_identification:_identify(data) by extension 'colcon_pkg'
[0.185s] Level 1:colcon.colcon_core.package_identification:_identify(data) by extensions ['colcon_meta']
[0.185s] Level 1:colcon.colcon_core.package_identification:_identify(data) by extension 'colcon_meta'
[0.185s] Level 1:colcon.colcon_core.package_identification:_identify(data) by extensions ['cmake', 'python']
[0.185s] Level 1:colcon.colcon_core.package_identification:_identify(data) by extension 'cmake'
[0.185s] Level 1:colcon.colcon_core.package_identification:_identify(data) by extension 'python'
[0.185s] Level 1:colcon.colcon_core.package_identification:_identify(data) by extensions ['python_setup_py']
[0.185s] Level 1:colcon.colcon_core.package_identification:_identify(data) by extension 'python_setup_py'
[0.185s] Level 1:colcon.colcon_core.package_identification:_identify(data/models) by extensions ['ignore']
[0.185s] Level 1:colcon.colcon_core.package_identification:_identify(data/models) by extension 'ignore'
[0.185s] Level 1:colcon.colcon_core.package_identification:_identify(data/models) by extensions ['colcon_pkg']
[0.185s] Level 1:colcon.colcon_core.package_identification:_identify(data/models) by extension 'colcon_pkg'
[0.185s] Level 1:colcon.colcon_core.package_identification:_identify(data/models) by extensions ['colcon_meta']
[0.185s] Level 1:colcon.colcon_core.package_identification:_identify(data/models) by extension 'colcon_meta'
[0.185s] Level 1:colcon.colcon_core.package_identification:_identify(data/models) by extensions ['cmake', 'python']
[0.185s] Level 1:colcon.colcon_core.package_identification:_identify(data/models) by extension 'cmake'
[0.185s] Level 1:colcon.colcon_core.package_identification:_identify(data/models) by extension 'python'
[0.185s] Level 1:colcon.colcon_core.package_identification:_identify(data/models) by extensions ['python_setup_py']
[0.185s] Level 1:colcon.colcon_core.package_identification:_identify(data/models) by extension 'python_setup_py'
[0.185s] Level 1:colcon.colcon_core.package_identification:_identify(install) by extensions ['ignore']
[0.185s] Level 1:colcon.colcon_core.package_identification:_identify(install) by extension 'ignore'
[0.185s] Level 1:colcon.colcon_core.package_identification:_identify(install) ignored
[0.185s] Level 1:colcon.colcon_core.package_identification:_identify(launch) by extensions ['ignore']
[0.185s] Level 1:colcon.colcon_core.package_identification:_identify(launch) by extension 'ignore'
[0.186s] Level 1:colcon.colcon_core.package_identification:_identify(launch) by extensions ['colcon_pkg']
[0.186s] Level 1:colcon.colcon_core.package_identification:_identify(launch) by extension 'colcon_pkg'
[0.186s] Level 1:colcon.colcon_core.package_identification:_identify(launch) by extensions ['colcon_meta']
[0.186s] Level 1:colcon.colcon_core.package_identification:_identify(launch) by extension 'colcon_meta'
[0.186s] Level 1:colcon.colcon_core.package_identification:_identify(launch) by extensions ['cmake', 'python']
[0.186s] Level 1:colcon.colcon_core.package_identification:_identify(launch) by extension 'cmake'
[0.186s] Level 1:colcon.colcon_core.package_identification:_identify(launch) by extension 'python'
[0.186s] Level 1:colcon.colcon_core.package_identification:_identify(launch) by extensions ['python_setup_py']
[0.186s] Level 1:colcon.colcon_core.package_identification:_identify(launch) by extension 'python_setup_py'
[0.186s] Level 1:colcon.colcon_core.package_identification:_identify(log) by extensions ['ignore']
[0.186s] Level 1:colcon.colcon_core.package_identification:_identify(log) by extension 'ignore'
[0.186s] Level 1:colcon.colcon_core.package_identification:_identify(log) ignored
[0.186s] Level 1:colcon.colcon_core.package_identification:_identify(src) by extensions ['ignore']
[0.186s] Level 1:colcon.colcon_core.package_identification:_identify(src) by extension 'ignore'
[0.186s] Level 1:colcon.colcon_core.package_identification:_identify(src) by extensions ['colcon_pkg']
[0.186s] Level 1:colcon.colcon_core.package_identification:_identify(src) by extension 'colcon_pkg'
[0.186s] Level 1:colcon.colcon_core.package_identification:_identify(src) by extensions ['colcon_meta']
[0.186s] Level 1:colcon.colcon_core.package_identification:_identify(src) by extension 'colcon_meta'
[0.186s] Level 1:colcon.colcon_core.package_identification:_identify(src) by extensions ['cmake', 'python']
[0.186s] Level 1:colcon.colcon_core.package_identification:_identify(src) by extension 'cmake'
[0.186s] Level 1:colcon.colcon_core.package_identification:_identify(src) by extension 'python'
[0.186s] Level 1:colcon.colcon_core.package_identification:_identify(src) by extensions ['python_setup_py']
[0.186s] Level 1:colcon.colcon_core.package_identification:_identify(src) by extension 'python_setup_py'
[0.186s] Level 1:colcon.colcon_core.package_identification:_identify(src/decision) by extensions ['ignore']
[0.186s] Level 1:colcon.colcon_core.package_identification:_identify(src/decision) by extension 'ignore'
[0.186s] Level 1:colcon.colcon_core.package_identification:_identify(src/decision) by extensions ['colcon_pkg']
[0.186s] Level 1:colcon.colcon_core.package_identification:_identify(src/decision) by extension 'colcon_pkg'
[0.186s] Level 1:colcon.colcon_core.package_identification:_identify(src/decision) by extensions ['colcon_meta']
[0.186s] Level 1:colcon.colcon_core.package_identification:_identify(src/decision) by extension 'colcon_meta'
[0.186s] Level 1:colcon.colcon_core.package_identification:_identify(src/decision) by extensions ['cmake', 'python']
[0.186s] Level 1:colcon.colcon_core.package_identification:_identify(src/decision) by extension 'cmake'
[0.187s] Level 1:colcon.colcon_core.package_identification:_identify(src/decision) by extension 'python'
[0.187s] DEBUG:colcon.colcon_core.package_identification:Package 'src/decision' with type 'cmake' and name 'decision'
[0.187s] Level 1:colcon.colcon_core.package_identification:_identify(src/detection) by extensions ['ignore']
[0.187s] Level 1:colcon.colcon_core.package_identification:_identify(src/detection) by extension 'ignore'
[0.187s] Level 1:colcon.colcon_core.package_identification:_identify(src/detection) by extensions ['colcon_pkg']
[0.187s] Level 1:colcon.colcon_core.package_identification:_identify(src/detection) by extension 'colcon_pkg'
[0.187s] Level 1:colcon.colcon_core.package_identification:_identify(src/detection) by extensions ['colcon_meta']
[0.187s] Level 1:colcon.colcon_core.package_identification:_identify(src/detection) by extension 'colcon_meta'
[0.187s] Level 1:colcon.colcon_core.package_identification:_identify(src/detection) by extensions ['cmake', 'python']
[0.187s] Level 1:colcon.colcon_core.package_identification:_identify(src/detection) by extension 'cmake'
[0.188s] Level 1:colcon.colcon_core.package_identification:_identify(src/detection) by extension 'python'
[0.188s] DEBUG:colcon.colcon_core.package_identification:Package 'src/detection' with type 'cmake' and name 'detection'
[0.188s] Level 1:colcon.colcon_core.package_identification:_identify(src/locate) by extensions ['ignore']
[0.188s] Level 1:colcon.colcon_core.package_identification:_identify(src/locate) by extension 'ignore'
[0.188s] Level 1:colcon.colcon_core.package_identification:_identify(src/locate) by extensions ['colcon_pkg']
[0.188s] Level 1:colcon.colcon_core.package_identification:_identify(src/locate) by extension 'colcon_pkg'
[0.188s] Level 1:colcon.colcon_core.package_identification:_identify(src/locate) by extensions ['colcon_meta']
[0.188s] Level 1:colcon.colcon_core.package_identification:_identify(src/locate) by extension 'colcon_meta'
[0.188s] Level 1:colcon.colcon_core.package_identification:_identify(src/locate) by extensions ['cmake', 'python']
[0.188s] Level 1:colcon.colcon_core.package_identification:_identify(src/locate) by extension 'cmake'
[0.188s] Level 1:colcon.colcon_core.package_identification:_identify(src/locate) by extension 'python'
[0.188s] DEBUG:colcon.colcon_core.package_identification:Package 'src/locate' with type 'cmake' and name 'locate'
[0.188s] Level 1:colcon.colcon_core.package_identification:_identify(src/monitor) by extensions ['ignore']
[0.189s] Level 1:colcon.colcon_core.package_identification:_identify(src/monitor) by extension 'ignore'
[0.189s] Level 1:colcon.colcon_core.package_identification:_identify(src/monitor) by extensions ['colcon_pkg']
[0.189s] Level 1:colcon.colcon_core.package_identification:_identify(src/monitor) by extension 'colcon_pkg'
[0.189s] Level 1:colcon.colcon_core.package_identification:_identify(src/monitor) by extensions ['colcon_meta']
[0.189s] Level 1:colcon.colcon_core.package_identification:_identify(src/monitor) by extension 'colcon_meta'
[0.189s] Level 1:colcon.colcon_core.package_identification:_identify(src/monitor) by extensions ['cmake', 'python']
[0.189s] Level 1:colcon.colcon_core.package_identification:_identify(src/monitor) by extension 'cmake'
[0.189s] Level 1:colcon.colcon_core.package_identification:_identify(src/monitor) by extension 'python'
[0.189s] DEBUG:colcon.colcon_core.package_identification:Package 'src/monitor' with type 'cmake' and name 'monitor'
[0.189s] Level 1:colcon.colcon_core.package_identification:_identify(src/polystar_msgs) by extensions ['ignore']
[0.189s] Level 1:colcon.colcon_core.package_identification:_identify(src/polystar_msgs) by extension 'ignore'
[0.189s] Level 1:colcon.colcon_core.package_identification:_identify(src/polystar_msgs) by extensions ['colcon_pkg']
[0.189s] Level 1:colcon.colcon_core.package_identification:_identify(src/polystar_msgs) by extension 'colcon_pkg'
[0.189s] Level 1:colcon.colcon_core.package_identification:_identify(src/polystar_msgs) by extensions ['colcon_meta']
[0.189s] Level 1:colcon.colcon_core.package_identification:_identify(src/polystar_msgs) by extension 'colcon_meta'
[0.189s] Level 1:colcon.colcon_core.package_identification:_identify(src/polystar_msgs) by extensions ['cmake', 'python']
[0.189s] Level 1:colcon.colcon_core.package_identification:_identify(src/polystar_msgs) by extension 'cmake'
[0.189s] Level 1:colcon.colcon_core.package_identification:_identify(src/polystar_msgs) by extension 'python'
[0.189s] DEBUG:colcon.colcon_core.package_identification:Package 'src/polystar_msgs' with type 'cmake' and name 'polystar_msgs'
[0.190s] Level 1:colcon.colcon_core.package_identification:_identify(src/serial) by extensions ['ignore']
[0.190s] Level 1:colcon.colcon_core.package_identification:_identify(src/serial) by extension 'ignore'
[0.190s] Level 1:colcon.colcon_core.package_identification:_identify(src/serial) by extensions ['colcon_pkg']
[0.190s] Level 1:colcon.colcon_core.package_identification:_identify(src/serial) by extension 'colcon_pkg'
[0.190s] Level 1:colcon.colcon_core.package_identification:_identify(src/serial) by extensions ['colcon_meta']
[0.190s] Level 1:colcon.colcon_core.package_identification:_identify(src/serial) by extension 'colcon_meta'
[0.190s] Level 1:colcon.colcon_core.package_identification:_identify(src/serial) by extensions ['cmake', 'python']
[0.190s] Level 1:colcon.colcon_core.package_identification:_identify(src/serial) by extension 'cmake'
[0.190s] Level 1:colcon.colcon_core.package_identification:_identify(src/serial) by extension 'python'
[0.190s] DEBUG:colcon.colcon_core.package_identification:Package 'src/serial' with type 'cmake' and name 'serial'
[0.190s] Level 1:colcon.colcon_core.package_identification:_identify(src/testing) by extensions ['ignore']
[0.190s] Level 1:colcon.colcon_core.package_identification:_identify(src/testing) by extension 'ignore'
[0.190s] Level 1:colcon.colcon_core.package_identification:_identify(src/testing) by extensions ['colcon_pkg']
[0.190s] Level 1:colcon.colcon_core.package_identification:_identify(src/testing) by extension 'colcon_pkg'
[0.190s] Level 1:colcon.colcon_core.package_identification:_identify(src/testing) by extensions ['colcon_meta']
[0.190s] Level 1:colcon.colcon_core.package_identification:_identify(src/testing) by extension 'colcon_meta'
[0.190s] Level 1:colcon.colcon_core.package_identification:_identify(src/testing) by extensions ['cmake', 'python']
[0.190s] Level 1:colcon.colcon_core.package_identification:_identify(src/testing) by extension 'cmake'
[0.190s] Level 1:colcon.colcon_core.package_identification:_identify(src/testing) by extension 'python'
[0.190s] DEBUG:colcon.colcon_core.package_identification:Package 'src/testing' with type 'cmake' and name 'testing'
[0.190s] Level 1:colcon.colcon_core.package_identification:_identify(src/tracking) by extensions ['ignore']
[0.191s] Level 1:colcon.colcon_core.package_identification:_identify(src/tracking) by extension 'ignore'
[0.191s] Level 1:colcon.colcon_core.package_identification:_identify(src/tracking) by extensions ['colcon_pkg']
[0.191s] Level 1:colcon.colcon_core.package_identification:_identify(src/tracking) by extension 'colcon_pkg'
[0.191s] Level 1:colcon.colcon_core.package_identification:_identify(src/tracking) by extensions ['colcon_meta']
[0.191s] Level 1:colcon.colcon_core.package_identification:_identify(src/tracking) by extension 'colcon_meta'
[0.191s] Level 1:colcon.colcon_core.package_identification:_identify(src/tracking) by extensions ['cmake', 'python']
[0.191s] Level 1:colcon.colcon_core.package_identification:_identify(src/tracking) by extension 'cmake'
[0.191s] Level 1:colcon.colcon_core.package_identification:_identify(src/tracking) by extension 'python'
[0.191s] DEBUG:colcon.colcon_core.package_identification:Python package in 'src/tracking' passes arguments to the setup() function which requires a different identification extension than 'python'
[0.191s] Level 1:colcon.colcon_core.package_identification:_identify(src/tracking) by extensions ['python_setup_py']
[0.191s] Level 1:colcon.colcon_core.package_identification:_identify(src/tracking) by extension 'python_setup_py'
[0.308s] DEBUG:colcon.colcon_core.package_identification:Package 'src/tracking' with type 'python' and name 'tracking'
[0.308s] Level 1:colcon.colcon_core.package_discovery:discover_packages(recursive) using defaults
[0.308s] Level 1:colcon.colcon_core.package_discovery:discover_packages(ignore) discover
[0.308s] Level 1:colcon.colcon_core.package_discovery:discover_packages(ignore) using defaults
[0.308s] Level 1:colcon.colcon_core.package_discovery:discover_packages(path) discover
[0.308s] Level 1:colcon.colcon_core.package_discovery:discover_packages(path) using defaults
[0.318s] INFO:colcon.colcon_core.package_selection:Skipping not selected package 'polystar_msgs' in 'src/polystar_msgs'
[0.318s] INFO:colcon.colcon_core.package_selection:Skipping not selected package 'tracking' in 'src/tracking'
[0.318s] INFO:colcon.colcon_core.package_selection:Skipping not selected package 'decision' in 'src/decision'
[0.318s] INFO:colcon.colcon_core.package_selection:Skipping not selected package 'monitor' in 'src/monitor'
[0.318s] INFO:colcon.colcon_core.package_selection:Skipping not selected package 'serial' in 'src/serial'
[0.318s] INFO:colcon.colcon_core.package_selection:Skipping not selected package 'locate' in 'src/locate'
[0.318s] INFO:colcon.colcon_core.package_selection:Skipping not selected package 'testing' in 'src/testing'
[0.319s] Level 1:colcon.colcon_core.package_discovery:discover_packages(prefix_path) check parameters
[0.319s] Level 1:colcon.colcon_core.package_discovery:discover_packages(prefix_path) discover
[0.319s] Level 1:colcon.colcon_core.package_discovery:discover_packages(prefix_path) using defaults
[0.319s] Level 5:colcon.colcon_core.verb:set package 'detection' build argument 'cmake_args' from command line to 'None'
[0.319s] Level 5:colcon.colcon_core.verb:set package 'detection' build argument 'cmake_target' from command line to 'None'
[0.319s] Level 5:colcon.colcon_core.verb:set package 'detection' build argument 'cmake_target_skip_unavailable' from command line to 'False'
[0.319s] Level 5:colcon.colcon_core.verb:set package 'detection' build argument 'cmake_clean_cache' from command line to 'False'
[0.319s] Level 5:colcon.colcon_core.verb:set package 'detection' build argument 'cmake_clean_first' from command line to 'False'
[0.319s] Level 5:colcon.colcon_core.verb:set package 'detection' build argument 'cmake_force_configure' from command line to 'False'
[0.319s] DEBUG:colcon.colcon_core.verb:Building package 'detection' with the following arguments: {'build_base': '/home/ozone/robomaster-cv/ros_ws/build/detection', 'cmake_args': None, 'cmake_clean_cache': False, 'cmake_clean_first': False, 'cmake_force_configure': False, 'cmake_target': None, 'cmake_target_skip_unavailable': False, 'install_base': '/home/ozone/robomaster-cv/ros_ws/install/detection', 'merge_install': False, 'path': '/home/ozone/robomaster-cv/ros_ws/src/detection', 'symlink_install': False, 'test_result_base': None}
[0.320s] INFO:colcon.colcon_core.executor:Executing jobs using 'parallel' executor
[0.320s] DEBUG:colcon.colcon_parallel_executor.executor.parallel:run_until_complete
[0.320s] INFO:colcon.colcon_cmake.task.cmake.build:Building CMake package in '/home/ozone/robomaster-cv/ros_ws/src/detection'
[0.322s] INFO:colcon.colcon_core.plugin_system:Skipping extension 'colcon_core.shell.bat': Not used on non-Windows systems
[0.322s] INFO:colcon.colcon_core.shell:Skip shell extension 'powershell' for command environment: Not usable outside of PowerShell
[0.322s] DEBUG:colcon.colcon_core.shell:Skip shell extension 'dsv' for command environment
[0.329s] DEBUG:colcon.colcon_core.event_handler.log_command:Invoking command in '/home/ozone/robomaster-cv/ros_ws/build/detection': /usr/bin/cmake /home/ozone/robomaster-cv/ros_ws/src/detection -DCMAKE_INSTALL_PREFIX=/home/ozone/robomaster-cv/ros_ws/install/detection
[6.800s] DEBUG:colcon.colcon_core.event_handler.log_command:Invoked command in '/home/ozone/robomaster-cv/ros_ws/build/detection' returned '1': /usr/bin/cmake /home/ozone/robomaster-cv/ros_ws/src/detection -DCMAKE_INSTALL_PREFIX=/home/ozone/robomaster-cv/ros_ws/install/detection
[6.810s] DEBUG:colcon.colcon_parallel_executor.executor.parallel:closing loop
[6.810s] DEBUG:colcon.colcon_parallel_executor.executor.parallel:loop closed
[6.810s] DEBUG:colcon.colcon_parallel_executor.executor.parallel:run_until_complete finished with '1'
[6.811s] DEBUG:colcon.colcon_core.event_reactor:joining thread
[6.847s] INFO:colcon.colcon_core.plugin_system:Skipping extension 'colcon_notification.desktop_notification.notify_send': Could not find 'notify-send'
[6.847s] INFO:colcon.colcon_core.plugin_system:Skipping extension 'colcon_notification.desktop_notification.terminal_notifier': Not used on non-Darwin systems
[6.847s] INFO:colcon.colcon_core.plugin_system:Skipping extension 'colcon_notification.desktop_notification.win32': Not used on non-Windows systems
[6.847s] INFO:colcon.colcon_notification.desktop_notification:Sending desktop notification using 'notify2'
[6.847s] DEBUG:colcon.colcon_notification.desktop_notification.notify2:Failed to initialize notify2: org.freedesktop.DBus.Error.FileNotFound: Failed to connect to socket /run/user/1000/bus: No such file or directory
[6.847s] DEBUG:colcon.colcon_core.event_reactor:joined thread
[6.848s] INFO:colcon.colcon_core.shell:Creating prefix script '/home/ozone/robomaster-cv/ros_ws/install/local_setup.ps1'
[6.848s] INFO:colcon.colcon_core.shell:Creating prefix util module '/home/ozone/robomaster-cv/ros_ws/install/_local_setup_util_ps1.py'
[6.849s] INFO:colcon.colcon_core.shell:Creating prefix chain script '/home/ozone/robomaster-cv/ros_ws/install/setup.ps1'
[6.849s] INFO:colcon.colcon_core.shell:Creating prefix script '/home/ozone/robomaster-cv/ros_ws/install/local_setup.sh'
[6.850s] INFO:colcon.colcon_core.shell:Creating prefix util module '/home/ozone/robomaster-cv/ros_ws/install/_local_setup_util_sh.py'
[6.850s] INFO:colcon.colcon_core.shell:Creating prefix chain script '/home/ozone/robomaster-cv/ros_ws/install/setup.sh'
[6.851s] INFO:colcon.colcon_core.shell:Creating prefix script '/home/ozone/robomaster-cv/ros_ws/install/local_setup.bash'
[6.851s] INFO:colcon.colcon_core.shell:Creating prefix chain script '/home/ozone/robomaster-cv/ros_ws/install/setup.bash'
[6.851s] INFO:colcon.colcon_core.shell:Creating prefix script '/home/ozone/robomaster-cv/ros_ws/install/local_setup.zsh'
[6.851s] INFO:colcon.colcon_core.shell:Creating prefix chain script '/home/ozone/robomaster-cv/ros_ws/install/setup.zsh'
