[0.011s] Invoking command in '/home/ozone/robomaster-cv/ros_ws/build/detection': /usr/bin/cmake /home/ozone/robomaster-cv/ros_ws/src/detection -DCMAKE_INSTALL_PREFIX=/home/ozone/robomaster-cv/ros_ws/install/detection
[0.233s] -- The C compiler identification is GNU 11.4.0
[0.677s] -- The CXX compiler identification is GNU 11.4.0
[0.903s] -- Detecting C compiler ABI info
[1.079s] -- Detecting C compiler ABI info - done
[1.083s] -- Check for working C compiler: /usr/bin/cc - skipped
[1.085s] -- Detecting C compile features
[1.085s] -- Detecting C compile features - done
[1.088s] -- Detecting CXX compiler ABI info
[1.209s] -- Detecting CXX compiler ABI info - done
[1.214s] -- Check for working CXX compiler: /usr/bin/c++ - skipped
[1.214s] -- Detecting CXX compile features
[1.214s] -- Detecting CXX compile features - done
[1.218s] -- Found ament_cmake_ros: 0.11.2 (/opt/ros/iron/share/ament_cmake_ros/cmake)
[1.332s] -- Found Python3: /usr/bin/python3.10 (found version "3.10.12") found components: Interpreter 
[1.414s] -- Found rclcpp: 21.0.7 (/opt/ros/iron/share/rclcpp/cmake)
[1.702s] -- Found rosidl_generator_c: 4.0.1 (/opt/ros/iron/share/rosidl_generator_c/cmake)
[1.714s] -- Found rosidl_generator_cpp: 4.0.1 (/opt/ros/iron/share/rosidl_generator_cpp/cmake)
[1.731s] -- Using all available rosidl_typesupport_c: rosidl_typesupport_fastrtps_c;rosidl_typesupport_introspection_c
[1.748s] -- Using all available rosidl_typesupport_cpp: rosidl_typesupport_fastrtps_cpp;rosidl_typesupport_introspection_cpp
[1.870s] -- Found rmw_implementation_cmake: 7.1.0 (/opt/ros/iron/share/rmw_implementation_cmake/cmake)
[1.873s] -- Found rmw_fastrtps_cpp: 7.1.4 (/opt/ros/iron/share/rmw_fastrtps_cpp/cmake)
[4.650s] -- Found OpenSSL: /usr/lib/x86_64-linux-gnu/libcrypto.so (found version "3.0.2")  
[7.580s] -- Found FastRTPS: /opt/ros/iron/include  
[13.153s] -- Using RMW implementation 'rmw_fastrtps_cpp' as default
[13.280s] -- Found rclpy: 4.1.6 (/opt/ros/iron/share/rclpy/cmake)
[13.282s] -- Found std_msgs: 5.0.1 (/opt/ros/iron/share/std_msgs/cmake)
[13.308s] -- Found sensor_msgs: 5.0.1 (/opt/ros/iron/share/sensor_msgs/cmake)
[13.408s] -- Found rosidl_default_generators: 1.5.0 (/opt/ros/iron/share/rosidl_default_generators/cmake)
[13.418s] -- Found rosidl_adapter: 4.0.1 (/opt/ros/iron/share/rosidl_adapter/cmake)
[13.424s] -- Found cv_bridge: 3.5.0 (/opt/ros/iron/share/cv_bridge/cmake)
[13.444s] -- Found OpenCV: /usr (found version "4.5.4") 
[13.444s] [0mDARKNET_PATH not set, searching for darknet in the system[0m
[14.852s] [31mCMake Error at CMakeLists.txt:30 (find_package):
[14.852s]   By not providing "FindDarknet.cmake" in CMAKE_MODULE_PATH this project has
[14.852s]   asked CMake to find a package configuration file provided by "Darknet", but
[14.852s]   CMake did not find one.
[14.852s] 
[14.852s]   Could not find a package configuration file provided by "Darknet" with any
[14.852s]   of the following names:
[14.852s] 
[14.852s]     DarknetConfig.cmake
[14.852s]     darknet-config.cmake
[14.852s] 
[14.852s]   Add the installation prefix of "Darknet" to CMAKE_PREFIX_PATH or set
[14.852s]   "Darknet_DIR" to a directory containing one of the above files.  If
[14.852s]   "Darknet" provides a separate development package or SDK, be sure it has
[14.852s]   been installed.
[14.853s] 
[14.853s] [0m
[14.853s] -- Configuring incomplete, errors occurred!
[14.853s] See also "/home/ozone/robomaster-cv/ros_ws/build/detection/CMakeFiles/CMakeOutput.log".
