[0.006s] Invoking command in '/home/ozone/robomaster-cv/ros_ws/build/serial': /usr/bin/cmake --build /home/ozone/robomaster-cv/ros_ws/build/serial -- -j16 -l16
[0.031s] [  0%] [34m[1mGenerating type hashes for ROS interfaces[0m
[0.032s] [  1%] [32mBuilding CXX object CMakeFiles/serial_interface.dir/src/serial_spinner.cpp.o[0m
[0.032s] [  2%] [32mBuilding CXX object CMakeFiles/serial_interface.dir/src/serial_interface.cpp.o[0m
[0.035s] [  2%] Built target ament_cmake_python_copy_serial
[0.139s] In file included from [01m[K/home/ozone/robomaster-cv/ros_ws/src/serial/src/serial_spinner.cpp:9[m[K:
[0.139s] [01m[K/home/ozone/robomaster-cv/ros_ws/src/serial/include/serial_spinner.hpp:20:10:[m[K [01;31m[Kfatal error: [m[Kserial/msg/game_stage.hpp: No such file or directory
[0.139s]    20 | #include [01;31m[K"serial/msg/game_stage.hpp"[m[K
[0.139s]       |          [01;31m[K^~~~~~~~~~~~~~~~~~~~~~~~~~~[m[K
[0.139s] compilation terminated.
[0.142s] gmake[2]: *** [CMakeFiles/serial_interface.dir/build.make:76: CMakeFiles/serial_interface.dir/src/serial_spinner.cpp.o] Error 1
[0.142s] gmake[2]: *** Waiting for unfinished jobs....
[0.146s] In file included from [01m[K/home/ozone/robomaster-cv/ros_ws/src/serial/src/serial_interface.cpp:13[m[K:
[0.146s] [01m[K/home/ozone/robomaster-cv/ros_ws/src/serial/include/serial_spinner.hpp:20:10:[m[K [01;31m[Kfatal error: [m[Kserial/msg/game_stage.hpp: No such file or directory
[0.146s]    20 | #include [01;31m[K"serial/msg/game_stage.hpp"[m[K
[0.146s]       |          [01;31m[K^~~~~~~~~~~~~~~~~~~~~~~~~~~[m[K
[0.146s] compilation terminated.
[0.147s] gmake[2]: *** [CMakeFiles/serial_interface.dir/build.make:90: CMakeFiles/serial_interface.dir/src/serial_interface.cpp.o] Error 1
[0.147s] gmake[1]: *** [CMakeFiles/Makefile2:623: CMakeFiles/serial_interface.dir/all] Error 2
[0.147s] gmake[1]: *** Waiting for unfinished jobs....
[0.156s] running egg_info
[0.157s] writing serial.egg-info/PKG-INFO
[0.157s] writing dependency_links to serial.egg-info/dependency_links.txt
[0.157s] writing top-level names to serial.egg-info/top_level.txt
[0.158s] reading manifest file 'serial.egg-info/SOURCES.txt'
[0.158s] writing manifest file 'serial.egg-info/SOURCES.txt'
[0.172s] [  2%] Built target ament_cmake_python_build_serial_egg
[0.289s] Traceback (most recent call last):
[0.289s]   File "/opt/ros/iron/lib/rosidl_generator_type_description/rosidl_generator_type_description", line 50, in <module>
[0.289s]     sys.exit(main())
[0.289s]   File "/opt/ros/iron/lib/rosidl_generator_type_description/rosidl_generator_type_description", line 46, in main
[0.289s]     generate_type_hash(args.generator_arguments_file)
[0.289s]   File "/opt/ros/iron/lib/python3.10/site-packages/rosidl_generator_type_description/__init__.py", line 160, in generate_type_hash
[0.290s]     pkg_dir = include_map[pkg]
[0.290s] KeyError: 'builtin_interfaces'
[0.300s] gmake[2]: *** [CMakeFiles/serial__rosidl_generator_type_description.dir/build.make:91: rosidl_generator_type_description/serial/msg/HP.json] Error 1
[0.300s] gmake[1]: *** [CMakeFiles/Makefile2:217: CMakeFiles/serial__rosidl_generator_type_description.dir/all] Error 2
[0.300s] gmake: *** [Makefile:146: all] Error 2
[0.302s] Invoked command in '/home/ozone/robomaster-cv/ros_ws/build/serial' returned '2': /usr/bin/cmake --build /home/ozone/robomaster-cv/ros_ws/build/serial -- -j16 -l16
