running egg_info
creating ../../build/tracking/tracking.egg-info
writing ../../build/tracking/tracking.egg-info/PKG-INFO
writing dependency_links to ../../build/tracking/tracking.egg-info/dependency_links.txt
writing entry points to ../../build/tracking/tracking.egg-info/entry_points.txt
writing requirements to ../../build/tracking/tracking.egg-info/requires.txt
writing top-level names to ../../build/tracking/tracking.egg-info/top_level.txt
writing manifest file '../../build/tracking/tracking.egg-info/SOURCES.txt'
reading manifest file '../../build/tracking/tracking.egg-info/SOURCES.txt'
writing manifest file '../../build/tracking/tracking.egg-info/SOURCES.txt'
running build
running build_py
creating /home/ozone/robomaster-cv/ros_ws/build/tracking/build
creating /home/ozone/robomaster-cv/ros_ws/build/tracking/build/lib
creating /home/ozone/robomaster-cv/ros_ws/build/tracking/build/lib/motpy
copying src/motpy/metrics.py -> /home/ozone/robomaster-cv/ros_ws/build/tracking/build/lib/motpy
copying src/motpy/model.py -> /home/ozone/robomaster-cv/ros_ws/build/tracking/build/lib/motpy
copying src/motpy/tracker.py -> /home/ozone/robomaster-cv/ros_ws/build/tracking/build/lib/motpy
copying src/motpy/__init__.py -> /home/ozone/robomaster-cv/ros_ws/build/tracking/build/lib/motpy
copying src/motpy/testing.py -> /home/ozone/robomaster-cv/ros_ws/build/tracking/build/lib/motpy
copying src/motpy/detector.py -> /home/ozone/robomaster-cv/ros_ws/build/tracking/build/lib/motpy
copying src/motpy/testing_viz.py -> /home/ozone/robomaster-cv/ros_ws/build/tracking/build/lib/motpy
copying src/motpy/utils.py -> /home/ozone/robomaster-cv/ros_ws/build/tracking/build/lib/motpy
copying src/motpy/core.py -> /home/ozone/robomaster-cv/ros_ws/build/tracking/build/lib/motpy
running install
running install_lib
creating /home/ozone/robomaster-cv/ros_ws/install/tracking/lib/python3.10/site-packages/motpy
copying /home/ozone/robomaster-cv/ros_ws/build/tracking/build/lib/motpy/metrics.py -> /home/ozone/robomaster-cv/ros_ws/install/tracking/lib/python3.10/site-packages/motpy
copying /home/ozone/robomaster-cv/ros_ws/build/tracking/build/lib/motpy/model.py -> /home/ozone/robomaster-cv/ros_ws/install/tracking/lib/python3.10/site-packages/motpy
copying /home/ozone/robomaster-cv/ros_ws/build/tracking/build/lib/motpy/tracker.py -> /home/ozone/robomaster-cv/ros_ws/install/tracking/lib/python3.10/site-packages/motpy
copying /home/ozone/robomaster-cv/ros_ws/build/tracking/build/lib/motpy/__init__.py -> /home/ozone/robomaster-cv/ros_ws/install/tracking/lib/python3.10/site-packages/motpy
copying /home/ozone/robomaster-cv/ros_ws/build/tracking/build/lib/motpy/testing.py -> /home/ozone/robomaster-cv/ros_ws/install/tracking/lib/python3.10/site-packages/motpy
copying /home/ozone/robomaster-cv/ros_ws/build/tracking/build/lib/motpy/detector.py -> /home/ozone/robomaster-cv/ros_ws/install/tracking/lib/python3.10/site-packages/motpy
copying /home/ozone/robomaster-cv/ros_ws/build/tracking/build/lib/motpy/testing_viz.py -> /home/ozone/robomaster-cv/ros_ws/install/tracking/lib/python3.10/site-packages/motpy
copying /home/ozone/robomaster-cv/ros_ws/build/tracking/build/lib/motpy/utils.py -> /home/ozone/robomaster-cv/ros_ws/install/tracking/lib/python3.10/site-packages/motpy
copying /home/ozone/robomaster-cv/ros_ws/build/tracking/build/lib/motpy/core.py -> /home/ozone/robomaster-cv/ros_ws/install/tracking/lib/python3.10/site-packages/motpy
byte-compiling /home/ozone/robomaster-cv/ros_ws/install/tracking/lib/python3.10/site-packages/motpy/metrics.py to metrics.cpython-310.pyc
byte-compiling /home/ozone/robomaster-cv/ros_ws/install/tracking/lib/python3.10/site-packages/motpy/model.py to model.cpython-310.pyc
byte-compiling /home/ozone/robomaster-cv/ros_ws/install/tracking/lib/python3.10/site-packages/motpy/tracker.py to tracker.cpython-310.pyc
byte-compiling /home/ozone/robomaster-cv/ros_ws/install/tracking/lib/python3.10/site-packages/motpy/__init__.py to __init__.cpython-310.pyc
byte-compiling /home/ozone/robomaster-cv/ros_ws/install/tracking/lib/python3.10/site-packages/motpy/testing.py to testing.cpython-310.pyc
byte-compiling /home/ozone/robomaster-cv/ros_ws/install/tracking/lib/python3.10/site-packages/motpy/detector.py to detector.cpython-310.pyc
byte-compiling /home/ozone/robomaster-cv/ros_ws/install/tracking/lib/python3.10/site-packages/motpy/testing_viz.py to testing_viz.cpython-310.pyc
byte-compiling /home/ozone/robomaster-cv/ros_ws/install/tracking/lib/python3.10/site-packages/motpy/utils.py to utils.cpython-310.pyc
byte-compiling /home/ozone/robomaster-cv/ros_ws/install/tracking/lib/python3.10/site-packages/motpy/core.py to core.cpython-310.pyc
running install_data
creating /home/ozone/robomaster-cv/ros_ws/install/tracking/share
creating /home/ozone/robomaster-cv/ros_ws/install/tracking/share/ament_index
creating /home/ozone/robomaster-cv/ros_ws/install/tracking/share/ament_index/resource_index
creating /home/ozone/robomaster-cv/ros_ws/install/tracking/share/ament_index/resource_index/packages
copying resource/tracking -> /home/ozone/robomaster-cv/ros_ws/install/tracking/share/ament_index/resource_index/packages
creating /home/ozone/robomaster-cv/ros_ws/install/tracking/share/tracking
copying package.xml -> /home/ozone/robomaster-cv/ros_ws/install/tracking/share/tracking
running install_egg_info
Copying ../../build/tracking/tracking.egg-info to /home/ozone/robomaster-cv/ros_ws/install/tracking/lib/python3.10/site-packages/tracking-0.2.0-py3.10.egg-info
running install_scripts
Installing tracking_node script to /home/ozone/robomaster-cv/ros_ws/install/tracking/lib/tracking
writing list of installed files to '/home/ozone/robomaster-cv/ros_ws/build/tracking/install.log'
