[0.455s] Invoking command in '/home/ozone/robomaster-cv/ros_ws/src/tracking': PYTHONPATH=/home/ozone/robomaster-cv/ros_ws/build/tracking/prefix_override:/usr/lib/python3/dist-packages/colcon_core/task/python/colcon_distutils_commands:/home/ozone/robomaster-cv/ros_ws/install/tracking/lib/python3.10/site-packages:${PYTHONPATH} /usr/bin/python3 -W ignore:setup.py install is deprecated setup.py egg_info --egg-base ../../build/tracking build --build-base /home/ozone/robomaster-cv/ros_ws/build/tracking/build install --record /home/ozone/robomaster-cv/ros_ws/build/tracking/install.log --single-version-externally-managed install_data
[0.569s] running egg_info
[0.569s] creating ../../build/tracking/tracking.egg-info
[0.570s] writing ../../build/tracking/tracking.egg-info/PKG-INFO
[0.570s] writing dependency_links to ../../build/tracking/tracking.egg-info/dependency_links.txt
[0.570s] writing entry points to ../../build/tracking/tracking.egg-info/entry_points.txt
[0.570s] writing requirements to ../../build/tracking/tracking.egg-info/requires.txt
[0.570s] writing top-level names to ../../build/tracking/tracking.egg-info/top_level.txt
[0.570s] writing manifest file '../../build/tracking/tracking.egg-info/SOURCES.txt'
[0.572s] reading manifest file '../../build/tracking/tracking.egg-info/SOURCES.txt'
[0.572s] writing manifest file '../../build/tracking/tracking.egg-info/SOURCES.txt'
[0.572s] running build
[0.572s] running build_py
[0.572s] creating /home/ozone/robomaster-cv/ros_ws/build/tracking/build
[0.573s] creating /home/ozone/robomaster-cv/ros_ws/build/tracking/build/lib
[0.573s] creating /home/ozone/robomaster-cv/ros_ws/build/tracking/build/lib/motpy
[0.573s] copying src/motpy/metrics.py -> /home/ozone/robomaster-cv/ros_ws/build/tracking/build/lib/motpy
[0.573s] copying src/motpy/model.py -> /home/ozone/robomaster-cv/ros_ws/build/tracking/build/lib/motpy
[0.573s] copying src/motpy/tracker.py -> /home/ozone/robomaster-cv/ros_ws/build/tracking/build/lib/motpy
[0.574s] copying src/motpy/__init__.py -> /home/ozone/robomaster-cv/ros_ws/build/tracking/build/lib/motpy
[0.574s] copying src/motpy/testing.py -> /home/ozone/robomaster-cv/ros_ws/build/tracking/build/lib/motpy
[0.574s] copying src/motpy/detector.py -> /home/ozone/robomaster-cv/ros_ws/build/tracking/build/lib/motpy
[0.574s] copying src/motpy/testing_viz.py -> /home/ozone/robomaster-cv/ros_ws/build/tracking/build/lib/motpy
[0.575s] copying src/motpy/utils.py -> /home/ozone/robomaster-cv/ros_ws/build/tracking/build/lib/motpy
[0.575s] copying src/motpy/core.py -> /home/ozone/robomaster-cv/ros_ws/build/tracking/build/lib/motpy
[0.575s] running install
[0.575s] running install_lib
[0.576s] creating /home/ozone/robomaster-cv/ros_ws/install/tracking/lib/python3.10/site-packages/motpy
[0.576s] copying /home/ozone/robomaster-cv/ros_ws/build/tracking/build/lib/motpy/metrics.py -> /home/ozone/robomaster-cv/ros_ws/install/tracking/lib/python3.10/site-packages/motpy
[0.576s] copying /home/ozone/robomaster-cv/ros_ws/build/tracking/build/lib/motpy/model.py -> /home/ozone/robomaster-cv/ros_ws/install/tracking/lib/python3.10/site-packages/motpy
[0.576s] copying /home/ozone/robomaster-cv/ros_ws/build/tracking/build/lib/motpy/tracker.py -> /home/ozone/robomaster-cv/ros_ws/install/tracking/lib/python3.10/site-packages/motpy
[0.576s] copying /home/ozone/robomaster-cv/ros_ws/build/tracking/build/lib/motpy/__init__.py -> /home/ozone/robomaster-cv/ros_ws/install/tracking/lib/python3.10/site-packages/motpy
[0.576s] copying /home/ozone/robomaster-cv/ros_ws/build/tracking/build/lib/motpy/testing.py -> /home/ozone/robomaster-cv/ros_ws/install/tracking/lib/python3.10/site-packages/motpy
[0.576s] copying /home/ozone/robomaster-cv/ros_ws/build/tracking/build/lib/motpy/detector.py -> /home/ozone/robomaster-cv/ros_ws/install/tracking/lib/python3.10/site-packages/motpy
[0.576s] copying /home/ozone/robomaster-cv/ros_ws/build/tracking/build/lib/motpy/testing_viz.py -> /home/ozone/robomaster-cv/ros_ws/install/tracking/lib/python3.10/site-packages/motpy
[0.576s] copying /home/ozone/robomaster-cv/ros_ws/build/tracking/build/lib/motpy/utils.py -> /home/ozone/robomaster-cv/ros_ws/install/tracking/lib/python3.10/site-packages/motpy
[0.576s] copying /home/ozone/robomaster-cv/ros_ws/build/tracking/build/lib/motpy/core.py -> /home/ozone/robomaster-cv/ros_ws/install/tracking/lib/python3.10/site-packages/motpy
[0.577s] byte-compiling /home/ozone/robomaster-cv/ros_ws/install/tracking/lib/python3.10/site-packages/motpy/metrics.py to metrics.cpython-310.pyc
[0.577s] byte-compiling /home/ozone/robomaster-cv/ros_ws/install/tracking/lib/python3.10/site-packages/motpy/model.py to model.cpython-310.pyc
[0.578s] byte-compiling /home/ozone/robomaster-cv/ros_ws/install/tracking/lib/python3.10/site-packages/motpy/tracker.py to tracker.cpython-310.pyc
[0.579s] byte-compiling /home/ozone/robomaster-cv/ros_ws/install/tracking/lib/python3.10/site-packages/motpy/__init__.py to __init__.cpython-310.pyc
[0.579s] byte-compiling /home/ozone/robomaster-cv/ros_ws/install/tracking/lib/python3.10/site-packages/motpy/testing.py to testing.cpython-310.pyc
[0.582s] byte-compiling /home/ozone/robomaster-cv/ros_ws/install/tracking/lib/python3.10/site-packages/motpy/detector.py to detector.cpython-310.pyc
[0.582s] byte-compiling /home/ozone/robomaster-cv/ros_ws/install/tracking/lib/python3.10/site-packages/motpy/testing_viz.py to testing_viz.cpython-310.pyc
[0.582s] byte-compiling /home/ozone/robomaster-cv/ros_ws/install/tracking/lib/python3.10/site-packages/motpy/utils.py to utils.cpython-310.pyc
[0.582s] byte-compiling /home/ozone/robomaster-cv/ros_ws/install/tracking/lib/python3.10/site-packages/motpy/core.py to core.cpython-310.pyc
[0.582s] running install_data
[0.582s] creating /home/ozone/robomaster-cv/ros_ws/install/tracking/share
[0.582s] creating /home/ozone/robomaster-cv/ros_ws/install/tracking/share/ament_index
[0.583s] creating /home/ozone/robomaster-cv/ros_ws/install/tracking/share/ament_index/resource_index
[0.583s] creating /home/ozone/robomaster-cv/ros_ws/install/tracking/share/ament_index/resource_index/packages
[0.583s] copying resource/tracking -> /home/ozone/robomaster-cv/ros_ws/install/tracking/share/ament_index/resource_index/packages
[0.583s] creating /home/ozone/robomaster-cv/ros_ws/install/tracking/share/tracking
[0.583s] copying package.xml -> /home/ozone/robomaster-cv/ros_ws/install/tracking/share/tracking
[0.583s] running install_egg_info
[0.585s] Copying ../../build/tracking/tracking.egg-info to /home/ozone/robomaster-cv/ros_ws/install/tracking/lib/python3.10/site-packages/tracking-0.2.0-py3.10.egg-info
[0.585s] running install_scripts
[0.597s] Installing tracking_node script to /home/ozone/robomaster-cv/ros_ws/install/tracking/lib/tracking
[0.598s] writing list of installed files to '/home/ozone/robomaster-cv/ros_ws/build/tracking/install.log'
[0.613s] Invoked command in '/home/ozone/robomaster-cv/ros_ws/src/tracking' returned '0': PYTHONPATH=/home/ozone/robomaster-cv/ros_ws/build/tracking/prefix_override:/usr/lib/python3/dist-packages/colcon_core/task/python/colcon_distutils_commands:/home/ozone/robomaster-cv/ros_ws/install/tracking/lib/python3.10/site-packages:${PYTHONPATH} /usr/bin/python3 -W ignore:setup.py install is deprecated setup.py egg_info --egg-base ../../build/tracking build --build-base /home/ozone/robomaster-cv/ros_ws/build/tracking/build install --record /home/ozone/robomaster-cv/ros_ws/build/tracking/install.log --single-version-externally-managed install_data
