-- Found ament_cmake_ros: 0.11.2 (/opt/ros/iron/share/ament_cmake_ros/cmake)
-- Found rclcpp: 21.0.7 (/opt/ros/iron/share/rclcpp/cmake)
-- Found rosidl_generator_c: 4.0.1 (/opt/ros/iron/share/rosidl_generator_c/cmake)
-- Found rosidl_generator_cpp: 4.0.1 (/opt/ros/iron/share/rosidl_generator_cpp/cmake)
-- Using all available rosidl_typesupport_c: rosidl_typesupport_fastrtps_c;rosidl_typesupport_introspection_c
-- Using all available rosidl_typesupport_cpp: rosidl_typesupport_fastrtps_cpp;rosidl_typesupport_introspection_cpp
-- Found rmw_implementation_cmake: 7.1.0 (/opt/ros/iron/share/rmw_implementation_cmake/cmake)
-- Found rmw_fastrtps_cpp: 7.1.4 (/opt/ros/iron/share/rmw_fastrtps_cpp/cmake)
-- Using RMW implementation 'rmw_fastrtps_cpp' as default
-- Found rclpy: 4.1.6 (/opt/ros/iron/share/rclpy/cmake)
-- Found std_msgs: 5.0.1 (/opt/ros/iron/share/std_msgs/cmake)
-- Found sensor_msgs: 5.0.1 (/opt/ros/iron/share/sensor_msgs/cmake)
-- Found rosidl_default_generators: 1.5.0 (/opt/ros/iron/share/rosidl_default_generators/cmake)
-- Found rosidl_adapter: 4.0.1 (/opt/ros/iron/share/rosidl_adapter/cmake)
-- Found cv_bridge: 3.5.0 (/opt/ros/iron/share/cv_bridge/cmake)
[0mDARKNET_PATH not set, searching for darknet in the system[0m
[31mCMake Error at CMakeLists.txt:30 (find_package):
  By not providing "FindDarknet.cmake" in CMAKE_MODULE_PATH this project has
  asked CMake to find a package configuration file provided by "Darknet", but
  CMake did not find one.

  Could not find a package configuration file provided by "Darknet" with any
  of the following names:

    DarknetConfig.cmake
    darknet-config.cmake

  Add the installation prefix of "Darknet" to CMAKE_PREFIX_PATH or set
  "Darknet_DIR" to a directory containing one of the above files.  If
  "Darknet" provides a separate development package or SDK, be sure it has
  been installed.

[0m
-- Configuring incomplete, errors occurred!
See also "/home/ozone/robomaster-cv/ros_ws/build/detection/CMakeFiles/CMakeOutput.log".
