[0.007s] Invoking command in '/home/ozone/robomaster-cv/ros_ws/build/detection': /usr/bin/cmake /home/ozone/robomaster-cv/ros_ws/src/detection -DCMAKE_INSTALL_PREFIX=/home/ozone/robomaster-cv/ros_ws/install/detection
[0.043s] -- Found ament_cmake_ros: 0.11.2 (/opt/ros/iron/share/ament_cmake_ros/cmake)
[0.153s] -- Found rclcpp: 21.0.7 (/opt/ros/iron/share/rclcpp/cmake)
[0.398s] -- Found rosidl_generator_c: 4.0.1 (/opt/ros/iron/share/rosidl_generator_c/cmake)
[0.407s] -- Found rosidl_generator_cpp: 4.0.1 (/opt/ros/iron/share/rosidl_generator_cpp/cmake)
[0.420s] -- Using all available rosidl_typesupport_c: rosidl_typesupport_fastrtps_c;rosidl_typesupport_introspection_c
[0.435s] -- Using all available rosidl_typesupport_cpp: rosidl_typesupport_fastrtps_cpp;rosidl_typesupport_introspection_cpp
[0.540s] -- Found rmw_implementation_cmake: 7.1.0 (/opt/ros/iron/share/rmw_implementation_cmake/cmake)
[0.541s] -- Found rmw_fastrtps_cpp: 7.1.4 (/opt/ros/iron/share/rmw_fastrtps_cpp/cmake)
[5.114s] -- Using RMW implementation 'rmw_fastrtps_cpp' as default
[5.224s] -- Found rclpy: 4.1.6 (/opt/ros/iron/share/rclpy/cmake)
[5.225s] -- Found std_msgs: 5.0.1 (/opt/ros/iron/share/std_msgs/cmake)
[5.246s] -- Found sensor_msgs: 5.0.1 (/opt/ros/iron/share/sensor_msgs/cmake)
[5.337s] -- Found rosidl_default_generators: 1.5.0 (/opt/ros/iron/share/rosidl_default_generators/cmake)
[5.344s] -- Found rosidl_adapter: 4.0.1 (/opt/ros/iron/share/rosidl_adapter/cmake)
[5.349s] -- Found cv_bridge: 3.5.0 (/opt/ros/iron/share/cv_bridge/cmake)
[5.368s] [0mDARKNET_PATH not set, searching for darknet in the system[0m
[6.470s] [31mCMake Error at CMakeLists.txt:30 (find_package):
[6.470s]   By not providing "FindDarknet.cmake" in CMAKE_MODULE_PATH this project has
[6.470s]   asked CMake to find a package configuration file provided by "Darknet", but
[6.470s]   CMake did not find one.
[6.470s] 
[6.470s]   Could not find a package configuration file provided by "Darknet" with any
[6.470s]   of the following names:
[6.470s] 
[6.470s]     DarknetConfig.cmake
[6.470s]     darknet-config.cmake
[6.470s] 
[6.470s]   Add the installation prefix of "Darknet" to CMAKE_PREFIX_PATH or set
[6.470s]   "Darknet_DIR" to a directory containing one of the above files.  If
[6.470s]   "Darknet" provides a separate development package or SDK, be sure it has
[6.470s]   been installed.
[6.470s] 
[6.470s] [0m
[6.470s] -- Configuring incomplete, errors occurred!
[6.470s] See also "/home/ozone/robomaster-cv/ros_ws/build/detection/CMakeFiles/CMakeOutput.log".
[6.478s] Invoked command in '/home/ozone/robomaster-cv/ros_ws/build/detection' returned '1': /usr/bin/cmake /home/ozone/robomaster-cv/ros_ws/src/detection -DCMAKE_INSTALL_PREFIX=/home/ozone/robomaster-cv/ros_ws/install/detection
