In file included from [01m[K/home/ozone/robomaster-cv/ros_ws/src/serial/src/serial_spinner.cpp:9[m[K:
[01m[K/home/ozone/robomaster-cv/ros_ws/src/serial/include/serial_spinner.hpp:20:10:[m[K [01;31m[Kfatal error: [m[Kserial/msg/game_stage.hpp: No such file or directory
   20 | #include [01;31m[K"serial/msg/game_stage.hpp"[m[K
      |          [01;31m[K^~~~~~~~~~~~~~~~~~~~~~~~~~~[m[K
compilation terminated.
In file included from [01m[K/home/ozone/robomaster-cv/ros_ws/src/serial/src/serial_interface.cpp:13[m[K:
[01m[K/home/ozone/robomaster-cv/ros_ws/src/serial/include/serial_spinner.hpp:20:10:[m[K [01;31m[Kfatal error: [m[Kserial/msg/game_stage.hpp: No such file or directory
   20 | #include [01;31m[K"serial/msg/game_stage.hpp"[m[K
      |          [01;31m[K^~~~~~~~~~~~~~~~~~~~~~~~~~~[m[K
compilation terminated.
gmake[2]: *** [CMakeFiles/serial_interface.dir/build.make:76: CMakeFiles/serial_interface.dir/src/serial_spinner.cpp.o] Error 1
gmake[2]: *** Waiting for unfinished jobs....
gmake[2]: *** [CMakeFiles/serial_interface.dir/build.make:90: CMakeFiles/serial_interface.dir/src/serial_interface.cpp.o] Error 1
gmake[1]: *** [CMakeFiles/Makefile2:623: CMakeFiles/serial_interface.dir/all] Error 2
gmake[1]: *** Waiting for unfinished jobs....
Traceback (most recent call last):
  File "/opt/ros/iron/lib/rosidl_generator_type_description/rosidl_generator_type_description", line 50, in <module>
    sys.exit(main())
  File "/opt/ros/iron/lib/rosidl_generator_type_description/rosidl_generator_type_description", line 46, in main
    generate_type_hash(args.generator_arguments_file)
  File "/opt/ros/iron/lib/python3.10/site-packages/rosidl_generator_type_description/__init__.py", line 160, in generate_type_hash
    pkg_dir = include_map[pkg]
KeyError: 'builtin_interfaces'
gmake[2]: *** [CMakeFiles/serial__rosidl_generator_type_description.dir/build.make:91: rosidl_generator_type_description/serial/msg/HP.json] Error 1
gmake[1]: *** [CMakeFiles/Makefile2:217: CMakeFiles/serial__rosidl_generator_type_description.dir/all] Error 2
gmake: *** [Makefile:146: all] Error 2
