-- Found ament_cmake_ros: 0.11.2 (/opt/ros/iron/share/ament_cmake_ros/cmake)
-- Found Python3: /usr/bin/python3.10 (found version "3.10.12") found components: Interpreter 
-- Found rclcpp: 21.0.7 (/opt/ros/iron/share/rclcpp/cmake)
-- Found rosidl_generator_c: 4.0.1 (/opt/ros/iron/share/rosidl_generator_c/cmake)
-- Found rosidl_generator_cpp: 4.0.1 (/opt/ros/iron/share/rosidl_generator_cpp/cmake)
-- Using all available rosidl_typesupport_c: rosidl_typesupport_fastrtps_c;rosidl_typesupport_introspection_c
-- Using all available rosidl_typesupport_cpp: rosidl_typesupport_fastrtps_cpp;rosidl_typesupport_introspection_cpp
-- Found rmw_implementation_cmake: 7.1.0 (/opt/ros/iron/share/rmw_implementation_cmake/cmake)
-- Found rmw_fastrtps_cpp: 7.1.4 (/opt/ros/iron/share/rmw_fastrtps_cpp/cmake)
-- Found OpenSSL: /usr/lib/x86_64-linux-gnu/libcrypto.so (found version "3.0.2")  
-- Found FastRTPS: /opt/ros/iron/include  
-- Using RMW implementation 'rmw_fastrtps_cpp' as default
-- Found std_msgs: 5.0.1 (/opt/ros/iron/share/std_msgs/cmake)
-- Found rosidl_default_generators: 1.5.0 (/opt/ros/iron/share/rosidl_default_generators/cmake)
-- Found rosidl_adapter: 4.0.1 (/opt/ros/iron/share/rosidl_adapter/cmake)
-- Using all available rosidl_typesupport_c: rosidl_typesupport_fastrtps_c;rosidl_typesupport_introspection_c
-- Using all available rosidl_typesupport_cpp: rosidl_typesupport_fastrtps_cpp;rosidl_typesupport_introspection_cpp
-- Found PythonInterp: /usr/bin/python3 (found suitable version "3.10.12", minimum required is "3.6") 
-- Found python_cmake_module: 0.10.2 (/opt/ros/iron/share/python_cmake_module/cmake)
-- Found PythonLibs: /usr/lib/x86_64-linux-gnu/libpython3.10.so (found suitable version "3.10.12", minimum required is "3.5") 
-- Using PYTHON_EXECUTABLE: /usr/bin/python3
-- Using PYTHON_INCLUDE_DIRS: /usr/include/python3.10
-- Using PYTHON_LIBRARIES: /usr/lib/x86_64-linux-gnu/libpython3.10.so
-- Found PythonExtra: .so  
-- Configuring done
-- Generating done
-- Build files have been written to: /home/ozone/robomaster-cv/ros_ws/build/serial
[  0%] [34m[1mGenerating type hashes for ROS interfaces[0m
[  1%] [32mBuilding CXX object CMakeFiles/serial_interface.dir/src/serial_spinner.cpp.o[0m
[  2%] [32mBuilding CXX object CMakeFiles/serial_interface.dir/src/serial_interface.cpp.o[0m
[  2%] Built target ament_cmake_python_copy_serial
running egg_info
creating serial.egg-info
writing serial.egg-info/PKG-INFO
writing dependency_links to serial.egg-info/dependency_links.txt
writing top-level names to serial.egg-info/top_level.txt
writing manifest file 'serial.egg-info/SOURCES.txt'
reading manifest file 'serial.egg-info/SOURCES.txt'
writing manifest file 'serial.egg-info/SOURCES.txt'
[  2%] Built target ament_cmake_python_build_serial_egg
In file included from [01m[K/home/ozone/robomaster-cv/ros_ws/src/serial/src/serial_spinner.cpp:9[m[K:
[01m[K/home/ozone/robomaster-cv/ros_ws/src/serial/include/serial_spinner.hpp:20:10:[m[K [01;31m[Kfatal error: [m[Kserial/msg/game_stage.hpp: No such file or directory
   20 | #include [01;31m[K"serial/msg/game_stage.hpp"[m[K
      |          [01;31m[K^~~~~~~~~~~~~~~~~~~~~~~~~~~[m[K
compilation terminated.
In file included from [01m[K/home/ozone/robomaster-cv/ros_ws/src/serial/src/serial_interface.cpp:13[m[K:
[01m[K/home/ozone/robomaster-cv/ros_ws/src/serial/include/serial_spinner.hpp:20:10:[m[K [01;31m[Kfatal error: [m[Kserial/msg/game_stage.hpp: No such file or directory
   20 | #include [01;31m[K"serial/msg/game_stage.hpp"[m[K
      |          [01;31m[K^~~~~~~~~~~~~~~~~~~~~~~~~~~[m[K
compilation terminated.
gmake[2]: *** [CMakeFiles/serial_interface.dir/build.make:76: CMakeFiles/serial_interface.dir/src/serial_spinner.cpp.o] Error 1
gmake[2]: *** Waiting for unfinished jobs....
gmake[2]: *** [CMakeFiles/serial_interface.dir/build.make:90: CMakeFiles/serial_interface.dir/src/serial_interface.cpp.o] Error 1
gmake[1]: *** [CMakeFiles/Makefile2:623: CMakeFiles/serial_interface.dir/all] Error 2
gmake[1]: *** Waiting for unfinished jobs....
Traceback (most recent call last):
  File "/opt/ros/iron/lib/rosidl_generator_type_description/rosidl_generator_type_description", line 50, in <module>
    sys.exit(main())
  File "/opt/ros/iron/lib/rosidl_generator_type_description/rosidl_generator_type_description", line 46, in main
    generate_type_hash(args.generator_arguments_file)
  File "/opt/ros/iron/lib/python3.10/site-packages/rosidl_generator_type_description/__init__.py", line 160, in generate_type_hash
    pkg_dir = include_map[pkg]
KeyError: 'builtin_interfaces'
gmake[2]: *** [CMakeFiles/serial__rosidl_generator_type_description.dir/build.make:91: rosidl_generator_type_description/serial/msg/HP.json] Error 1
gmake[1]: *** [CMakeFiles/Makefile2:217: CMakeFiles/serial__rosidl_generator_type_description.dir/all] Error 2
gmake: *** [Makefile:146: all] Error 2
