[0.141s] Invoking command in '/home/ozone/robomaster-cv/ros_ws/build/serial': CMAKE_PREFIX_PATH=/home/ozone/robomaster-cv/ros_ws/install/polystar_msgs LD_LIBRARY_PATH=/home/ozone/robomaster-cv/ros_ws/install/polystar_msgs/lib:${LD_LIBRARY_PATH} PYTHONPATH=/home/ozone/robomaster-cv/ros_ws/install/polystar_msgs/lib/python3.10/site-packages:${PYTHONPATH} /usr/bin/cmake --build /home/ozone/robomaster-cv/ros_ws/build/serial -- -j16 -l16
[0.152s] -- Found ament_cmake_ros: 0.11.2 (/opt/ros/iron/share/ament_cmake_ros/cmake)
[0.235s] -- Found rclcpp: 21.0.7 (/opt/ros/iron/share/rclcpp/cmake)
[0.367s] -- Found rosidl_generator_c: 4.0.1 (/opt/ros/iron/share/rosidl_generator_c/cmake)
[0.372s] -- Found rosidl_generator_cpp: 4.0.1 (/opt/ros/iron/share/rosidl_generator_cpp/cmake)
[0.380s] -- Using all available rosidl_typesupport_c: rosidl_typesupport_fastrtps_c;rosidl_typesupport_introspection_c
[0.389s] -- Using all available rosidl_typesupport_cpp: rosidl_typesupport_fastrtps_cpp;rosidl_typesupport_introspection_cpp
[0.478s] -- Found rmw_implementation_cmake: 7.1.0 (/opt/ros/iron/share/rmw_implementation_cmake/cmake)
[0.479s] -- Found rmw_fastrtps_cpp: 7.1.4 (/opt/ros/iron/share/rmw_fastrtps_cpp/cmake)
[5.513s] -- Using RMW implementation 'rmw_fastrtps_cpp' as default
[5.606s] -- Found polystar_msgs: 0.1.0 (/home/ozone/robomaster-cv/ros_ws/install/polystar_msgs/share/polystar_msgs/cmake)
[5.622s] -- Found std_msgs: 5.0.1 (/opt/ros/iron/share/std_msgs/cmake)
[5.640s] -- Found rosidl_default_generators: 1.5.0 (/opt/ros/iron/share/rosidl_default_generators/cmake)
[5.644s] -- Found rosidl_adapter: 4.0.1 (/opt/ros/iron/share/rosidl_adapter/cmake)
[5.647s] [31mCMake Error at CMakeLists.txt:36 (target_include_directories):
[5.647s]   target_include_directories called with invalid arguments
[5.647s] 
[5.648s] [0m
[5.648s] [31mCMake Error at /opt/ros/iron/share/ament_cmake_target_dependencies/cmake/ament_target_dependencies.cmake:77 (message):
[5.648s]   ament_target_dependencies() the passed package name 'rclcpp::rclcpp' was
[5.648s]   not found before
[5.648s] Call Stack (most recent call first):
[5.648s]   CMakeLists.txt:47 (ament_target_dependencies)
[5.648s] 
[5.648s] [0m
[5.648s] -- Configuring incomplete, errors occurred!
[5.648s] See also "/home/ozone/robomaster-cv/ros_ws/build/serial/CMakeFiles/CMakeOutput.log".
[5.652s] gmake: *** [Makefile:245: cmake_check_build_system] Error 1
[5.653s] Invoked command in '/home/ozone/robomaster-cv/ros_ws/build/serial' returned '2': CMAKE_PREFIX_PATH=/home/ozone/robomaster-cv/ros_ws/install/polystar_msgs LD_LIBRARY_PATH=/home/ozone/robomaster-cv/ros_ws/install/polystar_msgs/lib:${LD_LIBRARY_PATH} PYTHONPATH=/home/ozone/robomaster-cv/ros_ws/install/polystar_msgs/lib/python3.10/site-packages:${PYTHONPATH} /usr/bin/cmake --build /home/ozone/robomaster-cv/ros_ws/build/serial -- -j16 -l16
